Archive member included to satisfy reference by file (symbol)

c:/program files (x86)/atmel/studio/7.0/toolchain/arm/arm-gnu-toolchain/bin/../lib/gcc/arm-none-eabi/6.3.1/thumb/v6-m\libgcc.a(_udivsi3.o)
                              src/ASF/thirdparty/freertos/freertos-10.0.0/Source/portable/GCC/ARM_CM0/port.o (__aeabi_uidiv)
c:/program files (x86)/atmel/studio/7.0/toolchain/arm/arm-gnu-toolchain/bin/../lib/gcc/arm-none-eabi/6.3.1/thumb/v6-m\libgcc.a(_dvmd_tls.o)
                              c:/program files (x86)/atmel/studio/7.0/toolchain/arm/arm-gnu-toolchain/bin/../lib/gcc/arm-none-eabi/6.3.1/thumb/v6-m\libgcc.a(_udivsi3.o) (__aeabi_idiv0)
c:/program files (x86)/atmel/studio/7.0/toolchain/arm/arm-gnu-toolchain/bin/../lib/gcc/arm-none-eabi/6.3.1/../../../../arm-none-eabi/lib/thumb/v6-m\libc_nano.a(lib_a-exit.o)
                              c:/program files (x86)/atmel/studio/7.0/toolchain/arm/arm-gnu-toolchain/bin/../lib/gcc/arm-none-eabi/6.3.1/../../../../arm-none-eabi/lib/thumb/v6-m/crt0.o (exit)
c:/program files (x86)/atmel/studio/7.0/toolchain/arm/arm-gnu-toolchain/bin/../lib/gcc/arm-none-eabi/6.3.1/../../../../arm-none-eabi/lib/thumb/v6-m\libc_nano.a(lib_a-impure.o)
                              c:/program files (x86)/atmel/studio/7.0/toolchain/arm/arm-gnu-toolchain/bin/../lib/gcc/arm-none-eabi/6.3.1/../../../../arm-none-eabi/lib/thumb/v6-m\libc_nano.a(lib_a-exit.o) (_global_impure_ptr)
c:/program files (x86)/atmel/studio/7.0/toolchain/arm/arm-gnu-toolchain/bin/../lib/gcc/arm-none-eabi/6.3.1/../../../../arm-none-eabi/lib/thumb/v6-m\libc_nano.a(lib_a-init.o)
                              c:/program files (x86)/atmel/studio/7.0/toolchain/arm/arm-gnu-toolchain/bin/../lib/gcc/arm-none-eabi/6.3.1/../../../../arm-none-eabi/lib/thumb/v6-m/crt0.o (__libc_init_array)
c:/program files (x86)/atmel/studio/7.0/toolchain/arm/arm-gnu-toolchain/bin/../lib/gcc/arm-none-eabi/6.3.1/../../../../arm-none-eabi/lib/thumb/v6-m\libc_nano.a(lib_a-memcpy-stub.o)
                              src/ASF/thirdparty/freertos/freertos-10.0.0/Source/queue.o (memcpy)
c:/program files (x86)/atmel/studio/7.0/toolchain/arm/arm-gnu-toolchain/bin/../lib/gcc/arm-none-eabi/6.3.1/../../../../arm-none-eabi/lib/thumb/v6-m\libc_nano.a(lib_a-memset.o)
                              c:/program files (x86)/atmel/studio/7.0/toolchain/arm/arm-gnu-toolchain/bin/../lib/gcc/arm-none-eabi/6.3.1/../../../../arm-none-eabi/lib/thumb/v6-m/crt0.o (memset)

Discarded input sections

 .text          0x00000000        0x0 c:/program files (x86)/atmel/studio/7.0/toolchain/arm/arm-gnu-toolchain/bin/../lib/gcc/arm-none-eabi/6.3.1/thumb/v6-m/crti.o
 .data          0x00000000        0x0 c:/program files (x86)/atmel/studio/7.0/toolchain/arm/arm-gnu-toolchain/bin/../lib/gcc/arm-none-eabi/6.3.1/thumb/v6-m/crti.o
 .bss           0x00000000        0x0 c:/program files (x86)/atmel/studio/7.0/toolchain/arm/arm-gnu-toolchain/bin/../lib/gcc/arm-none-eabi/6.3.1/thumb/v6-m/crti.o
 .data          0x00000000        0x4 c:/program files (x86)/atmel/studio/7.0/toolchain/arm/arm-gnu-toolchain/bin/../lib/gcc/arm-none-eabi/6.3.1/thumb/v6-m/crtbegin.o
 .text          0x00000000       0x78 c:/program files (x86)/atmel/studio/7.0/toolchain/arm/arm-gnu-toolchain/bin/../lib/gcc/arm-none-eabi/6.3.1/../../../../arm-none-eabi/lib/thumb/v6-m/crt0.o
 .data          0x00000000        0x0 c:/program files (x86)/atmel/studio/7.0/toolchain/arm/arm-gnu-toolchain/bin/../lib/gcc/arm-none-eabi/6.3.1/../../../../arm-none-eabi/lib/thumb/v6-m/crt0.o
 .bss           0x00000000        0x0 c:/program files (x86)/atmel/studio/7.0/toolchain/arm/arm-gnu-toolchain/bin/../lib/gcc/arm-none-eabi/6.3.1/../../../../arm-none-eabi/lib/thumb/v6-m/crt0.o
 .ARM.extab     0x00000000        0x0 c:/program files (x86)/atmel/studio/7.0/toolchain/arm/arm-gnu-toolchain/bin/../lib/gcc/arm-none-eabi/6.3.1/../../../../arm-none-eabi/lib/thumb/v6-m/crt0.o
 .ARM.exidx     0x00000000        0x8 c:/program files (x86)/atmel/studio/7.0/toolchain/arm/arm-gnu-toolchain/bin/../lib/gcc/arm-none-eabi/6.3.1/../../../../arm-none-eabi/lib/thumb/v6-m/crt0.o
 .ARM.attributes
                0x00000000       0x1b c:/program files (x86)/atmel/studio/7.0/toolchain/arm/arm-gnu-toolchain/bin/../lib/gcc/arm-none-eabi/6.3.1/../../../../arm-none-eabi/lib/thumb/v6-m/crt0.o
 .group         0x00000000        0x8 src/ASF/thirdparty/freertos/freertos-10.0.0/Source/croutine.o
 .group         0x00000000        0x8 src/ASF/thirdparty/freertos/freertos-10.0.0/Source/croutine.o
 .group         0x00000000        0x8 src/ASF/thirdparty/freertos/freertos-10.0.0/Source/croutine.o
 .group         0x00000000        0x8 src/ASF/thirdparty/freertos/freertos-10.0.0/Source/croutine.o
 .group         0x00000000        0x8 src/ASF/thirdparty/freertos/freertos-10.0.0/Source/croutine.o
 .group         0x00000000        0x8 src/ASF/thirdparty/freertos/freertos-10.0.0/Source/croutine.o
[...]
Memory Configuration

Name             Origin             Length             Attributes
rom              0x00000000         0x00040000         xr
ram              0x20000000         0x00008000         xrw
*default*        0x00000000         0xffffffff

Linker script and memory map

LOAD c:/program files (x86)/atmel/studio/7.0/toolchain/arm/arm-gnu-toolchain/bin/../lib/gcc/arm-none-eabi/6.3.1/thumb/v6-m/crti.o
LOAD c:/program files (x86)/atmel/studio/7.0/toolchain/arm/arm-gnu-toolchain/bin/../lib/gcc/arm-none-eabi/6.3.1/thumb/v6-m/crtbegin.o
LOAD c:/program files (x86)/atmel/studio/7.0/toolchain/arm/arm-gnu-toolchain/bin/../lib/gcc/arm-none-eabi/6.3.1/../../../../arm-none-eabi/lib/thumb/v6-m/crt0.o
LOAD src/ASF/thirdparty/freertos/freertos-10.0.0/Source/croutine.o
LOAD src/ASF/thirdparty/freertos/freertos-10.0.0/Source/event_groups.o
LOAD src/ASF/thirdparty/freertos/freertos-10.0.0/Source/portable/GCC/ARM_CM0/port.o
LOAD src/ASF/thirdparty/freertos/freertos-10.0.0/Source/portable/MemMang/heap_1.o
LOAD src/ASF/thirdparty/freertos/freertos-10.0.0/Source/list.o
LOAD src/ASF/thirdparty/freertos/freertos-10.0.0/Source/queue.o
LOAD src/ASF/thirdparty/freertos/freertos-10.0.0/Source/stream_buffer.o
LOAD src/ASF/thirdparty/freertos/freertos-10.0.0/Source/tasks.o
LOAD src/ASF/thirdparty/freertos/freertos-10.0.0/Source/timers.o
LOAD src/ASF/common/utils/interrupt/interrupt_sam_nvic.o
LOAD src/ASF/sam0/boards/samw25_xplained_pro/board_init.o
LOAD src/ASF/sam0/drivers/port/port.o
LOAD src/ASF/sam0/drivers/system/clock/clock_samd21_r21_da_ha1/clock.o
LOAD src/ASF/sam0/drivers/system/clock/clock_samd21_r21_da_ha1/gclk.o
LOAD src/ASF/sam0/drivers/system/interrupt/system_interrupt.o
LOAD src/ASF/sam0/drivers/system/pinmux/pinmux.o
LOAD src/ASF/sam0/drivers/system/system.o
LOAD src/ASF/sam0/utils/cmsis/samd21/source/gcc/startup_samd21.o
LOAD src/ASF/sam0/utils/cmsis/samd21/source/system_samd21.o
LOAD src/ASF/sam0/utils/syscalls/gcc/syscalls.o
LOAD src/main.o
START GROUP
LOAD ../src/ASF/thirdparty/CMSIS/Lib/GCC\libarm_cortexM0l_math.a
LOAD c:/program files (x86)/atmel/studio/7.0/toolchain/arm/arm-gnu-toolchain/bin/../lib/gcc/arm-none-eabi/6.3.1/../../../../arm-none-eabi/lib/thumb/v6-m\libm.a
END GROUP
START GROUP
LOAD c:/program files (x86)/atmel/studio/7.0/toolchain/arm/arm-gnu-toolchain/bin/../lib/gcc/arm-none-eabi/6.3.1/thumb/v6-m\libgcc.a
LOAD c:/program files (x86)/atmel/studio/7.0/toolchain/arm/arm-gnu-toolchain/bin/../lib/gcc/arm-none-eabi/6.3.1/../../../../arm-none-eabi/lib/thumb/v6-m\libc_nano.a
END GROUP
START GROUP
LOAD c:/program files (x86)/atmel/studio/7.0/toolchain/arm/arm-gnu-toolchain/bin/../lib/gcc/arm-none-eabi/6.3.1/thumb/v6-m\libgcc.a
LOAD c:/program files (x86)/atmel/studio/7.0/toolchain/arm/arm-gnu-toolchain/bin/../lib/gcc/arm-none-eabi/6.3.1/../../../../arm-none-eabi/lib/thumb/v6-m\libc_nano.a
END GROUP
LOAD c:/program files (x86)/atmel/studio/7.0/toolchain/arm/arm-gnu-toolchain/bin/../lib/gcc/arm-none-eabi/6.3.1/thumb/v6-m/crtend.o
LOAD c:/program files (x86)/atmel/studio/7.0/toolchain/arm/arm-gnu-toolchain/bin/../lib/gcc/arm-none-eabi/6.3.1/thumb/v6-m/crtn.o
                0x00002000                STACK_SIZE = DEFINED (STACK_SIZE)?STACK_SIZE:DEFINED (__stack_size__)?__stack_size__:0x2000

.text           0x00000000     0x2328
                0x00000000                . = ALIGN (0x4)
                0x00000000                _sfixed = .
 *(.vectors .vectors.*)
 .vectors       0x00000000       0xb4 src/ASF/sam0/utils/cmsis/samd21/source/gcc/startup_samd21.o
                0x00000000                exception_table
 *(.text .text.* .gnu.linkonce.t.*)
 .text          0x000000b4       0x60 c:/program files (x86)/atmel/studio/7.0/toolchain/arm/arm-gnu-toolchain/bin/../lib/gcc/arm-none-eabi/6.3.1/thumb/v6-m/crtbegin.o
 .text.prvTaskExitError
                0x00000114       0x24 src/ASF/thirdparty/freertos/freertos-10.0.0/Source/portable/GCC/ARM_CM0/port.o
 *fill*         0x00000138        0x8 
 .text.vPortStartFirstTask
                0x00000140       0x34 src/ASF/thirdparty/freertos/freertos-10.0.0/Source/portable/GCC/ARM_CM0/port.o
 .text.pxPortInitialiseStack
                0x00000174       0x20 src/ASF/thirdparty/freertos/freertos-10.0.0/Source/portable/GCC/ARM_CM0/port.o
                0x00000174                pxPortInitialiseStack
 .text.SVC_Handler
                0x00000194        0x2 src/ASF/thirdparty/freertos/freertos-10.0.0/Source/portable/GCC/ARM_CM0/port.o
                0x00000194                SVC_Handler
 *fill*         0x00000196        0x2 
 .text.xPortStartScheduler
                0x00000198       0x78 src/ASF/thirdparty/freertos/freertos-10.0.0/Source/portable/GCC/ARM_CM0/port.o
                0x00000198                xPortStartScheduler
 .text.vPortYield
                0x00000210       0x18 src/ASF/thirdparty/freertos/freertos-10.0.0/Source/portable/GCC/ARM_CM0/port.o
                0x00000210                vPortYield
 .text.vPortEnterCritical
                0x00000228       0x18 src/ASF/thirdparty/freertos/freertos-10.0.0/Source/portable/GCC/ARM_CM0/port.o
                0x00000228                vPortEnterCritical
 .text.vPortExitCritical
                0x00000240       0x20 src/ASF/thirdparty/freertos/freertos-10.0.0/Source/portable/GCC/ARM_CM0/port.o
                0x00000240                vPortExitCritical
 .text.ulSetInterruptMaskFromISR
                0x00000260        0x8 src/ASF/thirdparty/freertos/freertos-10.0.0/Source/portable/GCC/ARM_CM0/port.o
                0x00000260                ulSetInterruptMaskFromISR
 .text.vClearInterruptMaskFromISR
                0x00000268        0x6 src/ASF/thirdparty/freertos/freertos-10.0.0/Source/portable/GCC/ARM_CM0/port.o
                0x00000268                vClearInterruptMaskFromISR
 *fill*         0x0000026e        0x2 
 .text.PendSV_Handler
                0x00000270       0x44 src/ASF/thirdparty/freertos/freertos-10.0.0/Source/portable/GCC/ARM_CM0/port.o
                0x00000270                PendSV_Handler
 .text.SysTick_Handler
                0x000002b4       0x30 src/ASF/thirdparty/freertos/freertos-10.0.0/Source/portable/GCC/ARM_CM0/port.o
                0x000002b4                SysTick_Handler
 .text.pvPortMalloc
                0x000002e4       0x78 src/ASF/thirdparty/freertos/freertos-10.0.0/Source/portable/MemMang/heap_1.o
                0x000002e4                pvPortMalloc
 .text.vPortFree
                0x0000035c        0xa src/ASF/thirdparty/freertos/freertos-10.0.0/Source/portable/MemMang/heap_1.o
                0x0000035c                vPortFree
 .text.vListInitialise
                0x00000366       0x16 src/ASF/thirdparty/freertos/freertos-10.0.0/Source/list.o
                0x00000366                vListInitialise
 .text.vListInitialiseItem
                0x0000037c        0x6 src/ASF/thirdparty/freertos/freertos-10.0.0/Source/list.o
                0x0000037c                vListInitialiseItem
 .text.vListInsertEnd
                0x00000382       0x18 src/ASF/thirdparty/freertos/freertos-10.0.0/Source/list.o
                0x00000382                vListInsertEnd
 .text.vListInsert
                0x0000039a       0x2e src/ASF/thirdparty/freertos/freertos-10.0.0/Source/list.o
                0x0000039a                vListInsert
 .text.uxListRemove
                0x000003c8       0x28 src/ASF/thirdparty/freertos/freertos-10.0.0/Source/list.o
                0x000003c8                uxListRemove
 .text.prvIsQueueEmpty
                0x000003f0       0x1c src/ASF/thirdparty/freertos/freertos-10.0.0/Source/queue.o
 .text.prvCopyDataToQueue
                0x0000040c       0x7c src/ASF/thirdparty/freertos/freertos-10.0.0/Source/queue.o
 .text.prvNotifyQueueSetContainer
                0x00000488       0x68 src/ASF/thirdparty/freertos/freertos-10.0.0/Source/queue.o
 .text.prvCopyDataFromQueue
                0x000004f0       0x28 src/ASF/thirdparty/freertos/freertos-10.0.0/Source/queue.o
 .text.prvUnlockQueue
                0x00000518       0xb0 src/ASF/thirdparty/freertos/freertos-10.0.0/Source/queue.o
 .text.xQueueGenericReset
                0x000005c8       0x7c src/ASF/thirdparty/freertos/freertos-10.0.0/Source/queue.o
                0x000005c8                xQueueGenericReset
 .text.xQueueGenericCreate
                0x00000644       0x4c src/ASF/thirdparty/freertos/freertos-10.0.0/Source/queue.o
                0x00000644                xQueueGenericCreate
 .text.xQueueGenericSend
                0x00000690      0x18c src/ASF/thirdparty/freertos/freertos-10.0.0/Source/queue.o
                0x00000690                xQueueGenericSend
 .text.xQueueGenericSendFromISR
                0x0000081c       0xd0 src/ASF/thirdparty/freertos/freertos-10.0.0/Source/queue.o
                0x0000081c                xQueueGenericSendFromISR
 .text.xQueueReceive
                0x000008ec      0x154 src/ASF/thirdparty/freertos/freertos-10.0.0/Source/queue.o
                0x000008ec                xQueueReceive
 .text.vQueueWaitForMessageRestricted
                0x00000a40       0x60 src/ASF/thirdparty/freertos/freertos-10.0.0/Source/queue.o
                0x00000a40                vQueueWaitForMessageRestricted
 .text.prvResetNextTaskUnblockTime
                0x00000aa0       0x2c src/ASF/thirdparty/freertos/freertos-10.0.0/Source/tasks.o
 .text.prvIdleTask
                0x00000acc       0x80 src/ASF/thirdparty/freertos/freertos-10.0.0/Source/tasks.o
 .text.prvAddCurrentTaskToDelayedList
                0x00000b4c       0x88 src/ASF/thirdparty/freertos/freertos-10.0.0/Source/tasks.o
 .text.xTaskCreate
                0x00000bd4      0x1ec src/ASF/thirdparty/freertos/freertos-10.0.0/Source/tasks.o
                0x00000bd4                xTaskCreate
 .text.vTaskStartScheduler
                0x00000dc0       0x70 src/ASF/thirdparty/freertos/freertos-10.0.0/Source/tasks.o
                0x00000dc0                vTaskStartScheduler
 .text.vTaskSuspendAll
                0x00000e30       0x10 src/ASF/thirdparty/freertos/freertos-10.0.0/Source/tasks.o
                0x00000e30                vTaskSuspendAll
 .text.xTaskGetTickCount
                0x00000e40        0xc src/ASF/thirdparty/freertos/freertos-10.0.0/Source/tasks.o
                0x00000e40                xTaskGetTickCount
 .text.xTaskIncrementTick
                0x00000e4c      0x120 src/ASF/thirdparty/freertos/freertos-10.0.0/Source/tasks.o
                0x00000e4c                xTaskIncrementTick
 .text.xTaskResumeAll
                0x00000f6c      0x100 src/ASF/thirdparty/freertos/freertos-10.0.0/Source/tasks.o
                0x00000f6c                xTaskResumeAll
 .text.vTaskDelay
                0x0000106c       0x40 src/ASF/thirdparty/freertos/freertos-10.0.0/Source/tasks.o
                0x0000106c                vTaskDelay
 .text.vTaskSwitchContext
                0x000010ac       0xbc src/ASF/thirdparty/freertos/freertos-10.0.0/Source/tasks.o
                0x000010ac                vTaskSwitchContext
 .text.vTaskPlaceOnEventList
                0x00001168       0x2c src/ASF/thirdparty/freertos/freertos-10.0.0/Source/tasks.o
                0x00001168                vTaskPlaceOnEventList
 .text.vTaskPlaceOnEventListRestricted
                0x00001194       0x38 src/ASF/thirdparty/freertos/freertos-10.0.0/Source/tasks.o
                0x00001194                vTaskPlaceOnEventListRestricted
 .text.xTaskRemoveFromEventList
                0x000011cc       0x88 src/ASF/thirdparty/freertos/freertos-10.0.0/Source/tasks.o
                0x000011cc                xTaskRemoveFromEventList
 .text.vTaskInternalSetTimeOutState
                0x00001254       0x18 src/ASF/thirdparty/freertos/freertos-10.0.0/Source/tasks.o
                0x00001254                vTaskInternalSetTimeOutState
 .text.xTaskCheckForTimeOut
                0x0000126c       0x70 src/ASF/thirdparty/freertos/freertos-10.0.0/Source/tasks.o
                0x0000126c                xTaskCheckForTimeOut
 .text.vTaskMissedYield
                0x000012dc        0xc src/ASF/thirdparty/freertos/freertos-10.0.0/Source/tasks.o
                0x000012dc                vTaskMissedYield
 .text.xTaskGetSchedulerState
                0x000012e8       0x20 src/ASF/thirdparty/freertos/freertos-10.0.0/Source/tasks.o
                0x000012e8                xTaskGetSchedulerState
 .text.xTaskPriorityDisinherit
                0x00001308       0x7c src/ASF/thirdparty/freertos/freertos-10.0.0/Source/tasks.o
                0x00001308                xTaskPriorityDisinherit
 .text.prvInsertTimerInActiveList
                0x00001384       0x48 src/ASF/thirdparty/freertos/freertos-10.0.0/Source/timers.o
 .text.prvCheckForValidListAndQueue
                0x000013cc       0x60 src/ASF/thirdparty/freertos/freertos-10.0.0/Source/timers.o
 .text.xTimerCreateTimerTask
                0x0000142c       0x48 src/ASF/thirdparty/freertos/freertos-10.0.0/Source/timers.o
                0x0000142c                xTimerCreateTimerTask
 .text.xTimerGenericCommand
                0x00001474       0x6c src/ASF/thirdparty/freertos/freertos-10.0.0/Source/timers.o
                0x00001474                xTimerGenericCommand
 .text.prvSampleTimeNow
                0x000014e0       0xb8 src/ASF/thirdparty/freertos/freertos-10.0.0/Source/timers.o
 .text.prvTimerTask
                0x00001598      0x190 src/ASF/thirdparty/freertos/freertos-10.0.0/Source/timers.o
 .text.cpu_irq_enter_critical
                0x00001728       0x40 src/ASF/common/utils/interrupt/interrupt_sam_nvic.o
                0x00001728                cpu_irq_enter_critical
 .text.cpu_irq_leave_critical
                0x00001768       0x30 src/ASF/common/utils/interrupt/interrupt_sam_nvic.o
                0x00001768                cpu_irq_leave_critical
 .text.system_board_init
                0x00001798       0x38 src/ASF/sam0/boards/samw25_xplained_pro/board_init.o
                0x00001798                board_init
                0x00001798                system_board_init
 .text.port_pin_set_config
                0x000017d0       0x24 src/ASF/sam0/drivers/port/port.o
                0x000017d0                port_pin_set_config
 .text.system_clock_source_get_hz
                0x000017f4       0x94 src/ASF/sam0/drivers/system/clock/clock_samd21_r21_da_ha1/clock.o
                0x000017f4                system_clock_source_get_hz
 .text.system_clock_source_osc8m_set_config
                0x00001888       0x3c src/ASF/sam0/drivers/system/clock/clock_samd21_r21_da_ha1/clock.o
                0x00001888                system_clock_source_osc8m_set_config
 .text.system_clock_source_xosc32k_set_config
                0x000018c4       0xb8 src/ASF/sam0/drivers/system/clock/clock_samd21_r21_da_ha1/clock.o
                0x000018c4                system_clock_source_xosc32k_set_config
 .text.system_clock_source_dfll_set_config
                0x0000197c       0x80 src/ASF/sam0/drivers/system/clock/clock_samd21_r21_da_ha1/clock.o
                0x0000197c                system_clock_source_dfll_set_config
 .text.system_clock_source_enable
                0x000019fc       0xa8 src/ASF/sam0/drivers/system/clock/clock_samd21_r21_da_ha1/clock.o
                0x000019fc                system_clock_source_enable
 .text.system_clock_init
                0x00001aa4      0x160 src/ASF/sam0/drivers/system/clock/clock_samd21_r21_da_ha1/clock.o
                0x00001aa4                system_clock_init
 .text.system_gclk_init
                0x00001c04       0x24 src/ASF/sam0/drivers/system/clock/clock_samd21_r21_da_ha1/gclk.o
                0x00001c04                system_gclk_init
 .text.system_gclk_gen_set_config
                0x00001c28       0xb8 src/ASF/sam0/drivers/system/clock/clock_samd21_r21_da_ha1/gclk.o
                0x00001c28                system_gclk_gen_set_config
 .text.system_gclk_gen_enable
                0x00001ce0       0x44 src/ASF/sam0/drivers/system/clock/clock_samd21_r21_da_ha1/gclk.o
                0x00001ce0                system_gclk_gen_enable
 .text.system_gclk_gen_get_hz
                0x00001d24       0x8c src/ASF/sam0/drivers/system/clock/clock_samd21_r21_da_ha1/gclk.o
                0x00001d24                system_gclk_gen_get_hz
 .text.system_gclk_chan_enable
                0x00001db0       0x30 src/ASF/sam0/drivers/system/clock/clock_samd21_r21_da_ha1/gclk.o
                0x00001db0                system_gclk_chan_enable
 .text.system_gclk_chan_disable
                0x00001de0       0x5c src/ASF/sam0/drivers/system/clock/clock_samd21_r21_da_ha1/gclk.o
                0x00001de0                system_gclk_chan_disable
 .text.system_gclk_chan_set_config
                0x00001e3c       0x1c src/ASF/sam0/drivers/system/clock/clock_samd21_r21_da_ha1/gclk.o
                0x00001e3c                system_gclk_chan_set_config
 .text.system_gclk_chan_get_hz
                0x00001e58       0x34 src/ASF/sam0/drivers/system/clock/clock_samd21_r21_da_ha1/gclk.o
                0x00001e58                system_gclk_chan_get_hz
 .text._system_pinmux_config
                0x00001e8c       0xa8 src/ASF/sam0/drivers/system/pinmux/pinmux.o
 .text.system_pinmux_pin_set_config
                0x00001f34       0x30 src/ASF/sam0/drivers/system/pinmux/pinmux.o
                0x00001f34                system_pinmux_pin_set_config
 .text._system_dummy_init
                0x00001f64        0x2 src/ASF/sam0/drivers/system/system.o
                0x00001f64                _system_extint_init
                0x00001f64                _system_events_init
                0x00001f64                _system_dummy_init
                0x00001f64                _system_divas_init
 *fill*         0x00001f66        0x2 
 .text.system_init
                0x00001f68       0x2c src/ASF/sam0/drivers/system/system.o
                0x00001f68                system_init
 .text.Dummy_Handler
                0x00001f94        0x2 src/ASF/sam0/utils/cmsis/samd21/source/gcc/startup_samd21.o
                0x00001f94                DMAC_Handler
                0x00001f94                HardFault_Handler
                0x00001f94                AC_Handler
                0x00001f94                NMI_Handler
                0x00001f94                SERCOM1_Handler
                0x00001f94                ADC_Handler
                0x00001f94                TCC1_Handler
                0x00001f94                SERCOM2_Handler
                0x00001f94                TCC0_Handler
                0x00001f94                RTC_Handler
                0x00001f94                EIC_Handler
                0x00001f94                WDT_Handler
                0x00001f94                TC4_Handler
                0x00001f94                USB_Handler
                0x00001f94                TC3_Handler
                0x00001f94                Dummy_Handler
                0x00001f94                PM_Handler
                0x00001f94                SERCOM5_Handler
                0x00001f94                TCC2_Handler
                0x00001f94                EVSYS_Handler
                0x00001f94                SERCOM3_Handler
                0x00001f94                SERCOM4_Handler
                0x00001f94                I2S_Handler
                0x00001f94                NVMCTRL_Handler
                0x00001f94                SERCOM0_Handler
                0x00001f94                DAC_Handler
                0x00001f94                PTC_Handler
                0x00001f94                TC5_Handler
                0x00001f94                SYSCTRL_Handler
 *fill*         0x00001f96        0x2 
 .text.Reset_Handler
                0x00001f98       0xe4 src/ASF/sam0/utils/cmsis/samd21/source/gcc/startup_samd21.o
                0x00001f98                Reset_Handler
 .text.LEDTask  0x0000207c       0x2c src/main.o
                0x0000207c                LEDTask
 .text.CreateTasks
                0x000020a8       0x28 src/main.o
                0x000020a8                CreateTasks
 .text.main     0x000020d0       0x20 src/main.o
                0x000020d0                main
 .text.vApplicationDaemonTaskStartupHook
                0x000020f0        0x2 src/main.o
                0x000020f0                vApplicationDaemonTaskStartupHook
 .text.vApplicationMallocFailedHook
                0x000020f2        0x2 src/main.o
                0x000020f2                vApplicationMallocFailedHook
 .text.vApplicationStackOverflowHook
                0x000020f4        0x2 src/main.o
                0x000020f4                vApplicationStackOverflowHook
 *fill*         0x000020f6        0x2 
 .text          0x000020f8      0x114 c:/program files (x86)/atmel/studio/7.0/toolchain/arm/arm-gnu-toolchain/bin/../lib/gcc/arm-none-eabi/6.3.1/thumb/v6-m\libgcc.a(_udivsi3.o)
                0x000020f8                __aeabi_uidiv
                0x000020f8                __udivsi3
                0x00002204                __aeabi_uidivmod
 .text          0x0000220c        0x4 c:/program files (x86)/atmel/studio/7.0/toolchain/arm/arm-gnu-toolchain/bin/../lib/gcc/arm-none-eabi/6.3.1/thumb/v6-m\libgcc.a(_dvmd_tls.o)
                0x0000220c                __aeabi_idiv0
                0x0000220c                __aeabi_ldiv0
 .text.__libc_init_array
                0x00002210       0x48 c:/program files (x86)/atmel/studio/7.0/toolchain/arm/arm-gnu-toolchain/bin/../lib/gcc/arm-none-eabi/6.3.1/../../../../arm-none-eabi/lib/thumb/v6-m\libc_nano.a(lib_a-init.o)
                0x00002210                __libc_init_array
 .text.memcpy   0x00002258       0x12 c:/program files (x86)/atmel/studio/7.0/toolchain/arm/arm-gnu-toolchain/bin/../lib/gcc/arm-none-eabi/6.3.1/../../../../arm-none-eabi/lib/thumb/v6-m\libc_nano.a(lib_a-memcpy-stub.o)
                0x00002258                memcpy
 .text.memset   0x0000226a       0x10 c:/program files (x86)/atmel/studio/7.0/toolchain/arm/arm-gnu-toolchain/bin/../lib/gcc/arm-none-eabi/6.3.1/../../../../arm-none-eabi/lib/thumb/v6-m\libc_nano.a(lib_a-memset.o)
                0x0000226a                memset
 *(.glue_7t)
 .glue_7t       0x0000227a        0x0 linker stubs
 *(.glue_7)
 .glue_7        0x0000227a        0x0 linker stubs
 *(.rodata .rodata* .gnu.linkonce.r.*)
 *fill*         0x0000227a        0x2 
 .rodata.vTaskStartScheduler.str1.4
                0x0000227c        0x5 src/ASF/thirdparty/freertos/freertos-10.0.0/Source/tasks.o
 *fill*         0x00002281        0x3 
 .rodata.prvTimerTask
                0x00002284       0x28 src/ASF/thirdparty/freertos/freertos-10.0.0/Source/timers.o
 .rodata.xTimerCreateTimerTask.str1.4
                0x000022ac        0x8 src/ASF/thirdparty/freertos/freertos-10.0.0/Source/timers.o
 .rodata.system_clock_source_get_hz
                0x000022b4       0x24 src/ASF/sam0/drivers/system/clock/clock_samd21_r21_da_ha1/clock.o
 .rodata.system_clock_source_enable
                0x000022d8       0x24 src/ASF/sam0/drivers/system/clock/clock_samd21_r21_da_ha1/clock.o
 .rodata.CreateTasks.str1.4
                0x000022fc        0xc src/main.o
                                  0x9 (size before relaxing)
 *(.ARM.extab* .gnu.linkonce.armextab.*)
                0x00002308                . = ALIGN (0x4)
 *(.init)
 .init          0x00002308        0x4 c:/program files (x86)/atmel/studio/7.0/toolchain/arm/arm-gnu-toolchain/bin/../lib/gcc/arm-none-eabi/6.3.1/thumb/v6-m/crti.o
                0x00002308                _init
 .init          0x0000230c        0x8 c:/program files (x86)/atmel/studio/7.0/toolchain/arm/arm-gnu-toolchain/bin/../lib/gcc/arm-none-eabi/6.3.1/thumb/v6-m/crtn.o
                0x00002314                . = ALIGN (0x4)
                0x00002314                __preinit_array_start = .
 *(.preinit_array)
                0x00002314                __preinit_array_end = .
                0x00002314                . = ALIGN (0x4)
                0x00002314                __init_array_start = .
 *(SORT(.init_array.*))
 *(.init_array)
 .init_array    0x00002314        0x4 c:/program files (x86)/atmel/studio/7.0/toolchain/arm/arm-gnu-toolchain/bin/../lib/gcc/arm-none-eabi/6.3.1/thumb/v6-m/crtbegin.o
                0x00002318                __init_array_end = .
                0x00002318                . = ALIGN (0x4)
 *crtbegin.o(.ctors)
 *(EXCLUDE_FILE(*crtend.o) .ctors)
 *(SORT(.ctors.*))
 *crtend.o(.ctors)
                0x00002318                . = ALIGN (0x4)
 *(.fini)
 .fini          0x00002318        0x4 c:/program files (x86)/atmel/studio/7.0/toolchain/arm/arm-gnu-toolchain/bin/../lib/gcc/arm-none-eabi/6.3.1/thumb/v6-m/crti.o
                0x00002318                _fini
 .fini          0x0000231c        0x8 c:/program files (x86)/atmel/studio/7.0/toolchain/arm/arm-gnu-toolchain/bin/../lib/gcc/arm-none-eabi/6.3.1/thumb/v6-m/crtn.o
                0x00002324                . = ALIGN (0x4)
                0x00002324                __fini_array_start = .
 *(.fini_array)
 .fini_array    0x00002324        0x4 c:/program files (x86)/atmel/studio/7.0/toolchain/arm/arm-gnu-toolchain/bin/../lib/gcc/arm-none-eabi/6.3.1/thumb/v6-m/crtbegin.o
 *(SORT(.fini_array.*))
                0x00002328                __fini_array_end = .
 *crtbegin.o(.dtors)
 *(EXCLUDE_FILE(*crtend.o) .dtors)
 *(SORT(.dtors.*))
 *crtend.o(.dtors)
                0x00002328                . = ALIGN (0x4)
                0x00002328                _efixed = .
                [!provide]                PROVIDE (__exidx_start, .)

.vfp11_veneer   0x00002328        0x0
 .vfp11_veneer  0x00002328        0x0 linker stubs

.v4_bx          0x00002328        0x0
 .v4_bx         0x00002328        0x0 linker stubs

.iplt           0x00002328        0x0
 .iplt          0x00002328        0x0 c:/program files (x86)/atmel/studio/7.0/toolchain/arm/arm-gnu-toolchain/bin/../lib/gcc/arm-none-eabi/6.3.1/thumb/v6-m/crtbegin.o

.eh_frame       0x00002328        0x0
 .eh_frame      0x00002328        0x0 c:/program files (x86)/atmel/studio/7.0/toolchain/arm/arm-gnu-toolchain/bin/../lib/gcc/arm-none-eabi/6.3.1/thumb/v6-m/crtbegin.o

.rel.dyn        0x00002328        0x0
 .rel.iplt      0x00002328        0x0 c:/program files (x86)/atmel/studio/7.0/toolchain/arm/arm-gnu-toolchain/bin/../lib/gcc/arm-none-eabi/6.3.1/thumb/v6-m/crtbegin.o

.jcr            0x00002328        0x0
 .jcr           0x00002328        0x0 c:/program files (x86)/atmel/studio/7.0/toolchain/arm/arm-gnu-toolchain/bin/../lib/gcc/arm-none-eabi/6.3.1/thumb/v6-m/crtbegin.o

.igot.plt       0x00002328        0x0
 .igot.plt      0x00002328        0x0 c:/program files (x86)/atmel/studio/7.0/toolchain/arm/arm-gnu-toolchain/bin/../lib/gcc/arm-none-eabi/6.3.1/thumb/v6-m/crtbegin.o

.ARM.exidx
 *(.ARM.exidx* .gnu.linkonce.armexidx.*)
                [!provide]                PROVIDE (__exidx_end, .)
                0x00002328                . = ALIGN (0x4)
                0x00002328                _etext = .

.relocate       0x20000000        0x8 load address 0x00002328
                0x20000000                . = ALIGN (0x4)
                0x20000000                _srelocate = .
 *(.ramfunc .ramfunc.*)
 *(.data .data.*)
 .data.uxCriticalNesting
                0x20000000        0x4 src/ASF/thirdparty/freertos/freertos-10.0.0/Source/portable/GCC/ARM_CM0/port.o
 .data.g_interrupt_enabled
                0x20000004        0x1 src/ASF/common/utils/interrupt/interrupt_sam_nvic.o
                0x20000004                g_interrupt_enabled
                0x20000008                . = ALIGN (0x4)
 *fill*         0x20000005        0x3 
                0x20000008                _erelocate = .

.bss            0x20000008     0x3064 load address 0x00002330
                0x20000008                . = ALIGN (0x4)
                0x20000008                _sbss = .
                0x20000008                _szero = .
 *(.bss .bss.*)
 .bss           0x20000008       0x1c c:/program files (x86)/atmel/studio/7.0/toolchain/arm/arm-gnu-toolchain/bin/../lib/gcc/arm-none-eabi/6.3.1/thumb/v6-m/crtbegin.o
 .bss.pucAlignedHeap.12053
                0x20000024        0x4 src/ASF/thirdparty/freertos/freertos-10.0.0/Source/portable/MemMang/heap_1.o
 .bss.ucHeap    0x20000028     0x2ee0 src/ASF/thirdparty/freertos/freertos-10.0.0/Source/portable/MemMang/heap_1.o
 .bss.xNextFreeByte
                0x20002f08        0x4 src/ASF/thirdparty/freertos/freertos-10.0.0/Source/portable/MemMang/heap_1.o
 .bss.pxCurrentTCB
                0x20002f0c        0x4 src/ASF/thirdparty/freertos/freertos-10.0.0/Source/tasks.o
                0x20002f0c                pxCurrentTCB
 .bss.pxDelayedTaskList
                0x20002f10        0x4 src/ASF/thirdparty/freertos/freertos-10.0.0/Source/tasks.o
 .bss.pxOverflowDelayedTaskList
                0x20002f14        0x4 src/ASF/thirdparty/freertos/freertos-10.0.0/Source/tasks.o
 .bss.pxReadyTasksLists
                0x20002f18       0x64 src/ASF/thirdparty/freertos/freertos-10.0.0/Source/tasks.o
 .bss.uxCurrentNumberOfTasks
                0x20002f7c        0x4 src/ASF/thirdparty/freertos/freertos-10.0.0/Source/tasks.o
 .bss.uxDeletedTasksWaitingCleanUp
                0x20002f80        0x4 src/ASF/thirdparty/freertos/freertos-10.0.0/Source/tasks.o
 .bss.uxPendedTicks
                0x20002f84        0x4 src/ASF/thirdparty/freertos/freertos-10.0.0/Source/tasks.o
 .bss.uxSchedulerSuspended
                0x20002f88        0x4 src/ASF/thirdparty/freertos/freertos-10.0.0/Source/tasks.o
 .bss.uxTaskNumber
                0x20002f8c        0x4 src/ASF/thirdparty/freertos/freertos-10.0.0/Source/tasks.o
 .bss.uxTopReadyPriority
                0x20002f90        0x4 src/ASF/thirdparty/freertos/freertos-10.0.0/Source/tasks.o
 .bss.xDelayedTaskList1
                0x20002f94       0x14 src/ASF/thirdparty/freertos/freertos-10.0.0/Source/tasks.o
 .bss.xDelayedTaskList2
                0x20002fa8       0x14 src/ASF/thirdparty/freertos/freertos-10.0.0/Source/tasks.o
 .bss.xIdleTaskHandle
                0x20002fbc        0x4 src/ASF/thirdparty/freertos/freertos-10.0.0/Source/tasks.o
 .bss.xNextTaskUnblockTime
                0x20002fc0        0x4 src/ASF/thirdparty/freertos/freertos-10.0.0/Source/tasks.o
 .bss.xNumOfOverflows
                0x20002fc4        0x4 src/ASF/thirdparty/freertos/freertos-10.0.0/Source/tasks.o
 .bss.xPendingReadyList
                0x20002fc8       0x14 src/ASF/thirdparty/freertos/freertos-10.0.0/Source/tasks.o
 .bss.xSchedulerRunning
                0x20002fdc        0x4 src/ASF/thirdparty/freertos/freertos-10.0.0/Source/tasks.o
 .bss.xSuspendedTaskList
                0x20002fe0       0x14 src/ASF/thirdparty/freertos/freertos-10.0.0/Source/tasks.o
 .bss.xTasksWaitingTermination
                0x20002ff4       0x14 src/ASF/thirdparty/freertos/freertos-10.0.0/Source/tasks.o
 .bss.xTickCount
                0x20003008        0x4 src/ASF/thirdparty/freertos/freertos-10.0.0/Source/tasks.o
 .bss.xYieldPending
                0x2000300c        0x4 src/ASF/thirdparty/freertos/freertos-10.0.0/Source/tasks.o
 .bss.pxCurrentTimerList
                0x20003010        0x4 src/ASF/thirdparty/freertos/freertos-10.0.0/Source/timers.o
 .bss.pxOverflowTimerList
                0x20003014        0x4 src/ASF/thirdparty/freertos/freertos-10.0.0/Source/timers.o
 .bss.xActiveTimerList1
                0x20003018       0x14 src/ASF/thirdparty/freertos/freertos-10.0.0/Source/timers.o
 .bss.xActiveTimerList2
                0x2000302c       0x14 src/ASF/thirdparty/freertos/freertos-10.0.0/Source/timers.o
 .bss.xLastTime.12354
                0x20003040        0x4 src/ASF/thirdparty/freertos/freertos-10.0.0/Source/timers.o
 .bss.xTimerQueue
                0x20003044        0x4 src/ASF/thirdparty/freertos/freertos-10.0.0/Source/timers.o
 .bss.xTimerTaskHandle
                0x20003048        0x4 src/ASF/thirdparty/freertos/freertos-10.0.0/Source/timers.o
 .bss.cpu_irq_critical_section_counter
                0x2000304c        0x4 src/ASF/common/utils/interrupt/interrupt_sam_nvic.o
 .bss.cpu_irq_prev_interrupt_state
                0x20003050        0x1 src/ASF/common/utils/interrupt/interrupt_sam_nvic.o
 *fill*         0x20003051        0x3 
 .bss._system_clock_inst
                0x20003054       0x18 src/ASF/sam0/drivers/system/clock/clock_samd21_r21_da_ha1/clock.o
 *(COMMON)
                0x2000306c                . = ALIGN (0x4)
                0x2000306c                _ebss = .
                0x2000306c                _ezero = .

.stack          0x2000306c     0x2004 load address 0x00005394
                0x20003070                . = ALIGN (0x8)
 *fill*         0x2000306c        0x4 
                0x20003070                _sstack = .
                0x20005070                . = (. + STACK_SIZE)
 *fill*         0x20003070     0x2000 
                0x20005070                . = ALIGN (0x8)
                0x20005070                _estack = .
                0x20005070                . = ALIGN (0x4)
                0x20005070                _end = .
OUTPUT(FreeRTOS.elf elf32-littlearm)

.ARM.attributes
                0x00000000       0x28
 .ARM.attributes
                0x00000000       0x1e c:/program files (x86)/atmel/studio/7.0/toolchain/arm/arm-gnu-toolchain/bin/../lib/gcc/arm-none-eabi/6.3.1/thumb/v6-m/crti.o
 .ARM.attributes
                0x0000001e       0x2c c:/program files (x86)/atmel/studio/7.0/toolchain/arm/arm-gnu-toolchain/bin/../lib/gcc/arm-none-eabi/6.3.1/thumb/v6-m/crtbegin.o
 .ARM.attributes
                0x0000004a       0x32 src/ASF/thirdparty/freertos/freertos-10.0.0/Source/portable/GCC/ARM_CM0/port.o
 .ARM.attributes
                0x0000007c       0x32 src/ASF/thirdparty/freertos/freertos-10.0.0/Source/portable/MemMang/heap_1.o
 .ARM.attributes
                0x000000ae       0x32 src/ASF/thirdparty/freertos/freertos-10.0.0/Source/list.o
 .ARM.attributes
                0x000000e0       0x32 src/ASF/thirdparty/freertos/freertos-10.0.0/Source/queue.o
 .ARM.attributes
                0x00000112       0x32 src/ASF/thirdparty/freertos/freertos-10.0.0/Source/tasks.o
 .ARM.attributes
                0x00000144       0x32 src/ASF/thirdparty/freertos/freertos-10.0.0/Source/timers.o
 .ARM.attributes
                0x00000176       0x32 src/ASF/common/utils/interrupt/interrupt_sam_nvic.o
 .ARM.attributes
                0x000001a8       0x32 src/ASF/sam0/boards/samw25_xplained_pro/board_init.o
 .ARM.attributes
                0x000001da       0x32 src/ASF/sam0/drivers/port/port.o
 .ARM.attributes
                0x0000020c       0x32 src/ASF/sam0/drivers/system/clock/clock_samd21_r21_da_ha1/clock.o
 .ARM.attributes
                0x0000023e       0x32 src/ASF/sam0/drivers/system/clock/clock_samd21_r21_da_ha1/gclk.o
 .ARM.attributes
                0x00000270       0x32 src/ASF/sam0/drivers/system/pinmux/pinmux.o
 .ARM.attributes
                0x000002a2       0x32 src/ASF/sam0/drivers/system/system.o
 .ARM.attributes
                0x000002d4       0x32 src/ASF/sam0/utils/cmsis/samd21/source/gcc/startup_samd21.o
 .ARM.attributes
                0x00000306       0x32 src/main.o
 .ARM.attributes
                0x00000338       0x1e c:/program files (x86)/atmel/studio/7.0/toolchain/arm/arm-gnu-toolchain/bin/../lib/gcc/arm-none-eabi/6.3.1/thumb/v6-m\libgcc.a(_udivsi3.o)
 .ARM.attributes
                0x00000356       0x1e c:/program files (x86)/atmel/studio/7.0/toolchain/arm/arm-gnu-toolchain/bin/../lib/gcc/arm-none-eabi/6.3.1/thumb/v6-m\libgcc.a(_dvmd_tls.o)
 .ARM.attributes
                0x00000374       0x2c c:/program files (x86)/atmel/studio/7.0/toolchain/arm/arm-gnu-toolchain/bin/../lib/gcc/arm-none-eabi/6.3.1/../../../../arm-none-eabi/lib/thumb/v6-m\libc_nano.a(lib_a-init.o)
 .ARM.attributes
                0x000003a0       0x2c c:/program files (x86)/atmel/studio/7.0/toolchain/arm/arm-gnu-toolchain/bin/../lib/gcc/arm-none-eabi/6.3.1/../../../../arm-none-eabi/lib/thumb/v6-m\libc_nano.a(lib_a-memcpy-stub.o)
 .ARM.attributes
                0x000003cc       0x2c c:/program files (x86)/atmel/studio/7.0/toolchain/arm/arm-gnu-toolchain/bin/../lib/gcc/arm-none-eabi/6.3.1/../../../../arm-none-eabi/lib/thumb/v6-m\libc_nano.a(lib_a-memset.o)
 .ARM.attributes
                0x000003f8       0x1e c:/program files (x86)/atmel/studio/7.0/toolchain/arm/arm-gnu-toolchain/bin/../lib/gcc/arm-none-eabi/6.3.1/thumb/v6-m/crtn.o

.comment        0x00000000       0x59
 .comment       0x00000000       0x59 src/ASF/thirdparty/freertos/freertos-10.0.0/Source/portable/GCC/ARM_CM0/port.o
                                 0x5a (size before relaxing)
 .comment       0x00000059       0x5a src/ASF/thirdparty/freertos/freertos-10.0.0/Source/portable/MemMang/heap_1.o
 .comment       0x00000059       0x5a src/ASF/thirdparty/freertos/freertos-10.0.0/Source/list.o
 .comment       0x00000059       0x5a src/ASF/thirdparty/freertos/freertos-10.0.0/Source/queue.o
 .comment       0x00000059       0x5a src/ASF/thirdparty/freertos/freertos-10.0.0/Source/tasks.o
 .comment       0x00000059       0x5a src/ASF/thirdparty/freertos/freertos-10.0.0/Source/timers.o
 .comment       0x00000059       0x5a src/ASF/common/utils/interrupt/interrupt_sam_nvic.o
 .comment       0x00000059       0x5a src/ASF/sam0/boards/samw25_xplained_pro/board_init.o
 .comment       0x00000059       0x5a src/ASF/sam0/drivers/port/port.o
 .comment       0x00000059       0x5a src/ASF/sam0/drivers/system/clock/clock_samd21_r21_da_ha1/clock.o
 .comment       0x00000059       0x5a src/ASF/sam0/drivers/system/clock/clock_samd21_r21_da_ha1/gclk.o
 .comment       0x00000059       0x5a src/ASF/sam0/drivers/system/pinmux/pinmux.o
 .comment       0x00000059       0x5a src/ASF/sam0/drivers/system/system.o
 .comment       0x00000059       0x5a src/ASF/sam0/utils/cmsis/samd21/source/gcc/startup_samd21.o
 .comment       0x00000059       0x5a src/main.o

.debug_info     0x00000000    0x18837
 .debug_info    0x00000000      0xd01 src/ASF/thirdparty/freertos/freertos-10.0.0/Source/portable/GCC/ARM_CM0/port.o
 .debug_info    0x00000d01      0xb8b src/ASF/thirdparty/freertos/freertos-10.0.0/Source/portable/MemMang/heap_1.o
 .debug_info    0x0000188c      0xc60 src/ASF/thirdparty/freertos/freertos-10.0.0/Source/list.o
 .debug_info    0x000024ec     0x262c src/ASF/thirdparty/freertos/freertos-10.0.0/Source/queue.o
 .debug_info    0x00004b18     0x2eb4 src/ASF/thirdparty/freertos/freertos-10.0.0/Source/tasks.o
 .debug_info    0x000079cc     0x1979 src/ASF/thirdparty/freertos/freertos-10.0.0/Source/timers.o
 .debug_info    0x00009345      0xb05 src/ASF/common/utils/interrupt/interrupt_sam_nvic.o
 .debug_info    0x00009e4a     0x12ad src/ASF/sam0/boards/samw25_xplained_pro/board_init.o
 .debug_info    0x0000b0f7     0x12b6 src/ASF/sam0/drivers/port/port.o
 .debug_info    0x0000c3ad     0x39d4 src/ASF/sam0/drivers/system/clock/clock_samd21_r21_da_ha1/clock.o
 .debug_info    0x0000fd81     0x1ec7 src/ASF/sam0/drivers/system/clock/clock_samd21_r21_da_ha1/gclk.o
 .debug_info    0x00011c48     0x13f3 src/ASF/sam0/drivers/system/pinmux/pinmux.o
 .debug_info    0x0001303b      0xa73 src/ASF/sam0/drivers/system/system.o
 .debug_info    0x00013aae     0x3a3f src/ASF/sam0/utils/cmsis/samd21/source/gcc/startup_samd21.o
 .debug_info    0x000174ed     0x134a src/main.o

.debug_abbrev   0x00000000     0x2eba
 .debug_abbrev  0x00000000      0x314 src/ASF/thirdparty/freertos/freertos-10.0.0/Source/portable/GCC/ARM_CM0/port.o
 .debug_abbrev  0x00000314      0x28f src/ASF/thirdparty/freertos/freertos-10.0.0/Source/portable/MemMang/heap_1.o
 .debug_abbrev  0x000005a3      0x23b src/ASF/thirdparty/freertos/freertos-10.0.0/Source/list.o
 .debug_abbrev  0x000007de      0x3cc src/ASF/thirdparty/freertos/freertos-10.0.0/Source/queue.o
 .debug_abbrev  0x00000baa      0x432 src/ASF/thirdparty/freertos/freertos-10.0.0/Source/tasks.o
 .debug_abbrev  0x00000fdc      0x3ef src/ASF/thirdparty/freertos/freertos-10.0.0/Source/timers.o
 .debug_abbrev  0x000013cb      0x23b src/ASF/common/utils/interrupt/interrupt_sam_nvic.o
 .debug_abbrev  0x00001606      0x2dc src/ASF/sam0/boards/samw25_xplained_pro/board_init.o
 .debug_abbrev  0x000018e2      0x298 src/ASF/sam0/drivers/port/port.o
 .debug_abbrev  0x00001b7a      0x493 src/ASF/sam0/drivers/system/clock/clock_samd21_r21_da_ha1/clock.o
 .debug_abbrev  0x0000200d      0x40d src/ASF/sam0/drivers/system/clock/clock_samd21_r21_da_ha1/gclk.o
 .debug_abbrev  0x0000241a      0x361 src/ASF/sam0/drivers/system/pinmux/pinmux.o
 .debug_abbrev  0x0000277b      0x1e1 src/ASF/sam0/drivers/system/system.o
 .debug_abbrev  0x0000295c      0x234 src/ASF/sam0/utils/cmsis/samd21/source/gcc/startup_samd21.o
 .debug_abbrev  0x00002b90      0x32a src/main.o

.debug_loc      0x00000000     0x6c3b
 .debug_loc     0x00000000      0x133 src/ASF/thirdparty/freertos/freertos-10.0.0/Source/portable/GCC/ARM_CM0/port.o
 .debug_loc     0x00000133       0x74 src/ASF/thirdparty/freertos/freertos-10.0.0/Source/portable/MemMang/heap_1.o
 .debug_loc     0x000001a7       0x72 src/ASF/thirdparty/freertos/freertos-10.0.0/Source/list.o
 .debug_loc     0x00000219     0x1e0f src/ASF/thirdparty/freertos/freertos-10.0.0/Source/queue.o
 .debug_loc     0x00002028     0x24cf src/ASF/thirdparty/freertos/freertos-10.0.0/Source/tasks.o
 .debug_loc     0x000044f7      0xc1a src/ASF/thirdparty/freertos/freertos-10.0.0/Source/timers.o
 .debug_loc     0x00005111       0x8a src/ASF/sam0/boards/samw25_xplained_pro/board_init.o
 .debug_loc     0x0000519b      0x13d src/ASF/sam0/drivers/port/port.o
 .debug_loc     0x000052d8      0xf7d src/ASF/sam0/drivers/system/clock/clock_samd21_r21_da_ha1/clock.o
 .debug_loc     0x00006255      0x504 src/ASF/sam0/drivers/system/clock/clock_samd21_r21_da_ha1/gclk.o
 .debug_loc     0x00006759      0x36d src/ASF/sam0/drivers/system/pinmux/pinmux.o
 .debug_loc     0x00006ac6       0x20 src/ASF/sam0/drivers/system/system.o
 .debug_loc     0x00006ae6       0x40 src/ASF/sam0/utils/cmsis/samd21/source/gcc/startup_samd21.o
 .debug_loc     0x00006b26      0x115 src/main.o

.debug_aranges  0x00000000      0x6c0
 .debug_aranges
                0x00000000       0x80 src/ASF/thirdparty/freertos/freertos-10.0.0/Source/portable/GCC/ARM_CM0/port.o
 .debug_aranges
                0x00000080       0x38 src/ASF/thirdparty/freertos/freertos-10.0.0/Source/portable/MemMang/heap_1.o
 .debug_aranges
                0x000000b8       0x40 src/ASF/thirdparty/freertos/freertos-10.0.0/Source/list.o
 .debug_aranges
                0x000000f8      0x128 src/ASF/thirdparty/freertos/freertos-10.0.0/Source/queue.o
 .debug_aranges
                0x00000220      0x1c0 src/ASF/thirdparty/freertos/freertos-10.0.0/Source/tasks.o
 .debug_aranges
                0x000003e0       0x98 src/ASF/thirdparty/freertos/freertos-10.0.0/Source/timers.o
 .debug_aranges
                0x00000478       0x28 src/ASF/common/utils/interrupt/interrupt_sam_nvic.o
 .debug_aranges
                0x000004a0       0x20 src/ASF/sam0/boards/samw25_xplained_pro/board_init.o
 .debug_aranges
                0x000004c0       0x28 src/ASF/sam0/drivers/port/port.o
 .debug_aranges
                0x000004e8       0x78 src/ASF/sam0/drivers/system/clock/clock_samd21_r21_da_ha1/clock.o
 .debug_aranges
                0x00000560       0x80 src/ASF/sam0/drivers/system/clock/clock_samd21_r21_da_ha1/gclk.o
 .debug_aranges
                0x000005e0       0x40 src/ASF/sam0/drivers/system/pinmux/pinmux.o
 .debug_aranges
                0x00000620       0x28 src/ASF/sam0/drivers/system/system.o
 .debug_aranges
                0x00000648       0x28 src/ASF/sam0/utils/cmsis/samd21/source/gcc/startup_samd21.o
 .debug_aranges
                0x00000670       0x50 src/main.o

.debug_ranges   0x00000000      0x828
 .debug_ranges  0x00000000       0x70 src/ASF/thirdparty/freertos/freertos-10.0.0/Source/portable/GCC/ARM_CM0/port.o
 .debug_ranges  0x00000070       0x28 src/ASF/thirdparty/freertos/freertos-10.0.0/Source/portable/MemMang/heap_1.o
 .debug_ranges  0x00000098       0x30 src/ASF/thirdparty/freertos/freertos-10.0.0/Source/list.o
 .debug_ranges  0x000000c8      0x208 src/ASF/thirdparty/freertos/freertos-10.0.0/Source/queue.o
 .debug_ranges  0x000002d0      0x2c8 src/ASF/thirdparty/freertos/freertos-10.0.0/Source/tasks.o
 .debug_ranges  0x00000598       0xc0 src/ASF/thirdparty/freertos/freertos-10.0.0/Source/timers.o
 .debug_ranges  0x00000658       0x18 src/ASF/common/utils/interrupt/interrupt_sam_nvic.o
 .debug_ranges  0x00000670       0x10 src/ASF/sam0/boards/samw25_xplained_pro/board_init.o
 .debug_ranges  0x00000680       0x18 src/ASF/sam0/drivers/port/port.o
 .debug_ranges  0x00000698       0x68 src/ASF/sam0/drivers/system/clock/clock_samd21_r21_da_ha1/clock.o
 .debug_ranges  0x00000700       0x88 src/ASF/sam0/drivers/system/clock/clock_samd21_r21_da_ha1/gclk.o
 .debug_ranges  0x00000788       0x30 src/ASF/sam0/drivers/system/pinmux/pinmux.o
 .debug_ranges  0x000007b8       0x18 src/ASF/sam0/drivers/system/system.o
 .debug_ranges  0x000007d0       0x18 src/ASF/sam0/utils/cmsis/samd21/source/gcc/startup_samd21.o
 .debug_ranges  0x000007e8       0x40 src/main.o

.debug_macro    0x00000000     0x5f8b
 .debug_macro   0x00000000      0x5d1 src/ASF/thirdparty/freertos/freertos-10.0.0/Source/portable/GCC/ARM_CM0/port.o
 .debug_macro   0x000005d1      0x583 src/ASF/thirdparty/freertos/freertos-10.0.0/Source/portable/MemMang/heap_1.o
 .debug_macro   0x00000b54      0x562 src/ASF/thirdparty/freertos/freertos-10.0.0/Source/list.o
 .debug_macro   0x000010b6      0x5de src/ASF/thirdparty/freertos/freertos-10.0.0/Source/queue.o
 .debug_macro   0x00001694       0x16 src/ASF/thirdparty/freertos/freertos-10.0.0/Source/queue.o
 .debug_macro   0x000016aa       0x86 src/ASF/thirdparty/freertos/freertos-10.0.0/Source/queue.o
 .debug_macro   0x00001730      0x64d src/ASF/thirdparty/freertos/freertos-10.0.0/Source/tasks.o
 .debug_macro   0x00001d7d       0x10 src/ASF/thirdparty/freertos/freertos-10.0.0/Source/tasks.o
 .debug_macro   0x00001d8d      0x5a5 src/ASF/thirdparty/freertos/freertos-10.0.0/Source/timers.o
 .debug_macro   0x00002332      0x50b src/ASF/common/utils/interrupt/interrupt_sam_nvic.o
 .debug_macro   0x0000283d       0x10 src/ASF/common/utils/interrupt/interrupt_sam_nvic.o
 .debug_macro   0x0000284d      0x547 src/ASF/sam0/boards/samw25_xplained_pro/board_init.o
 .debug_macro   0x00002d94      0x2df src/ASF/sam0/boards/samw25_xplained_pro/board_init.o
 .debug_macro   0x00003073      0x6ce src/ASF/sam0/boards/samw25_xplained_pro/board_init.o
 .debug_macro   0x00003741       0x18 src/ASF/sam0/boards/samw25_xplained_pro/board_init.o
 .debug_macro   0x00003759       0x12 src/ASF/sam0/boards/samw25_xplained_pro/board_init.o
 .debug_macro   0x0000376b      0x525 src/ASF/sam0/drivers/port/port.o
 .debug_macro   0x00003c90      0x58a src/ASF/sam0/drivers/system/clock/clock_samd21_r21_da_ha1/clock.o
 .debug_macro   0x0000421a       0x11 src/ASF/sam0/drivers/system/clock/clock_samd21_r21_da_ha1/clock.o
 .debug_macro   0x0000422b      0x291 src/ASF/sam0/drivers/system/clock/clock_samd21_r21_da_ha1/clock.o
 .debug_macro   0x000044bc       0x16 src/ASF/sam0/drivers/system/clock/clock_samd21_r21_da_ha1/clock.o
 .debug_macro   0x000044d2      0x541 src/ASF/sam0/drivers/system/clock/clock_samd21_r21_da_ha1/gclk.o
 .debug_macro   0x00004a13       0x2e src/ASF/sam0/drivers/system/clock/clock_samd21_r21_da_ha1/gclk.o
 .debug_macro   0x00004a41      0x51b src/ASF/sam0/drivers/system/pinmux/pinmux.o
 .debug_macro   0x00004f5c       0x12 src/ASF/sam0/drivers/system/pinmux/pinmux.o
 .debug_macro   0x00004f6e      0x54e src/ASF/sam0/drivers/system/system.o
 .debug_macro   0x000054bc      0x2f2 src/ASF/sam0/utils/cmsis/samd21/source/gcc/startup_samd21.o
 .debug_macro   0x000057ae       0x3a src/ASF/sam0/utils/cmsis/samd21/source/gcc/startup_samd21.o
 .debug_macro   0x000057e8      0x6b6 src/main.o
 .debug_macro   0x00005e9e       0x10 src/main.o
 .debug_macro   0x00005eae       0x5f src/main.o
 .debug_macro   0x00005f0d       0x7e src/main.o

.debug_line     0x00000000     0xadb7
 .debug_line    0x00000000      0xaea src/ASF/thirdparty/freertos/freertos-10.0.0/Source/portable/GCC/ARM_CM0/port.o
 .debug_line    0x00000aea      0xa73 src/ASF/thirdparty/freertos/freertos-10.0.0/Source/portable/MemMang/heap_1.o
 .debug_line    0x0000155d      0xa74 src/ASF/thirdparty/freertos/freertos-10.0.0/Source/list.o
 .debug_line    0x00001fd1     0x1118 src/ASF/thirdparty/freertos/freertos-10.0.0/Source/queue.o
 .debug_line    0x000030e9     0x14cf src/ASF/thirdparty/freertos/freertos-10.0.0/Source/tasks.o
 .debug_line    0x000045b8      0xc47 src/ASF/thirdparty/freertos/freertos-10.0.0/Source/timers.o
 .debug_line    0x000051ff      0x8d3 src/ASF/common/utils/interrupt/interrupt_sam_nvic.o
 .debug_line    0x00005ad2      0x97e src/ASF/sam0/boards/samw25_xplained_pro/board_init.o
 .debug_line    0x00006450      0x905 src/ASF/sam0/drivers/port/port.o
 .debug_line    0x00006d55      0xcc8 src/ASF/sam0/drivers/system/clock/clock_samd21_r21_da_ha1/clock.o
 .debug_line    0x00007a1d      0xc81 src/ASF/sam0/drivers/system/clock/clock_samd21_r21_da_ha1/gclk.o
 .debug_line    0x0000869e      0x952 src/ASF/sam0/drivers/system/pinmux/pinmux.o
 .debug_line    0x00008ff0      0x9fc src/ASF/sam0/drivers/system/system.o
 .debug_line    0x000099ec      0x657 src/ASF/sam0/utils/cmsis/samd21/source/gcc/startup_samd21.o
 .debug_line    0x0000a043      0xd74 src/main.o

.debug_str      0x00000000    0x8fcec
 .debug_str     0x00000000    0x8403a src/ASF/thirdparty/freertos/freertos-10.0.0/Source/portable/GCC/ARM_CM0/port.o
                              0x84952 (size before relaxing)
 .debug_str     0x0008403a      0x1b5 src/ASF/thirdparty/freertos/freertos-10.0.0/Source/portable/MemMang/heap_1.o
                              0x8459f (size before relaxing)
 .debug_str     0x000841ef      0x153 src/ASF/thirdparty/freertos/freertos-10.0.0/Source/list.o
                              0x83fbe (size before relaxing)
 .debug_str     0x00084342     0x10b8 src/ASF/thirdparty/freertos/freertos-10.0.0/Source/queue.o
                              0x85715 (size before relaxing)
 .debug_str     0x000853fa     0x1ac4 src/ASF/thirdparty/freertos/freertos-10.0.0/Source/tasks.o
                              0x863d8 (size before relaxing)
 .debug_str     0x00086ebe      0x495 src/ASF/thirdparty/freertos/freertos-10.0.0/Source/timers.o
                              0x85a7d (size before relaxing)
 .debug_str     0x00087353       0x94 src/ASF/common/utils/interrupt/interrupt_sam_nvic.o
                              0x80c93 (size before relaxing)
 .debug_str     0x000873e7     0x2c11 src/ASF/sam0/boards/samw25_xplained_pro/board_init.o
                              0x83851 (size before relaxing)
 .debug_str     0x00089ff8      0x18d src/ASF/sam0/drivers/port/port.o
                              0x810bf (size before relaxing)
 .debug_str     0x0008a185     0x2f37 src/ASF/sam0/drivers/system/clock/clock_samd21_r21_da_ha1/clock.o
                              0x83eea (size before relaxing)
 .debug_str     0x0008d0bc      0x3e1 src/ASF/sam0/drivers/system/clock/clock_samd21_r21_da_ha1/gclk.o
                              0x81956 (size before relaxing)
 .debug_str     0x0008d49d      0x179 src/ASF/sam0/drivers/system/pinmux/pinmux.o
                              0x81135 (size before relaxing)
 .debug_str     0x0008d616       0x47 src/ASF/sam0/drivers/system/system.o
                              0x80d70 (size before relaxing)
 .debug_str     0x0008d65d      0xf39 src/ASF/sam0/utils/cmsis/samd21/source/gcc/startup_samd21.o
                              0x6bd23 (size before relaxing)
 .debug_str     0x0008e596     0x1756 src/main.o
                              0x898de (size before relaxing)

.debug_frame    0x00000000     0x11d4
 .debug_frame   0x00000000      0x100 src/ASF/thirdparty/freertos/freertos-10.0.0/Source/portable/GCC/ARM_CM0/port.o
 .debug_frame   0x00000100       0x5c src/ASF/thirdparty/freertos/freertos-10.0.0/Source/portable/MemMang/heap_1.o
 .debug_frame   0x0000015c       0x6c src/ASF/thirdparty/freertos/freertos-10.0.0/Source/list.o
 .debug_frame   0x000001c8      0x398 src/ASF/thirdparty/freertos/freertos-10.0.0/Source/queue.o
 .debug_frame   0x00000560      0x554 src/ASF/thirdparty/freertos/freertos-10.0.0/Source/tasks.o
 .debug_frame   0x00000ab4      0x198 src/ASF/thirdparty/freertos/freertos-10.0.0/Source/timers.o
 .debug_frame   0x00000c4c       0x30 src/ASF/common/utils/interrupt/interrupt_sam_nvic.o
 .debug_frame   0x00000c7c       0x30 src/ASF/sam0/boards/samw25_xplained_pro/board_init.o
 .debug_frame   0x00000cac       0x44 src/ASF/sam0/drivers/port/port.o
 .debug_frame   0x00000cf0      0x150 src/ASF/sam0/drivers/system/clock/clock_samd21_r21_da_ha1/clock.o
 .debug_frame   0x00000e40      0x148 src/ASF/sam0/drivers/system/clock/clock_samd21_r21_da_ha1/gclk.o
 .debug_frame   0x00000f88       0x98 src/ASF/sam0/drivers/system/pinmux/pinmux.o
 .debug_frame   0x00001020       0x38 src/ASF/sam0/drivers/system/system.o
 .debug_frame   0x00001058       0x40 src/ASF/sam0/utils/cmsis/samd21/source/gcc/startup_samd21.o
 .debug_frame   0x00001098       0xa8 src/main.o
 .debug_frame   0x00001140       0x20 c:/program files (x86)/atmel/studio/7.0/toolchain/arm/arm-gnu-toolchain/bin/../lib/gcc/arm-none-eabi/6.3.1/thumb/v6-m\libgcc.a(_udivsi3.o)
 .debug_frame   0x00001160       0x2c c:/program files (x86)/atmel/studio/7.0/toolchain/arm/arm-gnu-toolchain/bin/../lib/gcc/arm-none-eabi/6.3.1/../../../../arm-none-eabi/lib/thumb/v6-m\libc_nano.a(lib_a-init.o)
 .debug_frame   0x0000118c       0x28 c:/program files (x86)/atmel/studio/7.0/toolchain/arm/arm-gnu-toolchain/bin/../lib/gcc/arm-none-eabi/6.3.1/../../../../arm-none-eabi/lib/thumb/v6-m\libc_nano.a(lib_a-memcpy-stub.o)
 .debug_frame   0x000011b4       0x20 c:/program files (x86)/atmel/studio/7.0/toolchain/arm/arm-gnu-toolchain/bin/../lib/gcc/arm-none-eabi/6.3.1/../../../../arm-none-eabi/lib/thumb/v6-m\libc_nano.a(lib_a-memset.o)

Cross Reference Table

Symbol                                            File
AC_Handler                                        src/ASF/sam0/utils/cmsis/samd21/source/gcc/startup_samd21.o
ADC_Handler                                       src/ASF/sam0/utils/cmsis/samd21/source/gcc/startup_samd21.o
CreateTasks                                       src/main.o
DAC_Handler                                       src/ASF/sam0/utils/cmsis/samd21/source/gcc/startup_samd21.o
DMAC_Handler                                      src/ASF/sam0/utils/cmsis/samd21/source/gcc/startup_samd21.o
Dummy_Handler                                     src/ASF/sam0/utils/cmsis/samd21/source/gcc/startup_samd21.o
EIC_Handler                                       src/ASF/sam0/utils/cmsis/samd21/source/gcc/startup_samd21.o
EVSYS_Handler                                     src/ASF/sam0/utils/cmsis/samd21/source/gcc/startup_samd21.o
HardFault_Handler                                 src/ASF/sam0/utils/cmsis/samd21/source/gcc/startup_samd21.o
I2S_Handler                                       src/ASF/sam0/utils/cmsis/samd21/source/gcc/startup_samd21.o
LEDTask                                           src/main.o
NMI_Handler                                       src/ASF/sam0/utils/cmsis/samd21/source/gcc/startup_samd21.o
NVMCTRL_Handler                                   src/ASF/sam0/utils/cmsis/samd21/source/gcc/startup_samd21.o
PM_Handler                                        src/ASF/sam0/utils/cmsis/samd21/source/gcc/startup_samd21.o
PTC_Handler                                       src/ASF/sam0/utils/cmsis/samd21/source/gcc/startup_samd21.o
PendSV_Handler                                    src/ASF/thirdparty/freertos/freertos-10.0.0/Source/portable/GCC/ARM_CM0/port.o
RTC_Handler                                       src/ASF/sam0/utils/cmsis/samd21/source/gcc/startup_samd21.o
Reset_Handler                                     src/ASF/sam0/utils/cmsis/samd21/source/gcc/startup_samd21.o
SERCOM0_Handler                                   src/ASF/sam0/utils/cmsis/samd21/source/gcc/startup_samd21.o
SERCOM1_Handler                                   src/ASF/sam0/utils/cmsis/samd21/source/gcc/startup_samd21.o
SERCOM2_Handler                                   src/ASF/sam0/utils/cmsis/samd21/source/gcc/startup_samd21.o
SERCOM3_Handler                                   src/ASF/sam0/utils/cmsis/samd21/source/gcc/startup_samd21.o
SERCOM4_Handler                                   src/ASF/sam0/utils/cmsis/samd21/source/gcc/startup_samd21.o
SERCOM5_Handler                                   src/ASF/sam0/utils/cmsis/samd21/source/gcc/startup_samd21.o
SVC_Handler                                       src/ASF/thirdparty/freertos/freertos-10.0.0/Source/portable/GCC/ARM_CM0/port.o
SYSCTRL_Handler                                   src/ASF/sam0/utils/cmsis/samd21/source/gcc/startup_samd21.o
SysTick_Handler                                   src/ASF/thirdparty/freertos/freertos-10.0.0/Source/portable/GCC/ARM_CM0/port.o
SystemCoreClock                                   src/ASF/sam0/utils/cmsis/samd21/source/system_samd21.o
SystemCoreClockUpdate                             src/ASF/sam0/utils/cmsis/samd21/source/system_samd21.o
SystemInit                                        src/ASF/sam0/utils/cmsis/samd21/source/system_samd21.o
TC3_Handler                                       src/ASF/sam0/utils/cmsis/samd21/source/gcc/startup_samd21.o
TC4_Handler                                       src/ASF/sam0/utils/cmsis/samd21/source/gcc/startup_samd21.o
TC5_Handler                                       src/ASF/sam0/utils/cmsis/samd21/source/gcc/startup_samd21.o
TCC0_Handler                                      src/ASF/sam0/utils/cmsis/samd21/source/gcc/startup_samd21.o
TCC1_Handler                                      src/ASF/sam0/utils/cmsis/samd21/source/gcc/startup_samd21.o
TCC2_Handler                                      src/ASF/sam0/utils/cmsis/samd21/source/gcc/startup_samd21.o
USB_Handler                                       src/ASF/sam0/utils/cmsis/samd21/source/gcc/startup_samd21.o
WDT_Handler                                       src/ASF/sam0/utils/cmsis/samd21/source/gcc/startup_samd21.o
_Jv_RegisterClasses                               c:/program files (x86)/atmel/studio/7.0/toolchain/arm/arm-gnu-toolchain/bin/../lib/gcc/arm-none-eabi/6.3.1/thumb/v6-m/crtbegin.o
__aeabi_idiv0                                     c:/program files (x86)/atmel/studio/7.0/toolchain/arm/arm-gnu-toolchain/bin/../lib/gcc/arm-none-eabi/6.3.1/thumb/v6-m\libgcc.a(_dvmd_tls.o)
                                                  c:/program files (x86)/atmel/studio/7.0/toolchain/arm/arm-gnu-toolchain/bin/../lib/gcc/arm-none-eabi/6.3.1/thumb/v6-m\libgcc.a(_udivsi3.o)
__aeabi_ldiv0                                     c:/program files (x86)/atmel/studio/7.0/toolchain/arm/arm-gnu-toolchain/bin/../lib/gcc/arm-none-eabi/6.3.1/thumb/v6-m\libgcc.a(_dvmd_tls.o)
__aeabi_uidiv                                     c:/program files (x86)/atmel/studio/7.0/toolchain/arm/arm-gnu-toolchain/bin/../lib/gcc/arm-none-eabi/6.3.1/thumb/v6-m\libgcc.a(_udivsi3.o)
                                                  src/ASF/sam0/drivers/system/clock/clock_samd21_r21_da_ha1/gclk.o
                                                  src/ASF/sam0/drivers/system/clock/clock_samd21_r21_da_ha1/clock.o
                                                  src/ASF/thirdparty/freertos/freertos-10.0.0/Source/portable/GCC/ARM_CM0/port.o
__aeabi_uidivmod                                  c:/program files (x86)/atmel/studio/7.0/toolchain/arm/arm-gnu-toolchain/bin/../lib/gcc/arm-none-eabi/6.3.1/thumb/v6-m\libgcc.a(_udivsi3.o)
__bss_end__                                       c:/program files (x86)/atmel/studio/7.0/toolchain/arm/arm-gnu-toolchain/bin/../lib/gcc/arm-none-eabi/6.3.1/../../../../arm-none-eabi/lib/thumb/v6-m/crt0.o
__bss_start__                                     c:/program files (x86)/atmel/studio/7.0/toolchain/arm/arm-gnu-toolchain/bin/../lib/gcc/arm-none-eabi/6.3.1/../../../../arm-none-eabi/lib/thumb/v6-m/crt0.o
__call_exitprocs                                  c:/program files (x86)/atmel/studio/7.0/toolchain/arm/arm-gnu-toolchain/bin/../lib/gcc/arm-none-eabi/6.3.1/../../../../arm-none-eabi/lib/thumb/v6-m\libc_nano.a(lib_a-exit.o)
__deregister_frame_info                           c:/program files (x86)/atmel/studio/7.0/toolchain/arm/arm-gnu-toolchain/bin/../lib/gcc/arm-none-eabi/6.3.1/thumb/v6-m/crtbegin.o
__dso_handle                                      c:/program files (x86)/atmel/studio/7.0/toolchain/arm/arm-gnu-toolchain/bin/../lib/gcc/arm-none-eabi/6.3.1/thumb/v6-m/crtbegin.o
__init_array_end                                  c:/program files (x86)/atmel/studio/7.0/toolchain/arm/arm-gnu-toolchain/bin/../lib/gcc/arm-none-eabi/6.3.1/../../../../arm-none-eabi/lib/thumb/v6-m\libc_nano.a(lib_a-init.o)
__init_array_start                                c:/program files (x86)/atmel/studio/7.0/toolchain/arm/arm-gnu-toolchain/bin/../lib/gcc/arm-none-eabi/6.3.1/../../../../arm-none-eabi/lib/thumb/v6-m\libc_nano.a(lib_a-init.o)
__libc_fini_array                                 c:/program files (x86)/atmel/studio/7.0/toolchain/arm/arm-gnu-toolchain/bin/../lib/gcc/arm-none-eabi/6.3.1/../../../../arm-none-eabi/lib/thumb/v6-m/crt0.o
__libc_init_array                                 c:/program files (x86)/atmel/studio/7.0/toolchain/arm/arm-gnu-toolchain/bin/../lib/gcc/arm-none-eabi/6.3.1/../../../../arm-none-eabi/lib/thumb/v6-m\libc_nano.a(lib_a-init.o)
                                                  src/ASF/sam0/utils/cmsis/samd21/source/gcc/startup_samd21.o
                                                  c:/program files (x86)/atmel/studio/7.0/toolchain/arm/arm-gnu-toolchain/bin/../lib/gcc/arm-none-eabi/6.3.1/../../../../arm-none-eabi/lib/thumb/v6-m/crt0.o
__preinit_array_end                               c:/program files (x86)/atmel/studio/7.0/toolchain/arm/arm-gnu-toolchain/bin/../lib/gcc/arm-none-eabi/6.3.1/../../../../arm-none-eabi/lib/thumb/v6-m\libc_nano.a(lib_a-init.o)
__preinit_array_start                             c:/program files (x86)/atmel/studio/7.0/toolchain/arm/arm-gnu-toolchain/bin/../lib/gcc/arm-none-eabi/6.3.1/../../../../arm-none-eabi/lib/thumb/v6-m\libc_nano.a(lib_a-init.o)
__register_frame_info                             c:/program files (x86)/atmel/studio/7.0/toolchain/arm/arm-gnu-toolchain/bin/../lib/gcc/arm-none-eabi/6.3.1/thumb/v6-m/crtbegin.o
__sf_fake_stderr                                  c:/program files (x86)/atmel/studio/7.0/toolchain/arm/arm-gnu-toolchain/bin/../lib/gcc/arm-none-eabi/6.3.1/../../../../arm-none-eabi/lib/thumb/v6-m\libc_nano.a(lib_a-impure.o)
__sf_fake_stdin                                   c:/program files (x86)/atmel/studio/7.0/toolchain/arm/arm-gnu-toolchain/bin/../lib/gcc/arm-none-eabi/6.3.1/../../../../arm-none-eabi/lib/thumb/v6-m\libc_nano.a(lib_a-impure.o)
__sf_fake_stdout                                  c:/program files (x86)/atmel/studio/7.0/toolchain/arm/arm-gnu-toolchain/bin/../lib/gcc/arm-none-eabi/6.3.1/../../../../arm-none-eabi/lib/thumb/v6-m\libc_nano.a(lib_a-impure.o)
__stack                                           c:/program files (x86)/atmel/studio/7.0/toolchain/arm/arm-gnu-toolchain/bin/../lib/gcc/arm-none-eabi/6.3.1/../../../../arm-none-eabi/lib/thumb/v6-m/crt0.o
__udivsi3                                         c:/program files (x86)/atmel/studio/7.0/toolchain/arm/arm-gnu-toolchain/bin/../lib/gcc/arm-none-eabi/6.3.1/thumb/v6-m\libgcc.a(_udivsi3.o)
_close                                            src/ASF/sam0/utils/syscalls/gcc/syscalls.o
_end                                              src/ASF/sam0/utils/syscalls/gcc/syscalls.o
_erelocate                                        src/ASF/sam0/utils/cmsis/samd21/source/gcc/startup_samd21.o
_estack                                           src/ASF/sam0/utils/cmsis/samd21/source/gcc/startup_samd21.o
_etext                                            src/ASF/sam0/utils/cmsis/samd21/source/gcc/startup_samd21.o
_exit                                             src/ASF/sam0/utils/syscalls/gcc/syscalls.o
                                                  c:/program files (x86)/atmel/studio/7.0/toolchain/arm/arm-gnu-toolchain/bin/../lib/gcc/arm-none-eabi/6.3.1/../../../../arm-none-eabi/lib/thumb/v6-m\libc_nano.a(lib_a-exit.o)
_ezero                                            src/ASF/sam0/utils/cmsis/samd21/source/gcc/startup_samd21.o
_fini                                             c:/program files (x86)/atmel/studio/7.0/toolchain/arm/arm-gnu-toolchain/bin/../lib/gcc/arm-none-eabi/6.3.1/thumb/v6-m/crti.o
_fstat                                            src/ASF/sam0/utils/syscalls/gcc/syscalls.o
_getpid                                           src/ASF/sam0/utils/syscalls/gcc/syscalls.o
_global_impure_ptr                                c:/program files (x86)/atmel/studio/7.0/toolchain/arm/arm-gnu-toolchain/bin/../lib/gcc/arm-none-eabi/6.3.1/../../../../arm-none-eabi/lib/thumb/v6-m\libc_nano.a(lib_a-impure.o)
                                                  c:/program files (x86)/atmel/studio/7.0/toolchain/arm/arm-gnu-toolchain/bin/../lib/gcc/arm-none-eabi/6.3.1/../../../../arm-none-eabi/lib/thumb/v6-m\libc_nano.a(lib_a-exit.o)
_impure_ptr                                       c:/program files (x86)/atmel/studio/7.0/toolchain/arm/arm-gnu-toolchain/bin/../lib/gcc/arm-none-eabi/6.3.1/../../../../arm-none-eabi/lib/thumb/v6-m\libc_nano.a(lib_a-impure.o)
_init                                             c:/program files (x86)/atmel/studio/7.0/toolchain/arm/arm-gnu-toolchain/bin/../lib/gcc/arm-none-eabi/6.3.1/thumb/v6-m/crti.o
                                                  c:/program files (x86)/atmel/studio/7.0/toolchain/arm/arm-gnu-toolchain/bin/../lib/gcc/arm-none-eabi/6.3.1/../../../../arm-none-eabi/lib/thumb/v6-m\libc_nano.a(lib_a-init.o)
_isatty                                           src/ASF/sam0/utils/syscalls/gcc/syscalls.o
_kill                                             src/ASF/sam0/utils/syscalls/gcc/syscalls.o
_lseek                                            src/ASF/sam0/utils/syscalls/gcc/syscalls.o
_mainCRTStartup                                   c:/program files (x86)/atmel/studio/7.0/toolchain/arm/arm-gnu-toolchain/bin/../lib/gcc/arm-none-eabi/6.3.1/../../../../arm-none-eabi/lib/thumb/v6-m/crt0.o
_sbrk                                             src/ASF/sam0/utils/syscalls/gcc/syscalls.o
_sfixed                                           src/ASF/sam0/utils/cmsis/samd21/source/gcc/startup_samd21.o
_srelocate                                        src/ASF/sam0/utils/cmsis/samd21/source/gcc/startup_samd21.o
_start                                            c:/program files (x86)/atmel/studio/7.0/toolchain/arm/arm-gnu-toolchain/bin/../lib/gcc/arm-none-eabi/6.3.1/../../../../arm-none-eabi/lib/thumb/v6-m/crt0.o
_system_divas_init                                src/ASF/sam0/drivers/system/system.o
_system_dummy_init                                src/ASF/sam0/drivers/system/system.o
_system_events_init                               src/ASF/sam0/drivers/system/system.o
_system_extint_init                               src/ASF/sam0/drivers/system/system.o
_szero                                            src/ASF/sam0/utils/cmsis/samd21/source/gcc/startup_samd21.o
atexit                                            c:/program files (x86)/atmel/studio/7.0/toolchain/arm/arm-gnu-toolchain/bin/../lib/gcc/arm-none-eabi/6.3.1/../../../../arm-none-eabi/lib/thumb/v6-m/crt0.o
board_init                                        src/ASF/sam0/boards/samw25_xplained_pro/board_init.o
cpu_irq_enter_critical                            src/ASF/common/utils/interrupt/interrupt_sam_nvic.o
                                                  src/ASF/sam0/drivers/system/clock/clock_samd21_r21_da_ha1/gclk.o
cpu_irq_leave_critical                            src/ASF/common/utils/interrupt/interrupt_sam_nvic.o
                                                  src/ASF/sam0/drivers/system/clock/clock_samd21_r21_da_ha1/gclk.o
eTaskGetState                                     src/ASF/thirdparty/freertos/freertos-10.0.0/Source/tasks.o
exception_table                                   src/ASF/sam0/utils/cmsis/samd21/source/gcc/startup_samd21.o
exit                                              c:/program files (x86)/atmel/studio/7.0/toolchain/arm/arm-gnu-toolchain/bin/../lib/gcc/arm-none-eabi/6.3.1/../../../../arm-none-eabi/lib/thumb/v6-m\libc_nano.a(lib_a-exit.o)
                                                  c:/program files (x86)/atmel/studio/7.0/toolchain/arm/arm-gnu-toolchain/bin/../lib/gcc/arm-none-eabi/6.3.1/../../../../arm-none-eabi/lib/thumb/v6-m/crt0.o
g_interrupt_enabled                               src/ASF/common/utils/interrupt/interrupt_sam_nvic.o
hardware_init_hook                                c:/program files (x86)/atmel/studio/7.0/toolchain/arm/arm-gnu-toolchain/bin/../lib/gcc/arm-none-eabi/6.3.1/../../../../arm-none-eabi/lib/thumb/v6-m/crt0.o
link                                              src/ASF/sam0/utils/syscalls/gcc/syscalls.o
main                                              src/main.o
                                                  src/ASF/sam0/utils/cmsis/samd21/source/gcc/startup_samd21.o
                                                  c:/program files (x86)/atmel/studio/7.0/toolchain/arm/arm-gnu-toolchain/bin/../lib/gcc/arm-none-eabi/6.3.1/../../../../arm-none-eabi/lib/thumb/v6-m/crt0.o
memcpy                                            c:/program files (x86)/atmel/studio/7.0/toolchain/arm/arm-gnu-toolchain/bin/../lib/gcc/arm-none-eabi/6.3.1/../../../../arm-none-eabi/lib/thumb/v6-m\libc_nano.a(lib_a-memcpy-stub.o)
                                                  src/ASF/thirdparty/freertos/freertos-10.0.0/Source/stream_buffer.o
                                                  src/ASF/thirdparty/freertos/freertos-10.0.0/Source/queue.o
memset                                            c:/program files (x86)/atmel/studio/7.0/toolchain/arm/arm-gnu-toolchain/bin/../lib/gcc/arm-none-eabi/6.3.1/../../../../arm-none-eabi/lib/thumb/v6-m\libc_nano.a(lib_a-memset.o)
                                                  src/ASF/thirdparty/freertos/freertos-10.0.0/Source/tasks.o
                                                  src/ASF/thirdparty/freertos/freertos-10.0.0/Source/stream_buffer.o
                                                  c:/program files (x86)/atmel/studio/7.0/toolchain/arm/arm-gnu-toolchain/bin/../lib/gcc/arm-none-eabi/6.3.1/../../../../arm-none-eabi/lib/thumb/v6-m/crt0.o
pcTaskGetName                                     src/ASF/thirdparty/freertos/freertos-10.0.0/Source/tasks.o
pcTimerGetName                                    src/ASF/thirdparty/freertos/freertos-10.0.0/Source/timers.o
port_group_set_config                             src/ASF/sam0/drivers/port/port.o
port_pin_set_config                               src/ASF/sam0/drivers/port/port.o
                                                  src/ASF/sam0/boards/samw25_xplained_pro/board_init.o
pvPortMalloc                                      src/ASF/thirdparty/freertos/freertos-10.0.0/Source/portable/MemMang/heap_1.o
                                                  src/ASF/thirdparty/freertos/freertos-10.0.0/Source/timers.o
                                                  src/ASF/thirdparty/freertos/freertos-10.0.0/Source/tasks.o
                                                  src/ASF/thirdparty/freertos/freertos-10.0.0/Source/stream_buffer.o
                                                  src/ASF/thirdparty/freertos/freertos-10.0.0/Source/queue.o
                                                  src/ASF/thirdparty/freertos/freertos-10.0.0/Source/event_groups.o
pvTaskIncrementMutexHeldCount                     src/ASF/thirdparty/freertos/freertos-10.0.0/Source/tasks.o
                                                  src/ASF/thirdparty/freertos/freertos-10.0.0/Source/queue.o
pvTimerGetTimerID                                 src/ASF/thirdparty/freertos/freertos-10.0.0/Source/timers.o
pxCurrentTCB                                      src/ASF/thirdparty/freertos/freertos-10.0.0/Source/tasks.o
                                                  src/ASF/thirdparty/freertos/freertos-10.0.0/Source/portable/GCC/ARM_CM0/port.o
pxPortInitialiseStack                             src/ASF/thirdparty/freertos/freertos-10.0.0/Source/portable/GCC/ARM_CM0/port.o
                                                  src/ASF/thirdparty/freertos/freertos-10.0.0/Source/tasks.o
software_init_hook                                c:/program files (x86)/atmel/studio/7.0/toolchain/arm/arm-gnu-toolchain/bin/../lib/gcc/arm-none-eabi/6.3.1/../../../../arm-none-eabi/lib/thumb/v6-m/crt0.o
system_board_init                                 src/ASF/sam0/boards/samw25_xplained_pro/board_init.o
system_clock_init                                 src/ASF/sam0/drivers/system/clock/clock_samd21_r21_da_ha1/clock.o
system_clock_source_dfll_set_config               src/ASF/sam0/drivers/system/clock/clock_samd21_r21_da_ha1/clock.o
system_clock_source_disable                       src/ASF/sam0/drivers/system/clock/clock_samd21_r21_da_ha1/clock.o
system_clock_source_dpll_set_config               src/ASF/sam0/drivers/system/clock/clock_samd21_r21_da_ha1/clock.o
system_clock_source_enable                        src/ASF/sam0/drivers/system/clock/clock_samd21_r21_da_ha1/clock.o
system_clock_source_get_hz                        src/ASF/sam0/drivers/system/clock/clock_samd21_r21_da_ha1/clock.o
                                                  src/ASF/sam0/drivers/system/clock/clock_samd21_r21_da_ha1/gclk.o
system_clock_source_is_ready                      src/ASF/sam0/drivers/system/clock/clock_samd21_r21_da_ha1/clock.o
system_clock_source_osc32k_set_config             src/ASF/sam0/drivers/system/clock/clock_samd21_r21_da_ha1/clock.o
system_clock_source_osc8m_set_config              src/ASF/sam0/drivers/system/clock/clock_samd21_r21_da_ha1/clock.o
system_clock_source_write_calibration             src/ASF/sam0/drivers/system/clock/clock_samd21_r21_da_ha1/clock.o
system_clock_source_xosc32k_set_config            src/ASF/sam0/drivers/system/clock/clock_samd21_r21_da_ha1/clock.o
system_clock_source_xosc_set_config               src/ASF/sam0/drivers/system/clock/clock_samd21_r21_da_ha1/clock.o
system_gclk_chan_disable                          src/ASF/sam0/drivers/system/clock/clock_samd21_r21_da_ha1/gclk.o
system_gclk_chan_enable                           src/ASF/sam0/drivers/system/clock/clock_samd21_r21_da_ha1/gclk.o
                                                  src/ASF/sam0/drivers/system/clock/clock_samd21_r21_da_ha1/clock.o
system_gclk_chan_get_hz                           src/ASF/sam0/drivers/system/clock/clock_samd21_r21_da_ha1/gclk.o
                                                  src/ASF/sam0/drivers/system/clock/clock_samd21_r21_da_ha1/clock.o
system_gclk_chan_is_enabled                       src/ASF/sam0/drivers/system/clock/clock_samd21_r21_da_ha1/gclk.o
system_gclk_chan_is_locked                        src/ASF/sam0/drivers/system/clock/clock_samd21_r21_da_ha1/gclk.o
system_gclk_chan_lock                             src/ASF/sam0/drivers/system/clock/clock_samd21_r21_da_ha1/gclk.o
system_gclk_chan_set_config                       src/ASF/sam0/drivers/system/clock/clock_samd21_r21_da_ha1/gclk.o
                                                  src/ASF/sam0/drivers/system/clock/clock_samd21_r21_da_ha1/clock.o
system_gclk_gen_disable                           src/ASF/sam0/drivers/system/clock/clock_samd21_r21_da_ha1/gclk.o
system_gclk_gen_enable                            src/ASF/sam0/drivers/system/clock/clock_samd21_r21_da_ha1/gclk.o
                                                  src/ASF/sam0/drivers/system/clock/clock_samd21_r21_da_ha1/clock.o
system_gclk_gen_get_hz                            src/ASF/sam0/drivers/system/clock/clock_samd21_r21_da_ha1/gclk.o
                                                  src/ASF/thirdparty/freertos/freertos-10.0.0/Source/portable/GCC/ARM_CM0/port.o
system_gclk_gen_is_enabled                        src/ASF/sam0/drivers/system/clock/clock_samd21_r21_da_ha1/gclk.o
system_gclk_gen_set_config                        src/ASF/sam0/drivers/system/clock/clock_samd21_r21_da_ha1/gclk.o
                                                  src/ASF/sam0/drivers/system/clock/clock_samd21_r21_da_ha1/clock.o
system_gclk_init                                  src/ASF/sam0/drivers/system/clock/clock_samd21_r21_da_ha1/gclk.o
                                                  src/ASF/sam0/drivers/system/clock/clock_samd21_r21_da_ha1/clock.o
system_init                                       src/ASF/sam0/drivers/system/system.o
                                                  src/main.o
system_interrupt_clear_pending                    src/ASF/sam0/drivers/system/interrupt/system_interrupt.o
system_interrupt_get_priority                     src/ASF/sam0/drivers/system/interrupt/system_interrupt.o
system_interrupt_is_pending                       src/ASF/sam0/drivers/system/interrupt/system_interrupt.o
system_interrupt_set_pending                      src/ASF/sam0/drivers/system/interrupt/system_interrupt.o
system_interrupt_set_priority                     src/ASF/sam0/drivers/system/interrupt/system_interrupt.o
system_pinmux_group_set_config                    src/ASF/sam0/drivers/system/pinmux/pinmux.o
                                                  src/ASF/sam0/drivers/port/port.o
system_pinmux_group_set_input_sample_mode         src/ASF/sam0/drivers/system/pinmux/pinmux.o
system_pinmux_group_set_output_strength           src/ASF/sam0/drivers/system/pinmux/pinmux.o
system_pinmux_pin_set_config                      src/ASF/sam0/drivers/system/pinmux/pinmux.o
                                                  src/ASF/sam0/drivers/port/port.o
ucQueueGetQueueType                               src/ASF/thirdparty/freertos/freertos-10.0.0/Source/queue.o
ucStreamBufferGetStreamBufferType                 src/ASF/thirdparty/freertos/freertos-10.0.0/Source/stream_buffer.o
ulSetInterruptMaskFromISR                         src/ASF/thirdparty/freertos/freertos-10.0.0/Source/portable/GCC/ARM_CM0/port.o
                                                  src/ASF/thirdparty/freertos/freertos-10.0.0/Source/tasks.o
                                                  src/ASF/thirdparty/freertos/freertos-10.0.0/Source/stream_buffer.o
                                                  src/ASF/thirdparty/freertos/freertos-10.0.0/Source/queue.o
                                                  src/ASF/thirdparty/freertos/freertos-10.0.0/Source/event_groups.o
ulTaskNotifyTake                                  src/ASF/thirdparty/freertos/freertos-10.0.0/Source/tasks.o
uxEventGroupGetNumber                             src/ASF/thirdparty/freertos/freertos-10.0.0/Source/event_groups.o
uxListRemove                                      src/ASF/thirdparty/freertos/freertos-10.0.0/Source/list.o
                                                  src/ASF/thirdparty/freertos/freertos-10.0.0/Source/timers.o
                                                  src/ASF/thirdparty/freertos/freertos-10.0.0/Source/tasks.o
uxQueueGetQueueNumber                             src/ASF/thirdparty/freertos/freertos-10.0.0/Source/queue.o
uxQueueMessagesWaiting                            src/ASF/thirdparty/freertos/freertos-10.0.0/Source/queue.o
uxQueueMessagesWaitingFromISR                     src/ASF/thirdparty/freertos/freertos-10.0.0/Source/queue.o
uxQueueSpacesAvailable                            src/ASF/thirdparty/freertos/freertos-10.0.0/Source/queue.o
uxStreamBufferGetStreamBufferNumber               src/ASF/thirdparty/freertos/freertos-10.0.0/Source/stream_buffer.o
uxTaskGetNumberOfTasks                            src/ASF/thirdparty/freertos/freertos-10.0.0/Source/tasks.o
uxTaskGetStackHighWaterMark                       src/ASF/thirdparty/freertos/freertos-10.0.0/Source/tasks.o
uxTaskGetSystemState                              src/ASF/thirdparty/freertos/freertos-10.0.0/Source/tasks.o
uxTaskGetTaskNumber                               src/ASF/thirdparty/freertos/freertos-10.0.0/Source/tasks.o
uxTaskPriorityGet                                 src/ASF/thirdparty/freertos/freertos-10.0.0/Source/tasks.o
uxTaskPriorityGetFromISR                          src/ASF/thirdparty/freertos/freertos-10.0.0/Source/tasks.o
uxTaskResetEventItemValue                         src/ASF/thirdparty/freertos/freertos-10.0.0/Source/tasks.o
                                                  src/ASF/thirdparty/freertos/freertos-10.0.0/Source/event_groups.o
uxTimerGetTimerNumber                             src/ASF/thirdparty/freertos/freertos-10.0.0/Source/timers.o
vApplicationDaemonTaskStartupHook                 src/main.o
                                                  src/ASF/thirdparty/freertos/freertos-10.0.0/Source/timers.o
vApplicationMallocFailedHook                      src/main.o
                                                  src/ASF/thirdparty/freertos/freertos-10.0.0/Source/portable/MemMang/heap_1.o
vApplicationStackOverflowHook                     src/main.o
                                                  src/ASF/thirdparty/freertos/freertos-10.0.0/Source/tasks.o
vApplicationTickHook                              src/main.o
vClearInterruptMaskFromISR                        src/ASF/thirdparty/freertos/freertos-10.0.0/Source/portable/GCC/ARM_CM0/port.o
                                                  src/ASF/thirdparty/freertos/freertos-10.0.0/Source/tasks.o
                                                  src/ASF/thirdparty/freertos/freertos-10.0.0/Source/stream_buffer.o
                                                  src/ASF/thirdparty/freertos/freertos-10.0.0/Source/queue.o
                                                  src/ASF/thirdparty/freertos/freertos-10.0.0/Source/event_groups.o
vEventGroupClearBitsCallback                      src/ASF/thirdparty/freertos/freertos-10.0.0/Source/event_groups.o
vEventGroupDelete                                 src/ASF/thirdparty/freertos/freertos-10.0.0/Source/event_groups.o
vEventGroupSetBitsCallback                        src/ASF/thirdparty/freertos/freertos-10.0.0/Source/event_groups.o
vEventGroupSetNumber                              src/ASF/thirdparty/freertos/freertos-10.0.0/Source/event_groups.o
vListInitialise                                   src/ASF/thirdparty/freertos/freertos-10.0.0/Source/list.o
                                                  src/ASF/thirdparty/freertos/freertos-10.0.0/Source/timers.o
                                                  src/ASF/thirdparty/freertos/freertos-10.0.0/Source/tasks.o
                                                  src/ASF/thirdparty/freertos/freertos-10.0.0/Source/queue.o
                                                  src/ASF/thirdparty/freertos/freertos-10.0.0/Source/event_groups.o
vListInitialiseItem                               src/ASF/thirdparty/freertos/freertos-10.0.0/Source/list.o
                                                  src/ASF/thirdparty/freertos/freertos-10.0.0/Source/timers.o
                                                  src/ASF/thirdparty/freertos/freertos-10.0.0/Source/tasks.o
vListInsert                                       src/ASF/thirdparty/freertos/freertos-10.0.0/Source/list.o
                                                  src/ASF/thirdparty/freertos/freertos-10.0.0/Source/timers.o
                                                  src/ASF/thirdparty/freertos/freertos-10.0.0/Source/tasks.o
vListInsertEnd                                    src/ASF/thirdparty/freertos/freertos-10.0.0/Source/list.o
                                                  src/ASF/thirdparty/freertos/freertos-10.0.0/Source/tasks.o
vPortEndScheduler                                 src/ASF/thirdparty/freertos/freertos-10.0.0/Source/portable/GCC/ARM_CM0/port.o
                                                  src/ASF/thirdparty/freertos/freertos-10.0.0/Source/tasks.o
vPortEnterCritical                                src/ASF/thirdparty/freertos/freertos-10.0.0/Source/portable/GCC/ARM_CM0/port.o
                                                  src/ASF/thirdparty/freertos/freertos-10.0.0/Source/timers.o
                                                  src/ASF/thirdparty/freertos/freertos-10.0.0/Source/tasks.o
                                                  src/ASF/thirdparty/freertos/freertos-10.0.0/Source/stream_buffer.o
                                                  src/ASF/thirdparty/freertos/freertos-10.0.0/Source/queue.o
                                                  src/ASF/thirdparty/freertos/freertos-10.0.0/Source/event_groups.o
vPortExitCritical                                 src/ASF/thirdparty/freertos/freertos-10.0.0/Source/portable/GCC/ARM_CM0/port.o
                                                  src/ASF/thirdparty/freertos/freertos-10.0.0/Source/timers.o
                                                  src/ASF/thirdparty/freertos/freertos-10.0.0/Source/tasks.o
                                                  src/ASF/thirdparty/freertos/freertos-10.0.0/Source/stream_buffer.o
                                                  src/ASF/thirdparty/freertos/freertos-10.0.0/Source/queue.o
                                                  src/ASF/thirdparty/freertos/freertos-10.0.0/Source/event_groups.o
vPortFree                                         src/ASF/thirdparty/freertos/freertos-10.0.0/Source/portable/MemMang/heap_1.o
                                                  src/ASF/thirdparty/freertos/freertos-10.0.0/Source/timers.o
                                                  src/ASF/thirdparty/freertos/freertos-10.0.0/Source/tasks.o
                                                  src/ASF/thirdparty/freertos/freertos-10.0.0/Source/stream_buffer.o
                                                  src/ASF/thirdparty/freertos/freertos-10.0.0/Source/queue.o
                                                  src/ASF/thirdparty/freertos/freertos-10.0.0/Source/event_groups.o
vPortInitialiseBlocks                             src/ASF/thirdparty/freertos/freertos-10.0.0/Source/portable/MemMang/heap_1.o
vPortYield                                        src/ASF/thirdparty/freertos/freertos-10.0.0/Source/portable/GCC/ARM_CM0/port.o
                                                  src/ASF/thirdparty/freertos/freertos-10.0.0/Source/timers.o
                                                  src/ASF/thirdparty/freertos/freertos-10.0.0/Source/tasks.o
                                                  src/ASF/thirdparty/freertos/freertos-10.0.0/Source/queue.o
                                                  src/ASF/thirdparty/freertos/freertos-10.0.0/Source/event_groups.o
vQueueDelete                                      src/ASF/thirdparty/freertos/freertos-10.0.0/Source/queue.o
vQueueSetQueueNumber                              src/ASF/thirdparty/freertos/freertos-10.0.0/Source/queue.o
vQueueWaitForMessageRestricted                    src/ASF/thirdparty/freertos/freertos-10.0.0/Source/queue.o
                                                  src/ASF/thirdparty/freertos/freertos-10.0.0/Source/timers.o
vStreamBufferDelete                               src/ASF/thirdparty/freertos/freertos-10.0.0/Source/stream_buffer.o
vStreamBufferSetStreamBufferNumber                src/ASF/thirdparty/freertos/freertos-10.0.0/Source/stream_buffer.o
vTaskDelay                                        src/ASF/thirdparty/freertos/freertos-10.0.0/Source/tasks.o
                                                  src/main.o
vTaskDelayUntil                                   src/ASF/thirdparty/freertos/freertos-10.0.0/Source/tasks.o
vTaskDelete                                       src/ASF/thirdparty/freertos/freertos-10.0.0/Source/tasks.o
vTaskEndScheduler                                 src/ASF/thirdparty/freertos/freertos-10.0.0/Source/tasks.o
vTaskGetInfo                                      src/ASF/thirdparty/freertos/freertos-10.0.0/Source/tasks.o
vTaskInternalSetTimeOutState                      src/ASF/thirdparty/freertos/freertos-10.0.0/Source/tasks.o
                                                  src/ASF/thirdparty/freertos/freertos-10.0.0/Source/queue.o
vTaskMissedYield                                  src/ASF/thirdparty/freertos/freertos-10.0.0/Source/tasks.o
                                                  src/ASF/thirdparty/freertos/freertos-10.0.0/Source/queue.o
vTaskNotifyGiveFromISR                            src/ASF/thirdparty/freertos/freertos-10.0.0/Source/tasks.o
vTaskPlaceOnEventList                             src/ASF/thirdparty/freertos/freertos-10.0.0/Source/tasks.o
                                                  src/ASF/thirdparty/freertos/freertos-10.0.0/Source/queue.o
vTaskPlaceOnEventListRestricted                   src/ASF/thirdparty/freertos/freertos-10.0.0/Source/tasks.o
                                                  src/ASF/thirdparty/freertos/freertos-10.0.0/Source/queue.o
vTaskPlaceOnUnorderedEventList                    src/ASF/thirdparty/freertos/freertos-10.0.0/Source/tasks.o
                                                  src/ASF/thirdparty/freertos/freertos-10.0.0/Source/event_groups.o
vTaskPriorityDisinheritAfterTimeout               src/ASF/thirdparty/freertos/freertos-10.0.0/Source/tasks.o
                                                  src/ASF/thirdparty/freertos/freertos-10.0.0/Source/queue.o
vTaskPrioritySet                                  src/ASF/thirdparty/freertos/freertos-10.0.0/Source/tasks.o
vTaskRemoveFromUnorderedEventList                 src/ASF/thirdparty/freertos/freertos-10.0.0/Source/tasks.o
                                                  src/ASF/thirdparty/freertos/freertos-10.0.0/Source/event_groups.o
vTaskResume                                       src/ASF/thirdparty/freertos/freertos-10.0.0/Source/tasks.o
vTaskSetTaskNumber                                src/ASF/thirdparty/freertos/freertos-10.0.0/Source/tasks.o
vTaskSetTimeOutState                              src/ASF/thirdparty/freertos/freertos-10.0.0/Source/tasks.o
                                                  src/ASF/thirdparty/freertos/freertos-10.0.0/Source/stream_buffer.o
vTaskStartScheduler                               src/ASF/thirdparty/freertos/freertos-10.0.0/Source/tasks.o
                                                  src/main.o
vTaskSuspend                                      src/ASF/thirdparty/freertos/freertos-10.0.0/Source/tasks.o
vTaskSuspendAll                                   src/ASF/thirdparty/freertos/freertos-10.0.0/Source/tasks.o
                                                  src/ASF/thirdparty/freertos/freertos-10.0.0/Source/timers.o
                                                  src/ASF/thirdparty/freertos/freertos-10.0.0/Source/stream_buffer.o
                                                  src/ASF/thirdparty/freertos/freertos-10.0.0/Source/queue.o
                                                  src/ASF/thirdparty/freertos/freertos-10.0.0/Source/portable/MemMang/heap_1.o
                                                  src/ASF/thirdparty/freertos/freertos-10.0.0/Source/event_groups.o
vTaskSwitchContext                                src/ASF/thirdparty/freertos/freertos-10.0.0/Source/tasks.o
                                                  src/ASF/thirdparty/freertos/freertos-10.0.0/Source/portable/GCC/ARM_CM0/port.o
vTimerSetTimerID                                  src/ASF/thirdparty/freertos/freertos-10.0.0/Source/timers.o
vTimerSetTimerNumber                              src/ASF/thirdparty/freertos/freertos-10.0.0/Source/timers.o
xEventGroupClearBits                              src/ASF/thirdparty/freertos/freertos-10.0.0/Source/event_groups.o
xEventGroupCreate                                 src/ASF/thirdparty/freertos/freertos-10.0.0/Source/event_groups.o
xEventGroupGetBitsFromISR                         src/ASF/thirdparty/freertos/freertos-10.0.0/Source/event_groups.o
xEventGroupSetBits                                src/ASF/thirdparty/freertos/freertos-10.0.0/Source/event_groups.o
xEventGroupSync                                   src/ASF/thirdparty/freertos/freertos-10.0.0/Source/event_groups.o
xEventGroupWaitBits                               src/ASF/thirdparty/freertos/freertos-10.0.0/Source/event_groups.o
xPortGetFreeHeapSize                              src/ASF/thirdparty/freertos/freertos-10.0.0/Source/portable/MemMang/heap_1.o
xPortStartScheduler                               src/ASF/thirdparty/freertos/freertos-10.0.0/Source/portable/GCC/ARM_CM0/port.o
                                                  src/ASF/thirdparty/freertos/freertos-10.0.0/Source/tasks.o
xQueueAddToSet                                    src/ASF/thirdparty/freertos/freertos-10.0.0/Source/queue.o
xQueueCreateCountingSemaphore                     src/ASF/thirdparty/freertos/freertos-10.0.0/Source/queue.o
xQueueCreateMutex                                 src/ASF/thirdparty/freertos/freertos-10.0.0/Source/queue.o
xQueueCreateSet                                   src/ASF/thirdparty/freertos/freertos-10.0.0/Source/queue.o
xQueueGenericCreate                               src/ASF/thirdparty/freertos/freertos-10.0.0/Source/queue.o
                                                  src/ASF/thirdparty/freertos/freertos-10.0.0/Source/timers.o
xQueueGenericReset                                src/ASF/thirdparty/freertos/freertos-10.0.0/Source/queue.o
xQueueGenericSend                                 src/ASF/thirdparty/freertos/freertos-10.0.0/Source/queue.o
                                                  src/ASF/thirdparty/freertos/freertos-10.0.0/Source/timers.o
xQueueGenericSendFromISR                          src/ASF/thirdparty/freertos/freertos-10.0.0/Source/queue.o
                                                  src/ASF/thirdparty/freertos/freertos-10.0.0/Source/timers.o
xQueueGiveFromISR                                 src/ASF/thirdparty/freertos/freertos-10.0.0/Source/queue.o
xQueueGiveMutexRecursive                          src/ASF/thirdparty/freertos/freertos-10.0.0/Source/queue.o
xQueueIsQueueEmptyFromISR                         src/ASF/thirdparty/freertos/freertos-10.0.0/Source/queue.o
xQueueIsQueueFullFromISR                          src/ASF/thirdparty/freertos/freertos-10.0.0/Source/queue.o
xQueuePeek                                        src/ASF/thirdparty/freertos/freertos-10.0.0/Source/queue.o
xQueuePeekFromISR                                 src/ASF/thirdparty/freertos/freertos-10.0.0/Source/queue.o