Archive member included to satisfy reference by file (symbol)

c:/program files (x86)/atmel/studio/7.0/toolchain/arm/arm-gnu-toolchain/bin/../lib/gcc/arm-none-eabi/6.3.1/thumb/v6-m\libgcc.a(_udivsi3.o)
                              src/ASF/thirdparty/freertos/freertos-10.0.0/Source/portable/GCC/ARM_CM0/port.o (__aeabi_uidiv)
c:/program files (x86)/atmel/studio/7.0/toolchain/arm/arm-gnu-toolchain/bin/../lib/gcc/arm-none-eabi/6.3.1/thumb/v6-m\libgcc.a(_dvmd_tls.o)
                              c:/program files (x86)/atmel/studio/7.0/toolchain/arm/arm-gnu-toolchain/bin/../lib/gcc/arm-none-eabi/6.3.1/thumb/v6-m\libgcc.a(_udivsi3.o) (__aeabi_idiv0)
c:/program files (x86)/atmel/studio/7.0/toolchain/arm/arm-gnu-toolchain/bin/../lib/gcc/arm-none-eabi/6.3.1/thumb/v6-m\libgcc.a(_muldi3.o)
                              src/ASF/sam0/drivers/sercom/sercom.o (__aeabi_lmul)
c:/program files (x86)/atmel/studio/7.0/toolchain/arm/arm-gnu-toolchain/bin/../lib/gcc/arm-none-eabi/6.3.1/../../../../arm-none-eabi/lib/thumb/v6-m\libc_nano.a(lib_a-exit.o)
                              c:/program files (x86)/atmel/studio/7.0/toolchain/arm/arm-gnu-toolchain/bin/../lib/gcc/arm-none-eabi/6.3.1/../../../../arm-none-eabi/lib/thumb/v6-m/crt0.o (exit)
c:/program files (x86)/atmel/studio/7.0/toolchain/arm/arm-gnu-toolchain/bin/../lib/gcc/arm-none-eabi/6.3.1/../../../../arm-none-eabi/lib/thumb/v6-m\libc_nano.a(lib_a-impure.o)
                              c:/program files (x86)/atmel/studio/7.0/toolchain/arm/arm-gnu-toolchain/bin/../lib/gcc/arm-none-eabi/6.3.1/../../../../arm-none-eabi/lib/thumb/v6-m\libc_nano.a(lib_a-exit.o) (_global_impure_ptr)
c:/program files (x86)/atmel/studio/7.0/toolchain/arm/arm-gnu-toolchain/bin/../lib/gcc/arm-none-eabi/6.3.1/../../../../arm-none-eabi/lib/thumb/v6-m\libc_nano.a(lib_a-init.o)
                              c:/program files (x86)/atmel/studio/7.0/toolchain/arm/arm-gnu-toolchain/bin/../lib/gcc/arm-none-eabi/6.3.1/../../../../arm-none-eabi/lib/thumb/v6-m/crt0.o (__libc_init_array)
c:/program files (x86)/atmel/studio/7.0/toolchain/arm/arm-gnu-toolchain/bin/../lib/gcc/arm-none-eabi/6.3.1/../../../../arm-none-eabi/lib/thumb/v6-m\libc_nano.a(lib_a-malloc.o)
                              src/SerialConsole/circular_buffer.o (malloc)
c:/program files (x86)/atmel/studio/7.0/toolchain/arm/arm-gnu-toolchain/bin/../lib/gcc/arm-none-eabi/6.3.1/../../../../arm-none-eabi/lib/thumb/v6-m\libc_nano.a(lib_a-memcpy-stub.o)
                              src/ASF/thirdparty/freertos/freertos-10.0.0/Source/queue.o (memcpy)
c:/program files (x86)/atmel/studio/7.0/toolchain/arm/arm-gnu-toolchain/bin/../lib/gcc/arm-none-eabi/6.3.1/../../../../arm-none-eabi/lib/thumb/v6-m\libc_nano.a(lib_a-memset.o)
                              c:/program files (x86)/atmel/studio/7.0/toolchain/arm/arm-gnu-toolchain/bin/../lib/gcc/arm-none-eabi/6.3.1/../../../../arm-none-eabi/lib/thumb/v6-m/crt0.o (memset)
c:/program files (x86)/atmel/studio/7.0/toolchain/arm/arm-gnu-toolchain/bin/../lib/gcc/arm-none-eabi/6.3.1/../../../../arm-none-eabi/lib/thumb/v6-m\libc_nano.a(lib_a-nano-freer.o)
                              c:/program files (x86)/atmel/studio/7.0/toolchain/arm/arm-gnu-toolchain/bin/../lib/gcc/arm-none-eabi/6.3.1/../../../../arm-none-eabi/lib/thumb/v6-m\libc_nano.a(lib_a-malloc.o) (_free_r)
c:/program files (x86)/atmel/studio/7.0/toolchain/arm/arm-gnu-toolchain/bin/../lib/gcc/arm-none-eabi/6.3.1/../../../../arm-none-eabi/lib/thumb/v6-m\libc_nano.a(lib_a-nano-mallocr.o)
                              c:/program files (x86)/atmel/studio/7.0/toolchain/arm/arm-gnu-toolchain/bin/../lib/gcc/arm-none-eabi/6.3.1/../../../../arm-none-eabi/lib/thumb/v6-m\libc_nano.a(lib_a-malloc.o) (_malloc_r)
c:/program files (x86)/atmel/studio/7.0/toolchain/arm/arm-gnu-toolchain/bin/../lib/gcc/arm-none-eabi/6.3.1/../../../../arm-none-eabi/lib/thumb/v6-m\libc_nano.a(lib_a-sbrkr.o)
                              c:/program files (x86)/atmel/studio/7.0/toolchain/arm/arm-gnu-toolchain/bin/../lib/gcc/arm-none-eabi/6.3.1/../../../../arm-none-eabi/lib/thumb/v6-m\libc_nano.a(lib_a-nano-mallocr.o) (_sbrk_r)
c:/program files (x86)/atmel/studio/7.0/toolchain/arm/arm-gnu-toolchain/bin/../lib/gcc/arm-none-eabi/6.3.1/../../../../arm-none-eabi/lib/thumb/v6-m\libc_nano.a(lib_a-snprintf.o)
                              src/SerialConsole/dUART.o (snprintf)
c:/program files (x86)/atmel/studio/7.0/toolchain/arm/arm-gnu-toolchain/bin/../lib/gcc/arm-none-eabi/6.3.1/../../../../arm-none-eabi/lib/thumb/v6-m\libc_nano.a(lib_a-strlen.o)
                              src/SerialConsole/dUART.o (strlen)
c:/program files (x86)/atmel/studio/7.0/toolchain/arm/arm-gnu-toolchain/bin/../lib/gcc/arm-none-eabi/6.3.1/../../../../arm-none-eabi/lib/thumb/v6-m\libc_nano.a(lib_a-mlock.o)
                              c:/program files (x86)/atmel/studio/7.0/toolchain/arm/arm-gnu-toolchain/bin/../lib/gcc/arm-none-eabi/6.3.1/../../../../arm-none-eabi/lib/thumb/v6-m\libc_nano.a(lib_a-nano-freer.o) (__malloc_lock)
[...]
Memory Configuration

Name             Origin             Length             Attributes
rom              0x00000000         0x00040000         xr
ram              0x20000000         0x00008000         xrw
*default*        0x00000000         0xffffffff

Linker script and memory map

LOAD c:/program files (x86)/atmel/studio/7.0/toolchain/arm/arm-gnu-toolchain/bin/../lib/gcc/arm-none-eabi/6.3.1/thumb/v6-m/crti.o
LOAD c:/program files (x86)/atmel/studio/7.0/toolchain/arm/arm-gnu-toolchain/bin/../lib/gcc/arm-none-eabi/6.3.1/thumb/v6-m/crtbegin.o
LOAD c:/program files (x86)/atmel/studio/7.0/toolchain/arm/arm-gnu-toolchain/bin/../lib/gcc/arm-none-eabi/6.3.1/../../../../arm-none-eabi/lib/thumb/v6-m/crt0.o
LOAD src/ASF/sam0/drivers/sercom/sercom.o
LOAD src/SerialConsole/circular_buffer.o
LOAD src/ASF/sam0/drivers/sercom/usart/usart.o
LOAD src/ASF/sam0/drivers/sercom/usart/usart_interrupt.o
LOAD src/ASF/sam0/drivers/sercom/sercom_interrupt.o
LOAD src/ASF/thirdparty/freertos/freertos-10.0.0/Source/croutine.o
LOAD src/ASF/thirdparty/freertos/freertos-10.0.0/Source/event_groups.o
LOAD src/ASF/thirdparty/freertos/freertos-10.0.0/Source/portable/GCC/ARM_CM0/port.o
LOAD src/ASF/thirdparty/freertos/freertos-10.0.0/Source/portable/MemMang/heap_1.o
LOAD src/SerialConsole/dUART.o
LOAD src/ASF/thirdparty/freertos/freertos-10.0.0/Source/list.o
LOAD src/ASF/thirdparty/freertos/freertos-10.0.0/Source/queue.o
LOAD src/ASF/thirdparty/freertos/freertos-10.0.0/Source/stream_buffer.o
LOAD src/ASF/thirdparty/freertos/freertos-10.0.0/Source/tasks.o
LOAD src/ASF/thirdparty/freertos/freertos-10.0.0/Source/timers.o
LOAD src/ASF/common/utils/interrupt/interrupt_sam_nvic.o
LOAD src/ASF/sam0/boards/samw25_xplained_pro/board_init.o
LOAD src/ASF/sam0/drivers/port/port.o
LOAD src/ASF/sam0/drivers/system/clock/clock_samd21_r21_da_ha1/clock.o
LOAD src/ASF/sam0/drivers/system/clock/clock_samd21_r21_da_ha1/gclk.o
LOAD src/ASF/sam0/drivers/system/interrupt/system_interrupt.o
LOAD src/ASF/sam0/drivers/system/pinmux/pinmux.o
LOAD src/ASF/sam0/drivers/system/system.o
LOAD src/ASF/sam0/utils/cmsis/samd21/source/gcc/startup_samd21.o
LOAD src/ASF/sam0/utils/cmsis/samd21/source/system_samd21.o
LOAD src/ASF/sam0/utils/syscalls/gcc/syscalls.o
LOAD src/main.o
START GROUP
LOAD ../src/ASF/thirdparty/CMSIS/Lib/GCC\libarm_cortexM0l_math.a
LOAD c:/program files (x86)/atmel/studio/7.0/toolchain/arm/arm-gnu-toolchain/bin/../lib/gcc/arm-none-eabi/6.3.1/../../../../arm-none-eabi/lib/thumb/v6-m\libm.a
END GROUP
START GROUP
LOAD c:/program files (x86)/atmel/studio/7.0/toolchain/arm/arm-gnu-toolchain/bin/../lib/gcc/arm-none-eabi/6.3.1/thumb/v6-m\libgcc.a
LOAD c:/program files (x86)/atmel/studio/7.0/toolchain/arm/arm-gnu-toolchain/bin/../lib/gcc/arm-none-eabi/6.3.1/../../../../arm-none-eabi/lib/thumb/v6-m\libc_nano.a
END GROUP
START GROUP
LOAD c:/program files (x86)/atmel/studio/7.0/toolchain/arm/arm-gnu-toolchain/bin/../lib/gcc/arm-none-eabi/6.3.1/thumb/v6-m\libgcc.a
LOAD c:/program files (x86)/atmel/studio/7.0/toolchain/arm/arm-gnu-toolchain/bin/../lib/gcc/arm-none-eabi/6.3.1/../../../../arm-none-eabi/lib/thumb/v6-m\libc_nano.a
END GROUP
LOAD c:/program files (x86)/atmel/studio/7.0/toolchain/arm/arm-gnu-toolchain/bin/../lib/gcc/arm-none-eabi/6.3.1/thumb/v6-m/crtend.o
LOAD c:/program files (x86)/atmel/studio/7.0/toolchain/arm/arm-gnu-toolchain/bin/../lib/gcc/arm-none-eabi/6.3.1/thumb/v6-m/crtn.o
                0x00002000                STACK_SIZE = DEFINED (STACK_SIZE)?STACK_SIZE:DEFINED (__stack_size__)?__stack_size__:0x2000

.text           0x00000000     0x39e8
                0x00000000                . = ALIGN (0x4)
                0x00000000                _sfixed = .
 *(.vectors .vectors.*)
 .vectors       0x00000000       0xb4 src/ASF/sam0/utils/cmsis/samd21/source/gcc/startup_samd21.o
                0x00000000                exception_table
 *(.text .text.* .gnu.linkonce.t.*)
 .text          0x000000b4       0x60 c:/program files (x86)/atmel/studio/7.0/toolchain/arm/arm-gnu-toolchain/bin/../lib/gcc/arm-none-eabi/6.3.1/thumb/v6-m/crtbegin.o
 .text.long_division
                0x00000114       0xba src/ASF/sam0/drivers/sercom/sercom.o
 .text._sercom_get_sync_baud_val
                0x000001ce       0x28 src/ASF/sam0/drivers/sercom/sercom.o
                0x000001ce                _sercom_get_sync_baud_val
 *fill*         0x000001f6        0x2 
 .text._sercom_get_async_baud_val
                0x000001f8       0x94 src/ASF/sam0/drivers/sercom/sercom.o
                0x000001f8                _sercom_get_async_baud_val
 .text.sercom_set_gclk_generator
                0x0000028c       0x4c src/ASF/sam0/drivers/sercom/sercom.o
                0x0000028c                sercom_set_gclk_generator
 .text._sercom_get_default_pad
                0x000002d8      0x178 src/ASF/sam0/drivers/sercom/sercom.o
                0x000002d8                _sercom_get_default_pad
 .text._sercom_get_sercom_inst_index
                0x00000450       0x38 src/ASF/sam0/drivers/sercom/sercom.o
                0x00000450                _sercom_get_sercom_inst_index
 .text.advance_pointer
                0x00000488       0x34 src/SerialConsole/circular_buffer.o
 .text.circular_buf_init
                0x000004bc       0x20 src/SerialConsole/circular_buffer.o
                0x000004bc                circular_buf_init
 .text.circular_buf_put
                0x000004dc       0x14 src/SerialConsole/circular_buffer.o
                0x000004dc                circular_buf_put
 .text.circular_buf_empty
                0x000004f0       0x18 src/SerialConsole/circular_buffer.o
                0x000004f0                circular_buf_empty
 .text.circular_buf_get
                0x00000508       0x38 src/SerialConsole/circular_buffer.o
                0x00000508                circular_buf_get
 .text.usart_init
                0x00000540      0x33c src/ASF/sam0/drivers/sercom/usart/usart.o
                0x00000540                usart_init
 .text._usart_write_buffer
                0x0000087c       0x3c src/ASF/sam0/drivers/sercom/usart/usart_interrupt.o
                0x0000087c                _usart_write_buffer
 .text._usart_read_buffer
                0x000008b8       0x50 src/ASF/sam0/drivers/sercom/usart/usart_interrupt.o
                0x000008b8                _usart_read_buffer
 .text.usart_register_callback
                0x00000908       0x18 src/ASF/sam0/drivers/sercom/usart/usart_interrupt.o
                0x00000908                usart_register_callback
 .text.usart_write_buffer_job
                0x00000920       0x20 src/ASF/sam0/drivers/sercom/usart/usart_interrupt.o
                0x00000920                usart_write_buffer_job
 .text.usart_read_buffer_job
                0x00000940       0x20 src/ASF/sam0/drivers/sercom/usart/usart_interrupt.o
                0x00000940                usart_read_buffer_job
 .text.usart_get_job_status
                0x00000960       0x1c src/ASF/sam0/drivers/sercom/usart/usart_interrupt.o
                0x00000960                usart_get_job_status
 .text._usart_interrupt_handler
                0x0000097c      0x194 src/ASF/sam0/drivers/sercom/usart/usart_interrupt.o
                0x0000097c                _usart_interrupt_handler
 .text._sercom_default_handler
                0x00000b10        0x2 src/ASF/sam0/drivers/sercom/sercom_interrupt.o
 *fill*         0x00000b12        0x2 
 .text._sercom_set_handler
                0x00000b14       0x3c src/ASF/sam0/drivers/sercom/sercom_interrupt.o
                0x00000b14                _sercom_set_handler
 .text._sercom_get_interrupt_vector
                0x00000b50       0x30 src/ASF/sam0/drivers/sercom/sercom_interrupt.o
                0x00000b50                _sercom_get_interrupt_vector
 .text.SERCOM0_Handler
                0x00000b80       0x10 src/ASF/sam0/drivers/sercom/sercom_interrupt.o
                0x00000b80                SERCOM0_Handler
 .text.SERCOM1_Handler
                0x00000b90       0x10 src/ASF/sam0/drivers/sercom/sercom_interrupt.o
                0x00000b90                SERCOM1_Handler
 .text.SERCOM2_Handler
                0x00000ba0       0x10 src/ASF/sam0/drivers/sercom/sercom_interrupt.o
                0x00000ba0                SERCOM2_Handler
 .text.SERCOM3_Handler
                0x00000bb0       0x10 src/ASF/sam0/drivers/sercom/sercom_interrupt.o
                0x00000bb0                SERCOM3_Handler
 .text.SERCOM4_Handler
                0x00000bc0       0x10 src/ASF/sam0/drivers/sercom/sercom_interrupt.o
                0x00000bc0                SERCOM4_Handler
 .text.SERCOM5_Handler
                0x00000bd0       0x10 src/ASF/sam0/drivers/sercom/sercom_interrupt.o
                0x00000bd0                SERCOM5_Handler
 .text.prvTaskExitError
                0x00000be0       0x24 src/ASF/thirdparty/freertos/freertos-10.0.0/Source/portable/GCC/ARM_CM0/port.o
 *fill*         0x00000c04        0xc 
 .text.vPortStartFirstTask
                0x00000c10       0x34 src/ASF/thirdparty/freertos/freertos-10.0.0/Source/portable/GCC/ARM_CM0/port.o
 .text.pxPortInitialiseStack
                0x00000c44       0x20 src/ASF/thirdparty/freertos/freertos-10.0.0/Source/portable/GCC/ARM_CM0/port.o
                0x00000c44                pxPortInitialiseStack
 .text.SVC_Handler
                0x00000c64        0x2 src/ASF/thirdparty/freertos/freertos-10.0.0/Source/portable/GCC/ARM_CM0/port.o
                0x00000c64                SVC_Handler
 *fill*         0x00000c66        0x2 
 .text.xPortStartScheduler
                0x00000c68       0x78 src/ASF/thirdparty/freertos/freertos-10.0.0/Source/portable/GCC/ARM_CM0/port.o
                0x00000c68                xPortStartScheduler
 .text.vPortYield
                0x00000ce0       0x18 src/ASF/thirdparty/freertos/freertos-10.0.0/Source/portable/GCC/ARM_CM0/port.o
                0x00000ce0                vPortYield
 .text.vPortEnterCritical
                0x00000cf8       0x18 src/ASF/thirdparty/freertos/freertos-10.0.0/Source/portable/GCC/ARM_CM0/port.o
                0x00000cf8                vPortEnterCritical
 .text.vPortExitCritical
                0x00000d10       0x20 src/ASF/thirdparty/freertos/freertos-10.0.0/Source/portable/GCC/ARM_CM0/port.o
                0x00000d10                vPortExitCritical
 .text.ulSetInterruptMaskFromISR
                0x00000d30        0x8 src/ASF/thirdparty/freertos/freertos-10.0.0/Source/portable/GCC/ARM_CM0/port.o
                0x00000d30                ulSetInterruptMaskFromISR
 .text.vClearInterruptMaskFromISR
                0x00000d38        0x6 src/ASF/thirdparty/freertos/freertos-10.0.0/Source/portable/GCC/ARM_CM0/port.o
                0x00000d38                vClearInterruptMaskFromISR
 *fill*         0x00000d3e        0x2 
 .text.PendSV_Handler
                0x00000d40       0x44 src/ASF/thirdparty/freertos/freertos-10.0.0/Source/portable/GCC/ARM_CM0/port.o
                0x00000d40                PendSV_Handler
 .text.SysTick_Handler
                0x00000d84       0x30 src/ASF/thirdparty/freertos/freertos-10.0.0/Source/portable/GCC/ARM_CM0/port.o
                0x00000d84                SysTick_Handler
 .text.pvPortMalloc
                0x00000db4       0x78 src/ASF/thirdparty/freertos/freertos-10.0.0/Source/portable/MemMang/heap_1.o
                0x00000db4                pvPortMalloc
 .text.vPortFree
                0x00000e2c        0xa src/ASF/thirdparty/freertos/freertos-10.0.0/Source/portable/MemMang/heap_1.o
                0x00000e2c                vPortFree
 *fill*         0x00000e36        0x2 
 .text.dUART_WriteCallback
                0x00000e38       0x30 src/SerialConsole/dUART.o
                0x00000e38                dUART_WriteCallback
 .text.dUART_WriteString
                0x00000e68       0x74 src/SerialConsole/dUART.o
                0x00000e68                dUART_WriteString
 .text.dUART_Task
                0x00000edc       0x70 src/SerialConsole/dUART.o
                0x00000edc                dUART_Task
 .text.dUART_ReadCallback
                0x00000f4c       0x58 src/SerialConsole/dUART.o
                0x00000f4c                dUART_ReadCallback
 .text.dUART_Initialize
                0x00000fa4      0x13c src/SerialConsole/dUART.o
                0x00000fa4                dUART_Initialize
 .text.vListInitialise
                0x000010e0       0x16 src/ASF/thirdparty/freertos/freertos-10.0.0/Source/list.o
                0x000010e0                vListInitialise
 .text.vListInitialiseItem
                0x000010f6        0x6 src/ASF/thirdparty/freertos/freertos-10.0.0/Source/list.o
                0x000010f6                vListInitialiseItem
 .text.vListInsertEnd
                0x000010fc       0x18 src/ASF/thirdparty/freertos/freertos-10.0.0/Source/list.o
                0x000010fc                vListInsertEnd
 .text.vListInsert
                0x00001114       0x2e src/ASF/thirdparty/freertos/freertos-10.0.0/Source/list.o
                0x00001114                vListInsert
 .text.uxListRemove
                0x00001142       0x28 src/ASF/thirdparty/freertos/freertos-10.0.0/Source/list.o
                0x00001142                uxListRemove
 *fill*         0x0000116a        0x2 
 .text.prvIsQueueEmpty
                0x0000116c       0x1c src/ASF/thirdparty/freertos/freertos-10.0.0/Source/queue.o
 .text.prvCopyDataToQueue
                0x00001188       0x7c src/ASF/thirdparty/freertos/freertos-10.0.0/Source/queue.o
 .text.prvNotifyQueueSetContainer
                0x00001204       0x68 src/ASF/thirdparty/freertos/freertos-10.0.0/Source/queue.o
 .text.prvCopyDataFromQueue
                0x0000126c       0x28 src/ASF/thirdparty/freertos/freertos-10.0.0/Source/queue.o
 .text.prvUnlockQueue
                0x00001294       0xb0 src/ASF/thirdparty/freertos/freertos-10.0.0/Source/queue.o
 .text.xQueueGenericReset
                0x00001344       0x7c src/ASF/thirdparty/freertos/freertos-10.0.0/Source/queue.o
                0x00001344                xQueueGenericReset
 .text.xQueueGenericCreate
                0x000013c0       0x4c src/ASF/thirdparty/freertos/freertos-10.0.0/Source/queue.o
                0x000013c0                xQueueGenericCreate
 .text.xQueueGenericSend
                0x0000140c      0x18c src/ASF/thirdparty/freertos/freertos-10.0.0/Source/queue.o
                0x0000140c                xQueueGenericSend
 .text.xQueueGenericSendFromISR
                0x00001598       0xd0 src/ASF/thirdparty/freertos/freertos-10.0.0/Source/queue.o
                0x00001598                xQueueGenericSendFromISR
 .text.xQueueReceive
                0x00001668      0x154 src/ASF/thirdparty/freertos/freertos-10.0.0/Source/queue.o
                0x00001668                xQueueReceive
 .text.vQueueWaitForMessageRestricted
                0x000017bc       0x60 src/ASF/thirdparty/freertos/freertos-10.0.0/Source/queue.o
                0x000017bc                vQueueWaitForMessageRestricted
 .text.prvResetNextTaskUnblockTime
                0x0000181c       0x2c src/ASF/thirdparty/freertos/freertos-10.0.0/Source/tasks.o
 .text.prvIdleTask
                0x00001848       0x80 src/ASF/thirdparty/freertos/freertos-10.0.0/Source/tasks.o
 .text.prvAddCurrentTaskToDelayedList
                0x000018c8       0x88 src/ASF/thirdparty/freertos/freertos-10.0.0/Source/tasks.o
 .text.xTaskCreate
                0x00001950      0x1ec src/ASF/thirdparty/freertos/freertos-10.0.0/Source/tasks.o
                0x00001950                xTaskCreate
 .text.vTaskStartScheduler
                0x00001b3c       0x70 src/ASF/thirdparty/freertos/freertos-10.0.0/Source/tasks.o
                0x00001b3c                vTaskStartScheduler
 .text.vTaskSuspendAll
                0x00001bac       0x10 src/ASF/thirdparty/freertos/freertos-10.0.0/Source/tasks.o
                0x00001bac                vTaskSuspendAll
 .text.xTaskGetTickCount
                0x00001bbc        0xc src/ASF/thirdparty/freertos/freertos-10.0.0/Source/tasks.o
                0x00001bbc                xTaskGetTickCount
 .text.xTaskIncrementTick
                0x00001bc8      0x120 src/ASF/thirdparty/freertos/freertos-10.0.0/Source/tasks.o
                0x00001bc8                xTaskIncrementTick
 .text.xTaskResumeAll
                0x00001ce8      0x100 src/ASF/thirdparty/freertos/freertos-10.0.0/Source/tasks.o
                0x00001ce8                xTaskResumeAll
 .text.vTaskDelay
                0x00001de8       0x40 src/ASF/thirdparty/freertos/freertos-10.0.0/Source/tasks.o
                0x00001de8                vTaskDelay
 .text.vTaskSwitchContext
                0x00001e28       0xbc src/ASF/thirdparty/freertos/freertos-10.0.0/Source/tasks.o
                0x00001e28                vTaskSwitchContext
 .text.vTaskPlaceOnEventList
                0x00001ee4       0x2c src/ASF/thirdparty/freertos/freertos-10.0.0/Source/tasks.o
                0x00001ee4                vTaskPlaceOnEventList
 .text.vTaskPlaceOnEventListRestricted
                0x00001f10       0x38 src/ASF/thirdparty/freertos/freertos-10.0.0/Source/tasks.o
                0x00001f10                vTaskPlaceOnEventListRestricted
 .text.xTaskRemoveFromEventList
                0x00001f48       0x88 src/ASF/thirdparty/freertos/freertos-10.0.0/Source/tasks.o
                0x00001f48                xTaskRemoveFromEventList
 .text.vTaskInternalSetTimeOutState
                0x00001fd0       0x18 src/ASF/thirdparty/freertos/freertos-10.0.0/Source/tasks.o
                0x00001fd0                vTaskInternalSetTimeOutState
 .text.xTaskCheckForTimeOut
                0x00001fe8       0x70 src/ASF/thirdparty/freertos/freertos-10.0.0/Source/tasks.o
                0x00001fe8                xTaskCheckForTimeOut
 .text.vTaskMissedYield
                0x00002058        0xc src/ASF/thirdparty/freertos/freertos-10.0.0/Source/tasks.o
                0x00002058                vTaskMissedYield
 .text.xTaskGetSchedulerState
                0x00002064       0x20 src/ASF/thirdparty/freertos/freertos-10.0.0/Source/tasks.o
                0x00002064                xTaskGetSchedulerState
 .text.xTaskPriorityDisinherit
                0x00002084       0x7c src/ASF/thirdparty/freertos/freertos-10.0.0/Source/tasks.o
                0x00002084                xTaskPriorityDisinherit
 .text.prvInsertTimerInActiveList
                0x00002100       0x48 src/ASF/thirdparty/freertos/freertos-10.0.0/Source/timers.o
 .text.prvCheckForValidListAndQueue
                0x00002148       0x60 src/ASF/thirdparty/freertos/freertos-10.0.0/Source/timers.o
 .text.xTimerCreateTimerTask
                0x000021a8       0x48 src/ASF/thirdparty/freertos/freertos-10.0.0/Source/timers.o
                0x000021a8                xTimerCreateTimerTask
 .text.xTimerGenericCommand
                0x000021f0       0x6c src/ASF/thirdparty/freertos/freertos-10.0.0/Source/timers.o
                0x000021f0                xTimerGenericCommand
 .text.prvSampleTimeNow
                0x0000225c       0xb8 src/ASF/thirdparty/freertos/freertos-10.0.0/Source/timers.o
 .text.prvTimerTask
                0x00002314      0x190 src/ASF/thirdparty/freertos/freertos-10.0.0/Source/timers.o
 .text.cpu_irq_enter_critical
                0x000024a4       0x40 src/ASF/common/utils/interrupt/interrupt_sam_nvic.o
                0x000024a4                cpu_irq_enter_critical
 .text.cpu_irq_leave_critical
                0x000024e4       0x30 src/ASF/common/utils/interrupt/interrupt_sam_nvic.o
                0x000024e4                cpu_irq_leave_critical
 .text.system_board_init
                0x00002514       0x38 src/ASF/sam0/boards/samw25_xplained_pro/board_init.o
                0x00002514                board_init
                0x00002514                system_board_init
 .text.port_pin_set_config
                0x0000254c       0x24 src/ASF/sam0/drivers/port/port.o
                0x0000254c                port_pin_set_config
 .text.system_clock_source_get_hz
                0x00002570       0x94 src/ASF/sam0/drivers/system/clock/clock_samd21_r21_da_ha1/clock.o
                0x00002570                system_clock_source_get_hz
 .text.system_clock_source_osc8m_set_config
                0x00002604       0x3c src/ASF/sam0/drivers/system/clock/clock_samd21_r21_da_ha1/clock.o
                0x00002604                system_clock_source_osc8m_set_config
 .text.system_clock_source_xosc32k_set_config
                0x00002640       0xb8 src/ASF/sam0/drivers/system/clock/clock_samd21_r21_da_ha1/clock.o
                0x00002640                system_clock_source_xosc32k_set_config
 .text.system_clock_source_dfll_set_config
                0x000026f8       0x80 src/ASF/sam0/drivers/system/clock/clock_samd21_r21_da_ha1/clock.o
                0x000026f8                system_clock_source_dfll_set_config
 .text.system_clock_source_enable
                0x00002778       0xa8 src/ASF/sam0/drivers/system/clock/clock_samd21_r21_da_ha1/clock.o
                0x00002778                system_clock_source_enable
 .text.system_clock_init
                0x00002820      0x160 src/ASF/sam0/drivers/system/clock/clock_samd21_r21_da_ha1/clock.o
                0x00002820                system_clock_init
 .text.system_gclk_init
                0x00002980       0x24 src/ASF/sam0/drivers/system/clock/clock_samd21_r21_da_ha1/gclk.o
                0x00002980                system_gclk_init
 .text.system_gclk_gen_set_config
                0x000029a4       0xb8 src/ASF/sam0/drivers/system/clock/clock_samd21_r21_da_ha1/gclk.o
                0x000029a4                system_gclk_gen_set_config
 .text.system_gclk_gen_enable
                0x00002a5c       0x44 src/ASF/sam0/drivers/system/clock/clock_samd21_r21_da_ha1/gclk.o
                0x00002a5c                system_gclk_gen_enable
 .text.system_gclk_gen_get_hz
                0x00002aa0       0x8c src/ASF/sam0/drivers/system/clock/clock_samd21_r21_da_ha1/gclk.o
                0x00002aa0                system_gclk_gen_get_hz
 .text.system_gclk_chan_enable
                0x00002b2c       0x30 src/ASF/sam0/drivers/system/clock/clock_samd21_r21_da_ha1/gclk.o
                0x00002b2c                system_gclk_chan_enable
 .text.system_gclk_chan_disable
                0x00002b5c       0x5c src/ASF/sam0/drivers/system/clock/clock_samd21_r21_da_ha1/gclk.o
                0x00002b5c                system_gclk_chan_disable
 .text.system_gclk_chan_set_config
                0x00002bb8       0x1c src/ASF/sam0/drivers/system/clock/clock_samd21_r21_da_ha1/gclk.o
                0x00002bb8                system_gclk_chan_set_config
 .text.system_gclk_chan_get_hz
                0x00002bd4       0x34 src/ASF/sam0/drivers/system/clock/clock_samd21_r21_da_ha1/gclk.o
                0x00002bd4                system_gclk_chan_get_hz
 .text._system_pinmux_config
                0x00002c08       0xa8 src/ASF/sam0/drivers/system/pinmux/pinmux.o
 .text.system_pinmux_pin_set_config
                0x00002cb0       0x30 src/ASF/sam0/drivers/system/pinmux/pinmux.o
                0x00002cb0                system_pinmux_pin_set_config
 .text._system_dummy_init
                0x00002ce0        0x2 src/ASF/sam0/drivers/system/system.o
                0x00002ce0                _system_extint_init
                0x00002ce0                _system_events_init
                0x00002ce0                _system_dummy_init
                0x00002ce0                _system_divas_init
 *fill*         0x00002ce2        0x2 
 .text.system_init
                0x00002ce4       0x2c src/ASF/sam0/drivers/system/system.o
                0x00002ce4                system_init
 .text.Dummy_Handler
                0x00002d10        0x2 src/ASF/sam0/utils/cmsis/samd21/source/gcc/startup_samd21.o
                0x00002d10                DMAC_Handler
                0x00002d10                HardFault_Handler
                0x00002d10                AC_Handler
                0x00002d10                NMI_Handler
                0x00002d10                ADC_Handler
                0x00002d10                TCC1_Handler
                0x00002d10                TCC0_Handler
                0x00002d10                RTC_Handler
                0x00002d10                EIC_Handler
                0x00002d10                WDT_Handler
                0x00002d10                TC4_Handler
                0x00002d10                USB_Handler
                0x00002d10                TC3_Handler
                0x00002d10                Dummy_Handler
                0x00002d10                PM_Handler
                0x00002d10                TCC2_Handler
                0x00002d10                EVSYS_Handler
                0x00002d10                I2S_Handler
                0x00002d10                NVMCTRL_Handler
                0x00002d10                DAC_Handler
                0x00002d10                PTC_Handler
                0x00002d10                TC5_Handler
                0x00002d10                SYSCTRL_Handler
 *fill*         0x00002d12        0x2 
 .text.Reset_Handler
                0x00002d14       0xe4 src/ASF/sam0/utils/cmsis/samd21/source/gcc/startup_samd21.o
                0x00002d14                Reset_Handler
 .text._sbrk    0x00002df8       0x24 src/ASF/sam0/utils/syscalls/gcc/syscalls.o
                0x00002df8                _sbrk
 .text.CreateTasks
                0x00002e1c       0x28 src/main.o
                0x00002e1c                CreateTasks
 .text.main     0x00002e44       0x34 src/main.o
                0x00002e44                main
 .text.vApplicationDaemonTaskStartupHook
                0x00002e78        0x2 src/main.o
                0x00002e78                vApplicationDaemonTaskStartupHook
 .text.vApplicationMallocFailedHook
                0x00002e7a        0x2 src/main.o
                0x00002e7a                vApplicationMallocFailedHook
 .text.vApplicationStackOverflowHook
                0x00002e7c        0x2 src/main.o
                0x00002e7c                vApplicationStackOverflowHook
 *fill*         0x00002e7e        0x2 
 .text          0x00002e80      0x114 c:/program files (x86)/atmel/studio/7.0/toolchain/arm/arm-gnu-toolchain/bin/../lib/gcc/arm-none-eabi/6.3.1/thumb/v6-m\libgcc.a(_udivsi3.o)
                0x00002e80                __aeabi_uidiv
                0x00002e80                __udivsi3
                0x00002f8c                __aeabi_uidivmod
 .text          0x00002f94        0x4 c:/program files (x86)/atmel/studio/7.0/toolchain/arm/arm-gnu-toolchain/bin/../lib/gcc/arm-none-eabi/6.3.1/thumb/v6-m\libgcc.a(_dvmd_tls.o)
                0x00002f94                __aeabi_idiv0
                0x00002f94                __aeabi_ldiv0
 .text          0x00002f98       0x54 c:/program files (x86)/atmel/studio/7.0/toolchain/arm/arm-gnu-toolchain/bin/../lib/gcc/arm-none-eabi/6.3.1/thumb/v6-m\libgcc.a(_muldi3.o)
                0x00002f98                __muldi3
                0x00002f98                __aeabi_lmul
 .text.__libc_init_array
                0x00002fec       0x48 c:/program files (x86)/atmel/studio/7.0/toolchain/arm/arm-gnu-toolchain/bin/../lib/gcc/arm-none-eabi/6.3.1/../../../../arm-none-eabi/lib/thumb/v6-m\libc_nano.a(lib_a-init.o)
                0x00002fec                __libc_init_array
 .text.malloc   0x00003034       0x14 c:/program files (x86)/atmel/studio/7.0/toolchain/arm/arm-gnu-toolchain/bin/../lib/gcc/arm-none-eabi/6.3.1/../../../../arm-none-eabi/lib/thumb/v6-m\libc_nano.a(lib_a-malloc.o)
                0x00003034                malloc
 .text.memcpy   0x00003048       0x12 c:/program files (x86)/atmel/studio/7.0/toolchain/arm/arm-gnu-toolchain/bin/../lib/gcc/arm-none-eabi/6.3.1/../../../../arm-none-eabi/lib/thumb/v6-m\libc_nano.a(lib_a-memcpy-stub.o)
                0x00003048                memcpy
 .text.memset   0x0000305a       0x10 c:/program files (x86)/atmel/studio/7.0/toolchain/arm/arm-gnu-toolchain/bin/../lib/gcc/arm-none-eabi/6.3.1/../../../../arm-none-eabi/lib/thumb/v6-m\libc_nano.a(lib_a-memset.o)
                0x0000305a                memset
 *fill*         0x0000306a        0x2 
 .text._free_r  0x0000306c       0x94 c:/program files (x86)/atmel/studio/7.0/toolchain/arm/arm-gnu-toolchain/bin/../lib/gcc/arm-none-eabi/6.3.1/../../../../arm-none-eabi/lib/thumb/v6-m\libc_nano.a(lib_a-nano-freer.o)
                0x0000306c                _free_r
 .text._malloc_r
                0x00003100       0xbc c:/program files (x86)/atmel/studio/7.0/toolchain/arm/arm-gnu-toolchain/bin/../lib/gcc/arm-none-eabi/6.3.1/../../../../arm-none-eabi/lib/thumb/v6-m\libc_nano.a(lib_a-nano-mallocr.o)
                0x00003100                _malloc_r
 .text._sbrk_r  0x000031bc       0x24 c:/program files (x86)/atmel/studio/7.0/toolchain/arm/arm-gnu-toolchain/bin/../lib/gcc/arm-none-eabi/6.3.1/../../../../arm-none-eabi/lib/thumb/v6-m\libc_nano.a(lib_a-sbrkr.o)
                0x000031bc                _sbrk_r
 .text.snprintf
                0x000031e0       0x64 c:/program files (x86)/atmel/studio/7.0/toolchain/arm/arm-gnu-toolchain/bin/../lib/gcc/arm-none-eabi/6.3.1/../../../../arm-none-eabi/lib/thumb/v6-m\libc_nano.a(lib_a-snprintf.o)
                0x000031e0                sniprintf
                0x000031e0                snprintf
 .text          0x00003244        0xe c:/program files (x86)/atmel/studio/7.0/toolchain/arm/arm-gnu-toolchain/bin/../lib/gcc/arm-none-eabi/6.3.1/../../../../arm-none-eabi/lib/thumb/v6-m\libc_nano.a(lib_a-strlen.o)
                0x00003244                strlen
 .text.__malloc_lock
                0x00003252        0x2 c:/program files (x86)/atmel/studio/7.0/toolchain/arm/arm-gnu-toolchain/bin/../lib/gcc/arm-none-eabi/6.3.1/../../../../arm-none-eabi/lib/thumb/v6-m\libc_nano.a(lib_a-mlock.o)
                0x00003252                __malloc_lock
 .text.__malloc_unlock
                0x00003254        0x2 c:/program files (x86)/atmel/studio/7.0/toolchain/arm/arm-gnu-toolchain/bin/../lib/gcc/arm-none-eabi/6.3.1/../../../../arm-none-eabi/lib/thumb/v6-m\libc_nano.a(lib_a-mlock.o)
                0x00003254                __malloc_unlock
 *fill*         0x00003256        0x2 
 .text.__ssputs_r
                0x00003258       0xc4 c:/program files (x86)/atmel/studio/7.0/toolchain/arm/arm-gnu-toolchain/bin/../lib/gcc/arm-none-eabi/6.3.1/../../../../arm-none-eabi/lib/thumb/v6-m\libc_nano.a(lib_a-nano-svfprintf.o)
                0x00003258                __ssputs_r
 .text._svfprintf_r
                0x0000331c      0x208 c:/program files (x86)/atmel/studio/7.0/toolchain/arm/arm-gnu-toolchain/bin/../lib/gcc/arm-none-eabi/6.3.1/../../../../arm-none-eabi/lib/thumb/v6-m\libc_nano.a(lib_a-nano-svfprintf.o)
                0x0000331c                _svfiprintf_r
                0x0000331c                _svfprintf_r
 .text._printf_common
                0x00003524       0xda c:/program files (x86)/atmel/studio/7.0/toolchain/arm/arm-gnu-toolchain/bin/../lib/gcc/arm-none-eabi/6.3.1/../../../../arm-none-eabi/lib/thumb/v6-m\libc_nano.a(lib_a-nano-vfprintf_i.o)
                0x00003524                _printf_common
 *fill*         0x000035fe        0x2 
 .text._printf_i
                0x00003600      0x234 c:/program files (x86)/atmel/studio/7.0/toolchain/arm/arm-gnu-toolchain/bin/../lib/gcc/arm-none-eabi/6.3.1/../../../../arm-none-eabi/lib/thumb/v6-m\libc_nano.a(lib_a-nano-vfprintf_i.o)
                0x00003600                _printf_i
 .text.memchr   0x00003834       0x16 c:/program files (x86)/atmel/studio/7.0/toolchain/arm/arm-gnu-toolchain/bin/../lib/gcc/arm-none-eabi/6.3.1/../../../../arm-none-eabi/lib/thumb/v6-m\libc_nano.a(lib_a-memchr-stub.o)
                0x00003834                memchr
 .text.memmove  0x0000384a       0x24 c:/program files (x86)/atmel/studio/7.0/toolchain/arm/arm-gnu-toolchain/bin/../lib/gcc/arm-none-eabi/6.3.1/../../../../arm-none-eabi/lib/thumb/v6-m\libc_nano.a(lib_a-memmove.o)
                0x0000384a                memmove
 .text._realloc_r
                0x0000386e       0x4c c:/program files (x86)/atmel/studio/7.0/toolchain/arm/arm-gnu-toolchain/bin/../lib/gcc/arm-none-eabi/6.3.1/../../../../arm-none-eabi/lib/thumb/v6-m\libc_nano.a(lib_a-nano-reallocr.o)
                0x0000386e                _realloc_r
 .text._malloc_usable_size_r
                0x000038ba       0x10 c:/program files (x86)/atmel/studio/7.0/toolchain/arm/arm-gnu-toolchain/bin/../lib/gcc/arm-none-eabi/6.3.1/../../../../arm-none-eabi/lib/thumb/v6-m\libc_nano.a(lib_a-nano-msizer.o)
                0x000038ba                _malloc_usable_size_r
 *(.glue_7t)
 .glue_7t       0x000038ca        0x0 linker stubs
 *(.glue_7)
 .glue_7        0x000038ca        0x0 linker stubs
 *(.rodata .rodata* .gnu.linkonce.r.*)
 *fill*         0x000038ca        0x2 
 .rodata        0x000038cc       0x18 src/ASF/sam0/drivers/sercom/sercom.o
 .rodata.dUART_ReadCallback.str1.4
                0x000038e4        0xf src/SerialConsole/dUART.o
 *fill*         0x000038f3        0x1 
 .rodata.dUART_Task.str1.4
                0x000038f4        0x3 src/SerialConsole/dUART.o
                                  0x7 (size before relaxing)
 *fill*         0x000038f7        0x1 
 .rodata.vTaskStartScheduler.str1.4
                0x000038f8        0x5 src/ASF/thirdparty/freertos/freertos-10.0.0/Source/tasks.o
 *fill*         0x000038fd        0x3 
 .rodata.prvTimerTask
                0x00003900       0x28 src/ASF/thirdparty/freertos/freertos-10.0.0/Source/timers.o
 .rodata.xTimerCreateTimerTask.str1.4
                0x00003928        0x8 src/ASF/thirdparty/freertos/freertos-10.0.0/Source/timers.o
 .rodata.system_clock_source_get_hz
                0x00003930       0x24 src/ASF/sam0/drivers/system/clock/clock_samd21_r21_da_ha1/clock.o
 .rodata.system_clock_source_enable
                0x00003954       0x24 src/ASF/sam0/drivers/system/clock/clock_samd21_r21_da_ha1/clock.o
 .rodata.CreateTasks.str1.4
                0x00003978        0xa src/main.o
 *fill*         0x00003982        0x2 
 .rodata.main.str1.4
                0x00003984       0x10 src/main.o
                                  0xe (size before relaxing)
 .rodata._svfprintf_r.str1.1
                0x00003994       0x11 c:/program files (x86)/atmel/studio/7.0/toolchain/arm/arm-gnu-toolchain/bin/../lib/gcc/arm-none-eabi/6.3.1/../../../../arm-none-eabi/lib/thumb/v6-m\libc_nano.a(lib_a-nano-svfprintf.o)
 .rodata._printf_i.str1.1
                0x000039a5       0x22 c:/program files (x86)/atmel/studio/7.0/toolchain/arm/arm-gnu-toolchain/bin/../lib/gcc/arm-none-eabi/6.3.1/../../../../arm-none-eabi/lib/thumb/v6-m\libc_nano.a(lib_a-nano-vfprintf_i.o)
 *(.ARM.extab* .gnu.linkonce.armextab.*)
                0x000039c8                . = ALIGN (0x4)
 *fill*         0x000039c7        0x1 
 *(.init)
 .init          0x000039c8        0x4 c:/program files (x86)/atmel/studio/7.0/toolchain/arm/arm-gnu-toolchain/bin/../lib/gcc/arm-none-eabi/6.3.1/thumb/v6-m/crti.o
                0x000039c8                _init
 .init          0x000039cc        0x8 c:/program files (x86)/atmel/studio/7.0/toolchain/arm/arm-gnu-toolchain/bin/../lib/gcc/arm-none-eabi/6.3.1/thumb/v6-m/crtn.o
                0x000039d4                . = ALIGN (0x4)
                0x000039d4                __preinit_array_start = .
 *(.preinit_array)
                0x000039d4                __preinit_array_end = .
                0x000039d4                . = ALIGN (0x4)
                0x000039d4                __init_array_start = .
 *(SORT(.init_array.*))
 *(.init_array)
 .init_array    0x000039d4        0x4 c:/program files (x86)/atmel/studio/7.0/toolchain/arm/arm-gnu-toolchain/bin/../lib/gcc/arm-none-eabi/6.3.1/thumb/v6-m/crtbegin.o
                0x000039d8                __init_array_end = .
                0x000039d8                . = ALIGN (0x4)
 *crtbegin.o(.ctors)
 *(EXCLUDE_FILE(*crtend.o) .ctors)
 *(SORT(.ctors.*))
 *crtend.o(.ctors)
                0x000039d8                . = ALIGN (0x4)
 *(.fini)
 .fini          0x000039d8        0x4 c:/program files (x86)/atmel/studio/7.0/toolchain/arm/arm-gnu-toolchain/bin/../lib/gcc/arm-none-eabi/6.3.1/thumb/v6-m/crti.o
                0x000039d8                _fini
 .fini          0x000039dc        0x8 c:/program files (x86)/atmel/studio/7.0/toolchain/arm/arm-gnu-toolchain/bin/../lib/gcc/arm-none-eabi/6.3.1/thumb/v6-m/crtn.o
                0x000039e4                . = ALIGN (0x4)
                0x000039e4                __fini_array_start = .
 *(.fini_array)
 .fini_array    0x000039e4        0x4 c:/program files (x86)/atmel/studio/7.0/toolchain/arm/arm-gnu-toolchain/bin/../lib/gcc/arm-none-eabi/6.3.1/thumb/v6-m/crtbegin.o
 *(SORT(.fini_array.*))
                0x000039e8                __fini_array_end = .
 *crtbegin.o(.dtors)
 *(EXCLUDE_FILE(*crtend.o) .dtors)
 *(SORT(.dtors.*))
 *crtend.o(.dtors)
                0x000039e8                . = ALIGN (0x4)
                0x000039e8                _efixed = .
                [!provide]                PROVIDE (__exidx_start, .)

.vfp11_veneer   0x000039e8        0x0
 .vfp11_veneer  0x000039e8        0x0 linker stubs

.v4_bx          0x000039e8        0x0
 .v4_bx         0x000039e8        0x0 linker stubs

.iplt           0x000039e8        0x0
 .iplt          0x000039e8        0x0 c:/program files (x86)/atmel/studio/7.0/toolchain/arm/arm-gnu-toolchain/bin/../lib/gcc/arm-none-eabi/6.3.1/thumb/v6-m/crtbegin.o

.eh_frame       0x000039e8        0x0
 .eh_frame      0x000039e8        0x0 c:/program files (x86)/atmel/studio/7.0/toolchain/arm/arm-gnu-toolchain/bin/../lib/gcc/arm-none-eabi/6.3.1/thumb/v6-m/crtbegin.o

.rel.dyn        0x000039e8        0x0
 .rel.iplt      0x000039e8        0x0 c:/program files (x86)/atmel/studio/7.0/toolchain/arm/arm-gnu-toolchain/bin/../lib/gcc/arm-none-eabi/6.3.1/thumb/v6-m/crtbegin.o

.jcr            0x000039e8        0x0
 .jcr           0x000039e8        0x0 c:/program files (x86)/atmel/studio/7.0/toolchain/arm/arm-gnu-toolchain/bin/../lib/gcc/arm-none-eabi/6.3.1/thumb/v6-m/crtbegin.o

.igot.plt       0x000039e8        0x0
 .igot.plt      0x000039e8        0x0 c:/program files (x86)/atmel/studio/7.0/toolchain/arm/arm-gnu-toolchain/bin/../lib/gcc/arm-none-eabi/6.3.1/thumb/v6-m/crtbegin.o

.ARM.exidx
 *(.ARM.exidx* .gnu.linkonce.armexidx.*)
                [!provide]                PROVIDE (__exidx_end, .)
                0x000039e8                . = ALIGN (0x4)
                0x000039e8                _etext = .

.relocate       0x20000000       0x6c load address 0x000039e8
                0x20000000                . = ALIGN (0x4)
                0x20000000                _srelocate = .
 *(.ramfunc .ramfunc.*)
 *(.data .data.*)
 .data.uxCriticalNesting
                0x20000000        0x4 src/ASF/thirdparty/freertos/freertos-10.0.0/Source/portable/GCC/ARM_CM0/port.o
 .data.g_interrupt_enabled
                0x20000004        0x1 src/ASF/common/utils/interrupt/interrupt_sam_nvic.o
                0x20000004                g_interrupt_enabled
 *fill*         0x20000005        0x3 
 .data._impure_ptr
                0x20000008        0x4 c:/program files (x86)/atmel/studio/7.0/toolchain/arm/arm-gnu-toolchain/bin/../lib/gcc/arm-none-eabi/6.3.1/../../../../arm-none-eabi/lib/thumb/v6-m\libc_nano.a(lib_a-impure.o)
                0x20000008                _impure_ptr
 .data.impure_data
                0x2000000c       0x60 c:/program files (x86)/atmel/studio/7.0/toolchain/arm/arm-gnu-toolchain/bin/../lib/gcc/arm-none-eabi/6.3.1/../../../../arm-none-eabi/lib/thumb/v6-m\libc_nano.a(lib_a-impure.o)
                0x2000006c                . = ALIGN (0x4)
                0x2000006c                _erelocate = .

.bss            0x2000006c     0x34f0 load address 0x00003a54
                0x2000006c                . = ALIGN (0x4)
                0x2000006c                _sbss = .
                0x2000006c                _szero = .
 *(.bss .bss.*)
 .bss           0x2000006c       0x1c c:/program files (x86)/atmel/studio/7.0/toolchain/arm/arm-gnu-toolchain/bin/../lib/gcc/arm-none-eabi/6.3.1/thumb/v6-m/crtbegin.o
 .bss._sercom_config
                0x20000088        0x2 src/ASF/sam0/drivers/sercom/sercom.o
 .bss._handler_table_initialized
                0x2000008a        0x1 src/ASF/sam0/drivers/sercom/sercom_interrupt.o
 *fill*         0x2000008b        0x1 
 .bss._sercom_interrupt_handlers
                0x2000008c       0x18 src/ASF/sam0/drivers/sercom/sercom_interrupt.o
 .bss.pucAlignedHeap.12053
                0x200000a4        0x4 src/ASF/thirdparty/freertos/freertos-10.0.0/Source/portable/MemMang/heap_1.o
 .bss.ucHeap    0x200000a8     0x2ee0 src/ASF/thirdparty/freertos/freertos-10.0.0/Source/portable/MemMang/heap_1.o
 .bss.xNextFreeByte
                0x20002f88        0x4 src/ASF/thirdparty/freertos/freertos-10.0.0/Source/portable/MemMang/heap_1.o
 .bss.pxCurrentTCB
                0x20002f8c        0x4 src/ASF/thirdparty/freertos/freertos-10.0.0/Source/tasks.o
                0x20002f8c                pxCurrentTCB
 .bss.pxDelayedTaskList
                0x20002f90        0x4 src/ASF/thirdparty/freertos/freertos-10.0.0/Source/tasks.o
 .bss.pxOverflowDelayedTaskList
                0x20002f94        0x4 src/ASF/thirdparty/freertos/freertos-10.0.0/Source/tasks.o
 .bss.pxReadyTasksLists
                0x20002f98       0x64 src/ASF/thirdparty/freertos/freertos-10.0.0/Source/tasks.o
 .bss.uxCurrentNumberOfTasks
                0x20002ffc        0x4 src/ASF/thirdparty/freertos/freertos-10.0.0/Source/tasks.o
 .bss.uxDeletedTasksWaitingCleanUp
                0x20003000        0x4 src/ASF/thirdparty/freertos/freertos-10.0.0/Source/tasks.o
 .bss.uxPendedTicks
                0x20003004        0x4 src/ASF/thirdparty/freertos/freertos-10.0.0/Source/tasks.o
 .bss.uxSchedulerSuspended
                0x20003008        0x4 src/ASF/thirdparty/freertos/freertos-10.0.0/Source/tasks.o
 .bss.uxTaskNumber
                0x2000300c        0x4 src/ASF/thirdparty/freertos/freertos-10.0.0/Source/tasks.o
 .bss.uxTopReadyPriority
                0x20003010        0x4 src/ASF/thirdparty/freertos/freertos-10.0.0/Source/tasks.o
 .bss.xDelayedTaskList1
                0x20003014       0x14 src/ASF/thirdparty/freertos/freertos-10.0.0/Source/tasks.o
 .bss.xDelayedTaskList2
                0x20003028       0x14 src/ASF/thirdparty/freertos/freertos-10.0.0/Source/tasks.o
 .bss.xIdleTaskHandle
                0x2000303c        0x4 src/ASF/thirdparty/freertos/freertos-10.0.0/Source/tasks.o
 .bss.xNextTaskUnblockTime
                0x20003040        0x4 src/ASF/thirdparty/freertos/freertos-10.0.0/Source/tasks.o
 .bss.xNumOfOverflows
                0x20003044        0x4 src/ASF/thirdparty/freertos/freertos-10.0.0/Source/tasks.o
 .bss.xPendingReadyList
                0x20003048       0x14 src/ASF/thirdparty/freertos/freertos-10.0.0/Source/tasks.o
 .bss.xSchedulerRunning
                0x2000305c        0x4 src/ASF/thirdparty/freertos/freertos-10.0.0/Source/tasks.o
 .bss.xSuspendedTaskList
                0x20003060       0x14 src/ASF/thirdparty/freertos/freertos-10.0.0/Source/tasks.o
 .bss.xTasksWaitingTermination
                0x20003074       0x14 src/ASF/thirdparty/freertos/freertos-10.0.0/Source/tasks.o
 .bss.xTickCount
                0x20003088        0x4 src/ASF/thirdparty/freertos/freertos-10.0.0/Source/tasks.o
 .bss.xYieldPending
                0x2000308c        0x4 src/ASF/thirdparty/freertos/freertos-10.0.0/Source/tasks.o
 .bss.pxCurrentTimerList
                0x20003090        0x4 src/ASF/thirdparty/freertos/freertos-10.0.0/Source/timers.o
 .bss.pxOverflowTimerList
                0x20003094        0x4 src/ASF/thirdparty/freertos/freertos-10.0.0/Source/timers.o
 .bss.xActiveTimerList1
                0x20003098       0x14 src/ASF/thirdparty/freertos/freertos-10.0.0/Source/timers.o
 .bss.xActiveTimerList2
                0x200030ac       0x14 src/ASF/thirdparty/freertos/freertos-10.0.0/Source/timers.o
 .bss.xLastTime.12354
                0x200030c0        0x4 src/ASF/thirdparty/freertos/freertos-10.0.0/Source/timers.o
 .bss.xTimerQueue
                0x200030c4        0x4 src/ASF/thirdparty/freertos/freertos-10.0.0/Source/timers.o
 .bss.xTimerTaskHandle
                0x200030c8        0x4 src/ASF/thirdparty/freertos/freertos-10.0.0/Source/timers.o
 .bss.cpu_irq_critical_section_counter
                0x200030cc        0x4 src/ASF/common/utils/interrupt/interrupt_sam_nvic.o
 .bss.cpu_irq_prev_interrupt_state
                0x200030d0        0x1 src/ASF/common/utils/interrupt/interrupt_sam_nvic.o
 *fill*         0x200030d1        0x3 
 .bss._system_clock_inst
                0x200030d4       0x18 src/ASF/sam0/drivers/system/clock/clock_samd21_r21_da_ha1/clock.o
 .bss.heap.5296
                0x200030ec        0x4 src/ASF/sam0/utils/syscalls/gcc/syscalls.o
 .bss.__malloc_free_list
                0x200030f0        0x4 c:/program files (x86)/atmel/studio/7.0/toolchain/arm/arm-gnu-toolchain/bin/../lib/gcc/arm-none-eabi/6.3.1/../../../../arm-none-eabi/lib/thumb/v6-m\libc_nano.a(lib_a-nano-mallocr.o)
                0x200030f0                __malloc_free_list
 .bss.__malloc_sbrk_start
                0x200030f4        0x4 c:/program files (x86)/atmel/studio/7.0/toolchain/arm/arm-gnu-toolchain/bin/../lib/gcc/arm-none-eabi/6.3.1/../../../../arm-none-eabi/lib/thumb/v6-m\libc_nano.a(lib_a-nano-mallocr.o)
                0x200030f4                __malloc_sbrk_start
 *(COMMON)
 COMMON         0x200030f8       0x18 src/ASF/sam0/drivers/sercom/sercom_interrupt.o
                0x200030f8                _sercom_instances
 COMMON         0x20003110      0x448 src/SerialConsole/dUART.o
                0x20003110                usart_instance
                0x20003144                MsgQueue
                0x20003148                cbufRx
                0x2000314c                latestRx
                0x20003150                txCharacterBuffer
                0x20003350                rxCharacterBuffer
                0x20003550                latestTx
                0x20003554                cbufTx
 COMMON         0x20003558        0x4 c:/program files (x86)/atmel/studio/7.0/toolchain/arm/arm-gnu-toolchain/bin/../lib/gcc/arm-none-eabi/6.3.1/../../../../arm-none-eabi/lib/thumb/v6-m\libc_nano.a(lib_a-reent.o)
                0x20003558                errno
                0x2000355c                . = ALIGN (0x4)
                0x2000355c                _ebss = .
                0x2000355c                _ezero = .

.stack          0x2000355c     0x2004 load address 0x00006f44
                0x20003560                . = ALIGN (0x8)
 *fill*         0x2000355c        0x4 
                0x20003560                _sstack = .
                0x20005560                . = (. + STACK_SIZE)
 *fill*         0x20003560     0x2000 
                0x20005560                . = ALIGN (0x8)
                0x20005560                _estack = .
                0x20005560                . = ALIGN (0x4)
                0x20005560                _end = .
OUTPUT(FreeRTOS.elf elf32-littlearm)

.ARM.attributes
                0x00000000       0x28
 .ARM.attributes
                0x00000000       0x1e c:/program files (x86)/atmel/studio/7.0/toolchain/arm/arm-gnu-toolchain/bin/../lib/gcc/arm-none-eabi/6.3.1/thumb/v6-m/crti.o
 .ARM.attributes
                0x0000001e       0x2c c:/program files (x86)/atmel/studio/7.0/toolchain/arm/arm-gnu-toolchain/bin/../lib/gcc/arm-none-eabi/6.3.1/thumb/v6-m/crtbegin.o
 .ARM.attributes
                0x0000004a       0x32 src/ASF/sam0/drivers/sercom/sercom.o
 .ARM.attributes
                0x0000007c       0x32 src/SerialConsole/circular_buffer.o
 .ARM.attributes
                0x000000ae       0x32 src/ASF/sam0/drivers/sercom/usart/usart.o
 .ARM.attributes
                0x000000e0       0x32 src/ASF/sam0/drivers/sercom/usart/usart_interrupt.o
 .ARM.attributes
                0x00000112       0x32 src/ASF/sam0/drivers/sercom/sercom_interrupt.o
 .ARM.attributes
                0x00000144       0x32 src/ASF/thirdparty/freertos/freertos-10.0.0/Source/portable/GCC/ARM_CM0/port.o
 .ARM.attributes
                0x00000176       0x32 src/ASF/thirdparty/freertos/freertos-10.0.0/Source/portable/MemMang/heap_1.o
 .ARM.attributes
                0x000001a8       0x32 src/SerialConsole/dUART.o
 .ARM.attributes
                0x000001da       0x32 src/ASF/thirdparty/freertos/freertos-10.0.0/Source/list.o
 .ARM.attributes
                0x0000020c       0x32 src/ASF/thirdparty/freertos/freertos-10.0.0/Source/queue.o
 .ARM.attributes
                0x0000023e       0x32 src/ASF/thirdparty/freertos/freertos-10.0.0/Source/tasks.o
 .ARM.attributes
                0x00000270       0x32 src/ASF/thirdparty/freertos/freertos-10.0.0/Source/timers.o
 .ARM.attributes
                0x000002a2       0x32 src/ASF/common/utils/interrupt/interrupt_sam_nvic.o
 .ARM.attributes
                0x000002d4       0x32 src/ASF/sam0/boards/samw25_xplained_pro/board_init.o
 .ARM.attributes
                0x00000306       0x32 src/ASF/sam0/drivers/port/port.o
 .ARM.attributes
                0x00000338       0x32 src/ASF/sam0/drivers/system/clock/clock_samd21_r21_da_ha1/clock.o
 .ARM.attributes
                0x0000036a       0x32 src/ASF/sam0/drivers/system/clock/clock_samd21_r21_da_ha1/gclk.o
 .ARM.attributes
                0x0000039c       0x32 src/ASF/sam0/drivers/system/pinmux/pinmux.o
 .ARM.attributes
                0x000003ce       0x32 src/ASF/sam0/drivers/system/system.o
 .ARM.attributes
                0x00000400       0x32 src/ASF/sam0/utils/cmsis/samd21/source/gcc/startup_samd21.o
 .ARM.attributes
                0x00000432       0x32 src/ASF/sam0/utils/syscalls/gcc/syscalls.o
 .ARM.attributes
                0x00000464       0x32 src/main.o
 .ARM.attributes
                0x00000496       0x1e c:/program files (x86)/atmel/studio/7.0/toolchain/arm/arm-gnu-toolchain/bin/../lib/gcc/arm-none-eabi/6.3.1/thumb/v6-m\libgcc.a(_udivsi3.o)
 .ARM.attributes
                0x000004b4       0x1e c:/program files (x86)/atmel/studio/7.0/toolchain/arm/arm-gnu-toolchain/bin/../lib/gcc/arm-none-eabi/6.3.1/thumb/v6-m\libgcc.a(_dvmd_tls.o)
 .ARM.attributes
                0x000004d2       0x2c c:/program files (x86)/atmel/studio/7.0/toolchain/arm/arm-gnu-toolchain/bin/../lib/gcc/arm-none-eabi/6.3.1/thumb/v6-m\libgcc.a(_muldi3.o)
 .ARM.attributes
                0x000004fe       0x2c c:/program files (x86)/atmel/studio/7.0/toolchain/arm/arm-gnu-toolchain/bin/../lib/gcc/arm-none-eabi/6.3.1/../../../../arm-none-eabi/lib/thumb/v6-m\libc_nano.a(lib_a-impure.o)
 .ARM.attributes
                0x0000052a       0x2c c:/program files (x86)/atmel/studio/7.0/toolchain/arm/arm-gnu-toolchain/bin/../lib/gcc/arm-none-eabi/6.3.1/../../../../arm-none-eabi/lib/thumb/v6-m\libc_nano.a(lib_a-init.o)
 .ARM.attributes
                0x00000556       0x2c c:/program files (x86)/atmel/studio/7.0/toolchain/arm/arm-gnu-toolchain/bin/../lib/gcc/arm-none-eabi/6.3.1/../../../../arm-none-eabi/lib/thumb/v6-m\libc_nano.a(lib_a-malloc.o)
 .ARM.attributes
                0x00000582       0x2c c:/program files (x86)/atmel/studio/7.0/toolchain/arm/arm-gnu-toolchain/bin/../lib/gcc/arm-none-eabi/6.3.1/../../../../arm-none-eabi/lib/thumb/v6-m\libc_nano.a(lib_a-memcpy-stub.o)
 .ARM.attributes
                0x000005ae       0x2c c:/program files (x86)/atmel/studio/7.0/toolchain/arm/arm-gnu-toolchain/bin/../lib/gcc/arm-none-eabi/6.3.1/../../../../arm-none-eabi/lib/thumb/v6-m\libc_nano.a(lib_a-memset.o)
 .ARM.attributes
                0x000005da       0x2c c:/program files (x86)/atmel/studio/7.0/toolchain/arm/arm-gnu-toolchain/bin/../lib/gcc/arm-none-eabi/6.3.1/../../../../arm-none-eabi/lib/thumb/v6-m\libc_nano.a(lib_a-nano-freer.o)
 .ARM.attributes
                0x00000606       0x2c c:/program files (x86)/atmel/studio/7.0/toolchain/arm/arm-gnu-toolchain/bin/../lib/gcc/arm-none-eabi/6.3.1/../../../../arm-none-eabi/lib/thumb/v6-m\libc_nano.a(lib_a-nano-mallocr.o)
 .ARM.attributes
                0x00000632       0x2c c:/program files (x86)/atmel/studio/7.0/toolchain/arm/arm-gnu-toolchain/bin/../lib/gcc/arm-none-eabi/6.3.1/../../../../arm-none-eabi/lib/thumb/v6-m\libc_nano.a(lib_a-sbrkr.o)
 .ARM.attributes
                0x0000065e       0x2c c:/program files (x86)/atmel/studio/7.0/toolchain/arm/arm-gnu-toolchain/bin/../lib/gcc/arm-none-eabi/6.3.1/../../../../arm-none-eabi/lib/thumb/v6-m\libc_nano.a(lib_a-snprintf.o)
 .ARM.attributes
                0x0000068a       0x1c c:/program files (x86)/atmel/studio/7.0/toolchain/arm/arm-gnu-toolchain/bin/../lib/gcc/arm-none-eabi/6.3.1/../../../../arm-none-eabi/lib/thumb/v6-m\libc_nano.a(lib_a-strlen.o)
 .ARM.attributes
                0x000006a6       0x2c c:/program files (x86)/atmel/studio/7.0/toolchain/arm/arm-gnu-toolchain/bin/../lib/gcc/arm-none-eabi/6.3.1/../../../../arm-none-eabi/lib/thumb/v6-m\libc_nano.a(lib_a-mlock.o)
 .ARM.attributes
                0x000006d2       0x2c c:/program files (x86)/atmel/studio/7.0/toolchain/arm/arm-gnu-toolchain/bin/../lib/gcc/arm-none-eabi/6.3.1/../../../../arm-none-eabi/lib/thumb/v6-m\libc_nano.a(lib_a-nano-svfprintf.o)
 .ARM.attributes
                0x000006fe       0x2c c:/program files (x86)/atmel/studio/7.0/toolchain/arm/arm-gnu-toolchain/bin/../lib/gcc/arm-none-eabi/6.3.1/../../../../arm-none-eabi/lib/thumb/v6-m\libc_nano.a(lib_a-nano-vfprintf_i.o)
 .ARM.attributes
                0x0000072a       0x2c c:/program files (x86)/atmel/studio/7.0/toolchain/arm/arm-gnu-toolchain/bin/../lib/gcc/arm-none-eabi/6.3.1/../../../../arm-none-eabi/lib/thumb/v6-m\libc_nano.a(lib_a-reent.o)
 .ARM.attributes
                0x00000756       0x2c c:/program files (x86)/atmel/studio/7.0/toolchain/arm/arm-gnu-toolchain/bin/../lib/gcc/arm-none-eabi/6.3.1/../../../../arm-none-eabi/lib/thumb/v6-m\libc_nano.a(lib_a-memchr-stub.o)
 .ARM.attributes
                0x00000782       0x2c c:/program files (x86)/atmel/studio/7.0/toolchain/arm/arm-gnu-toolchain/bin/../lib/gcc/arm-none-eabi/6.3.1/../../../../arm-none-eabi/lib/thumb/v6-m\libc_nano.a(lib_a-memmove.o)
 .ARM.attributes
                0x000007ae       0x2c c:/program files (x86)/atmel/studio/7.0/toolchain/arm/arm-gnu-toolchain/bin/../lib/gcc/arm-none-eabi/6.3.1/../../../../arm-none-eabi/lib/thumb/v6-m\libc_nano.a(lib_a-nano-reallocr.o)
 .ARM.attributes
                0x000007da       0x2c c:/program files (x86)/atmel/studio/7.0/toolchain/arm/arm-gnu-toolchain/bin/../lib/gcc/arm-none-eabi/6.3.1/../../../../arm-none-eabi/lib/thumb/v6-m\libc_nano.a(lib_a-nano-msizer.o)
 .ARM.attributes
                0x00000806       0x1e c:/program files (x86)/atmel/studio/7.0/toolchain/arm/arm-gnu-toolchain/bin/../lib/gcc/arm-none-eabi/6.3.1/thumb/v6-m/crtn.o

.comment        0x00000000       0x59
 .comment       0x00000000       0x59 src/ASF/sam0/drivers/sercom/sercom.o
                                 0x5a (size before relaxing)
 .comment       0x00000059       0x5a src/SerialConsole/circular_buffer.o
 .comment       0x00000059       0x5a src/ASF/sam0/drivers/sercom/usart/usart.o
 .comment       0x00000059       0x5a src/ASF/sam0/drivers/sercom/usart/usart_interrupt.o
 .comment       0x00000059       0x5a src/ASF/sam0/drivers/sercom/sercom_interrupt.o
 .comment       0x00000059       0x5a src/ASF/thirdparty/freertos/freertos-10.0.0/Source/portable/GCC/ARM_CM0/port.o
 .comment       0x00000059       0x5a src/ASF/thirdparty/freertos/freertos-10.0.0/Source/portable/MemMang/heap_1.o
 .comment       0x00000059       0x5a src/SerialConsole/dUART.o
 .comment       0x00000059       0x5a src/ASF/thirdparty/freertos/freertos-10.0.0/Source/list.o
 .comment       0x00000059       0x5a src/ASF/thirdparty/freertos/freertos-10.0.0/Source/queue.o
 .comment       0x00000059       0x5a src/ASF/thirdparty/freertos/freertos-10.0.0/Source/tasks.o
 .comment       0x00000059       0x5a src/ASF/thirdparty/freertos/freertos-10.0.0/Source/timers.o
 .comment       0x00000059       0x5a src/ASF/common/utils/interrupt/interrupt_sam_nvic.o
 .comment       0x00000059       0x5a src/ASF/sam0/boards/samw25_xplained_pro/board_init.o
 .comment       0x00000059       0x5a src/ASF/sam0/drivers/port/port.o
 .comment       0x00000059       0x5a src/ASF/sam0/drivers/system/clock/clock_samd21_r21_da_ha1/clock.o
 .comment       0x00000059       0x5a src/ASF/sam0/drivers/system/clock/clock_samd21_r21_da_ha1/gclk.o
 .comment       0x00000059       0x5a src/ASF/sam0/drivers/system/pinmux/pinmux.o
 .comment       0x00000059       0x5a src/ASF/sam0/drivers/system/system.o
 .comment       0x00000059       0x5a src/ASF/sam0/utils/cmsis/samd21/source/gcc/startup_samd21.o
 .comment       0x00000059       0x5a src/ASF/sam0/utils/syscalls/gcc/syscalls.o
 .comment       0x00000059       0x5a src/main.o

.debug_info     0x00000000    0x2a88c
 .debug_info    0x00000000     0x2dd3 src/ASF/sam0/drivers/sercom/sercom.o
 .debug_info    0x00002dd3      0xd6e src/SerialConsole/circular_buffer.o
 .debug_info    0x00003b41     0x499e src/ASF/sam0/drivers/sercom/usart/usart.o
 .debug_info    0x000084df     0x3048 src/ASF/sam0/drivers/sercom/usart/usart_interrupt.o
 .debug_info    0x0000b527     0x2bcf src/ASF/sam0/drivers/sercom/sercom_interrupt.o
 .debug_info    0x0000e0f6      0xd01 src/ASF/thirdparty/freertos/freertos-10.0.0/Source/portable/GCC/ARM_CM0/port.o
 .debug_info    0x0000edf7      0xb8b src/ASF/thirdparty/freertos/freertos-10.0.0/Source/portable/MemMang/heap_1.o
 .debug_info    0x0000f982     0x3977 src/SerialConsole/dUART.o
 .debug_info    0x000132f9      0xc60 src/ASF/thirdparty/freertos/freertos-10.0.0/Source/list.o
 .debug_info    0x00013f59     0x262c src/ASF/thirdparty/freertos/freertos-10.0.0/Source/queue.o
 .debug_info    0x00016585     0x2eb4 src/ASF/thirdparty/freertos/freertos-10.0.0/Source/tasks.o
 .debug_info    0x00019439     0x1979 src/ASF/thirdparty/freertos/freertos-10.0.0/Source/timers.o
 .debug_info    0x0001adb2      0xb05 src/ASF/common/utils/interrupt/interrupt_sam_nvic.o
 .debug_info    0x0001b8b7     0x12ad src/ASF/sam0/boards/samw25_xplained_pro/board_init.o
 .debug_info    0x0001cb64     0x12b6 src/ASF/sam0/drivers/port/port.o
 .debug_info    0x0001de1a     0x39d4 src/ASF/sam0/drivers/system/clock/clock_samd21_r21_da_ha1/clock.o
 .debug_info    0x000217ee     0x1ec7 src/ASF/sam0/drivers/system/clock/clock_samd21_r21_da_ha1/gclk.o
 .debug_info    0x000236b5     0x13f3 src/ASF/sam0/drivers/system/pinmux/pinmux.o
 .debug_info    0x00024aa8      0xa73 src/ASF/sam0/drivers/system/system.o
 .debug_info    0x0002551b     0x3a3f src/ASF/sam0/utils/cmsis/samd21/source/gcc/startup_samd21.o
 .debug_info    0x00028f5a      0xd98 src/ASF/sam0/utils/syscalls/gcc/syscalls.o
 .debug_info    0x00029cf2      0xb9a src/main.o

.debug_abbrev   0x00000000     0x45e4
 .debug_abbrev  0x00000000      0x378 src/ASF/sam0/drivers/sercom/sercom.o
 .debug_abbrev  0x00000378      0x2db src/SerialConsole/circular_buffer.o
 .debug_abbrev  0x00000653      0x467 src/ASF/sam0/drivers/sercom/usart/usart.o
 .debug_abbrev  0x00000aba      0x416 src/ASF/sam0/drivers/sercom/usart/usart_interrupt.o
 .debug_abbrev  0x00000ed0      0x2d8 src/ASF/sam0/drivers/sercom/sercom_interrupt.o
 .debug_abbrev  0x000011a8      0x314 src/ASF/thirdparty/freertos/freertos-10.0.0/Source/portable/GCC/ARM_CM0/port.o
 .debug_abbrev  0x000014bc      0x28f src/ASF/thirdparty/freertos/freertos-10.0.0/Source/portable/MemMang/heap_1.o
 .debug_abbrev  0x0000174b      0x428 src/SerialConsole/dUART.o
 .debug_abbrev  0x00001b73      0x23b src/ASF/thirdparty/freertos/freertos-10.0.0/Source/list.o
 .debug_abbrev  0x00001dae      0x3cc src/ASF/thirdparty/freertos/freertos-10.0.0/Source/queue.o
 .debug_abbrev  0x0000217a      0x432 src/ASF/thirdparty/freertos/freertos-10.0.0/Source/tasks.o
 .debug_abbrev  0x000025ac      0x3ef src/ASF/thirdparty/freertos/freertos-10.0.0/Source/timers.o
 .debug_abbrev  0x0000299b      0x23b src/ASF/common/utils/interrupt/interrupt_sam_nvic.o
 .debug_abbrev  0x00002bd6      0x2dc src/ASF/sam0/boards/samw25_xplained_pro/board_init.o
 .debug_abbrev  0x00002eb2      0x298 src/ASF/sam0/drivers/port/port.o
 .debug_abbrev  0x0000314a      0x493 src/ASF/sam0/drivers/system/clock/clock_samd21_r21_da_ha1/clock.o
 .debug_abbrev  0x000035dd      0x40d src/ASF/sam0/drivers/system/clock/clock_samd21_r21_da_ha1/gclk.o
 .debug_abbrev  0x000039ea      0x361 src/ASF/sam0/drivers/system/pinmux/pinmux.o
 .debug_abbrev  0x00003d4b      0x1e1 src/ASF/sam0/drivers/system/system.o
 .debug_abbrev  0x00003f2c      0x234 src/ASF/sam0/utils/cmsis/samd21/source/gcc/startup_samd21.o
 .debug_abbrev  0x00004160      0x257 src/ASF/sam0/utils/syscalls/gcc/syscalls.o
 .debug_abbrev  0x000043b7      0x22d src/main.o

.debug_loc      0x00000000     0x9271
 .debug_loc     0x00000000      0x9d5 src/ASF/sam0/drivers/sercom/sercom.o
 .debug_loc     0x000009d5      0x387 src/SerialConsole/circular_buffer.o
 .debug_loc     0x00000d5c      0xd40 src/ASF/sam0/drivers/sercom/usart/usart.o
 .debug_loc     0x00001a9c      0x711 src/ASF/sam0/drivers/sercom/usart/usart_interrupt.o
 .debug_loc     0x000021ad      0x161 src/ASF/sam0/drivers/sercom/sercom_interrupt.o
 .debug_loc     0x0000230e      0x133 src/ASF/thirdparty/freertos/freertos-10.0.0/Source/portable/GCC/ARM_CM0/port.o
 .debug_loc     0x00002441       0x74 src/ASF/thirdparty/freertos/freertos-10.0.0/Source/portable/MemMang/heap_1.o
 .debug_loc     0x000024b5      0x302 src/SerialConsole/dUART.o
 .debug_loc     0x000027b7       0x72 src/ASF/thirdparty/freertos/freertos-10.0.0/Source/list.o
 .debug_loc     0x00002829     0x1e0f src/ASF/thirdparty/freertos/freertos-10.0.0/Source/queue.o
 .debug_loc     0x00004638     0x24cf src/ASF/thirdparty/freertos/freertos-10.0.0/Source/tasks.o
 .debug_loc     0x00006b07      0xc1a src/ASF/thirdparty/freertos/freertos-10.0.0/Source/timers.o
 .debug_loc     0x00007721       0x8a src/ASF/sam0/boards/samw25_xplained_pro/board_init.o
 .debug_loc     0x000077ab      0x13d src/ASF/sam0/drivers/port/port.o
 .debug_loc     0x000078e8      0xf7d src/ASF/sam0/drivers/system/clock/clock_samd21_r21_da_ha1/clock.o
 .debug_loc     0x00008865      0x504 src/ASF/sam0/drivers/system/clock/clock_samd21_r21_da_ha1/gclk.o
 .debug_loc     0x00008d69      0x36d src/ASF/sam0/drivers/system/pinmux/pinmux.o
 .debug_loc     0x000090d6       0x20 src/ASF/sam0/drivers/system/system.o
 .debug_loc     0x000090f6       0x40 src/ASF/sam0/utils/cmsis/samd21/source/gcc/startup_samd21.o
 .debug_loc     0x00009136       0xef src/ASF/sam0/utils/syscalls/gcc/syscalls.o
 .debug_loc     0x00009225       0x4c src/main.o

.debug_aranges  0x00000000      0x930
 .debug_aranges
                0x00000000       0x48 src/ASF/sam0/drivers/sercom/sercom.o
 .debug_aranges
                0x00000048       0x70 src/SerialConsole/circular_buffer.o
 .debug_aranges
                0x000000b8       0x40 src/ASF/sam0/drivers/sercom/usart/usart.o
 .debug_aranges
                0x000000f8       0x70 src/ASF/sam0/drivers/sercom/usart/usart_interrupt.o
 .debug_aranges
                0x00000168       0x60 src/ASF/sam0/drivers/sercom/sercom_interrupt.o
 .debug_aranges
                0x000001c8       0x80 src/ASF/thirdparty/freertos/freertos-10.0.0/Source/portable/GCC/ARM_CM0/port.o
 .debug_aranges
                0x00000248       0x38 src/ASF/thirdparty/freertos/freertos-10.0.0/Source/portable/MemMang/heap_1.o
 .debug_aranges
                0x00000280       0x50 src/SerialConsole/dUART.o
 .debug_aranges
                0x000002d0       0x40 src/ASF/thirdparty/freertos/freertos-10.0.0/Source/list.o
 .debug_aranges
                0x00000310      0x128 src/ASF/thirdparty/freertos/freertos-10.0.0/Source/queue.o
 .debug_aranges
                0x00000438      0x1c0 src/ASF/thirdparty/freertos/freertos-10.0.0/Source/tasks.o
 .debug_aranges
                0x000005f8       0x98 src/ASF/thirdparty/freertos/freertos-10.0.0/Source/timers.o
 .debug_aranges
                0x00000690       0x28 src/ASF/common/utils/interrupt/interrupt_sam_nvic.o
 .debug_aranges
                0x000006b8       0x20 src/ASF/sam0/boards/samw25_xplained_pro/board_init.o
 .debug_aranges
                0x000006d8       0x28 src/ASF/sam0/drivers/port/port.o
 .debug_aranges
                0x00000700       0x78 src/ASF/sam0/drivers/system/clock/clock_samd21_r21_da_ha1/clock.o
 .debug_aranges
                0x00000778       0x80 src/ASF/sam0/drivers/system/clock/clock_samd21_r21_da_ha1/gclk.o
 .debug_aranges
                0x000007f8       0x40 src/ASF/sam0/drivers/system/pinmux/pinmux.o
 .debug_aranges
                0x00000838       0x28 src/ASF/sam0/drivers/system/system.o
 .debug_aranges
                0x00000860       0x28 src/ASF/sam0/utils/cmsis/samd21/source/gcc/startup_samd21.o
 .debug_aranges
                0x00000888       0x60 src/ASF/sam0/utils/syscalls/gcc/syscalls.o
 .debug_aranges
                0x000008e8       0x48 src/main.o

.debug_ranges   0x00000000      0xb50
 .debug_ranges  0x00000000       0x50 src/ASF/sam0/drivers/sercom/sercom.o
 .debug_ranges  0x00000050       0x60 src/SerialConsole/circular_buffer.o
 .debug_ranges  0x000000b0      0x140 src/ASF/sam0/drivers/sercom/usart/usart.o
 .debug_ranges  0x000001f0       0x60 src/ASF/sam0/drivers/sercom/usart/usart_interrupt.o
 .debug_ranges  0x00000250       0x50 src/ASF/sam0/drivers/sercom/sercom_interrupt.o
 .debug_ranges  0x000002a0       0x70 src/ASF/thirdparty/freertos/freertos-10.0.0/Source/portable/GCC/ARM_CM0/port.o
 .debug_ranges  0x00000310       0x28 src/ASF/thirdparty/freertos/freertos-10.0.0/Source/portable/MemMang/heap_1.o
 .debug_ranges  0x00000338       0x40 src/SerialConsole/dUART.o
 .debug_ranges  0x00000378       0x30 src/ASF/thirdparty/freertos/freertos-10.0.0/Source/list.o
 .debug_ranges  0x000003a8      0x208 src/ASF/thirdparty/freertos/freertos-10.0.0/Source/queue.o
 .debug_ranges  0x000005b0      0x2c8 src/ASF/thirdparty/freertos/freertos-10.0.0/Source/tasks.o
 .debug_ranges  0x00000878       0xc0 src/ASF/thirdparty/freertos/freertos-10.0.0/Source/timers.o
 .debug_ranges  0x00000938       0x18 src/ASF/common/utils/interrupt/interrupt_sam_nvic.o
 .debug_ranges  0x00000950       0x10 src/ASF/sam0/boards/samw25_xplained_pro/board_init.o
 .debug_ranges  0x00000960       0x18 src/ASF/sam0/drivers/port/port.o
 .debug_ranges  0x00000978       0x68 src/ASF/sam0/drivers/system/clock/clock_samd21_r21_da_ha1/clock.o
 .debug_ranges  0x000009e0       0x88 src/ASF/sam0/drivers/system/clock/clock_samd21_r21_da_ha1/gclk.o
 .debug_ranges  0x00000a68       0x30 src/ASF/sam0/drivers/system/pinmux/pinmux.o
 .debug_ranges  0x00000a98       0x18 src/ASF/sam0/drivers/system/system.o
 .debug_ranges  0x00000ab0       0x18 src/ASF/sam0/utils/cmsis/samd21/source/gcc/startup_samd21.o
 .debug_ranges  0x00000ac8       0x50 src/ASF/sam0/utils/syscalls/gcc/syscalls.o
 .debug_ranges  0x00000b18       0x38 src/main.o

.debug_macro    0x00000000    0x1c2b6
 .debug_macro   0x00000000      0x598 src/ASF/sam0/drivers/sercom/sercom.o
 .debug_macro   0x00000598      0x8bc src/ASF/sam0/drivers/sercom/sercom.o
 .debug_macro   0x00000e54      0x16d src/ASF/sam0/drivers/sercom/sercom.o
 .debug_macro   0x00000fc1      0x71d src/ASF/sam0/drivers/sercom/sercom.o
 .debug_macro   0x000016de       0x22 src/ASF/sam0/drivers/sercom/sercom.o
 .debug_macro   0x00001700       0x87 src/ASF/sam0/drivers/sercom/sercom.o
 .debug_macro   0x00001787       0x51 src/ASF/sam0/drivers/sercom/sercom.o
 .debug_macro   0x000017d8       0xef src/ASF/sam0/drivers/sercom/sercom.o
 .debug_macro   0x000018c7       0x6a src/ASF/sam0/drivers/sercom/sercom.o
 .debug_macro   0x00001931      0x1df src/ASF/sam0/drivers/sercom/sercom.o
 .debug_macro   0x00001b10       0x10 src/ASF/sam0/drivers/sercom/sercom.o
 .debug_macro   0x00001b20       0x76 src/ASF/sam0/drivers/sercom/sercom.o
 .debug_macro   0x00001b96       0x16 src/ASF/sam0/drivers/sercom/sercom.o
 .debug_macro   0x00001bac      0x6db src/ASF/sam0/drivers/sercom/sercom.o
 .debug_macro   0x00002287      0xdd8 src/ASF/sam0/drivers/sercom/sercom.o
 .debug_macro   0x0000305f       0x22 src/ASF/sam0/drivers/sercom/sercom.o
 .debug_macro   0x00003081       0x40 src/ASF/sam0/drivers/sercom/sercom.o
 .debug_macro   0x000030c1       0x1c src/ASF/sam0/drivers/sercom/sercom.o
 .debug_macro   0x000030dd       0x22 src/ASF/sam0/drivers/sercom/sercom.o
 .debug_macro   0x000030ff       0xb5 src/ASF/sam0/drivers/sercom/sercom.o
 .debug_macro   0x000031b4      0x3ad src/ASF/sam0/drivers/sercom/sercom.o
 .debug_macro   0x00003561      0x681 src/ASF/sam0/drivers/sercom/sercom.o
 .debug_macro   0x00003be2      0x8b5 src/ASF/sam0/drivers/sercom/sercom.o
 .debug_macro   0x00004497      0x230 src/ASF/sam0/drivers/sercom/sercom.o
 .debug_macro   0x000046c7      0xd60 src/ASF/sam0/drivers/sercom/sercom.o
 .debug_macro   0x00005427      0x4cb src/ASF/sam0/drivers/sercom/sercom.o
 .debug_macro   0x000058f2      0x9f8 src/ASF/sam0/drivers/sercom/sercom.o
 .debug_macro   0x000062ea      0x82b src/ASF/sam0/drivers/sercom/sercom.o
 .debug_macro   0x00006b15      0x455 src/ASF/sam0/drivers/sercom/sercom.o
 .debug_macro   0x00006f6a       0x5e src/ASF/sam0/drivers/sercom/sercom.o
 .debug_macro   0x00006fc8      0x8fd src/ASF/sam0/drivers/sercom/sercom.o
 .debug_macro   0x000078c5      0x21c src/ASF/sam0/drivers/sercom/sercom.o
 .debug_macro   0x00007ae1      0x95b src/ASF/sam0/drivers/sercom/sercom.o
 .debug_macro   0x0000843c       0x5e src/ASF/sam0/drivers/sercom/sercom.o
 .debug_macro   0x0000849a      0x667 src/ASF/sam0/drivers/sercom/sercom.o
 .debug_macro   0x00008b01      0x3af src/ASF/sam0/drivers/sercom/sercom.o
 .debug_macro   0x00008eb0      0xc7a src/ASF/sam0/drivers/sercom/sercom.o
 .debug_macro   0x00009b2a     0x1092 src/ASF/sam0/drivers/sercom/sercom.o
 .debug_macro   0x0000abbc      0xc4a src/ASF/sam0/drivers/sercom/sercom.o
 .debug_macro   0x0000b806      0x6ba src/ASF/sam0/drivers/sercom/sercom.o
 .debug_macro   0x0000bec0     0x1bbf src/ASF/sam0/drivers/sercom/sercom.o
 .debug_macro   0x0000da7f     0x1440 src/ASF/sam0/drivers/sercom/sercom.o
 .debug_macro   0x0000eebf      0x344 src/ASF/sam0/drivers/sercom/sercom.o
 .debug_macro   0x0000f203       0x7c src/ASF/sam0/drivers/sercom/sercom.o
 .debug_macro   0x0000f27f       0xa0 src/ASF/sam0/drivers/sercom/sercom.o
 .debug_macro   0x0000f31f       0x4c src/ASF/sam0/drivers/sercom/sercom.o
 .debug_macro   0x0000f36b       0xca src/ASF/sam0/drivers/sercom/sercom.o
 .debug_macro   0x0000f435       0x94 src/ASF/sam0/drivers/sercom/sercom.o
 .debug_macro   0x0000f4c9       0x58 src/ASF/sam0/drivers/sercom/sercom.o
 .debug_macro   0x0000f521      0x37d src/ASF/sam0/drivers/sercom/sercom.o
 .debug_macro   0x0000f89e       0x82 src/ASF/sam0/drivers/sercom/sercom.o
 .debug_macro   0x0000f920      0x18d src/ASF/sam0/drivers/sercom/sercom.o
 .debug_macro   0x0000faad       0xb8 src/ASF/sam0/drivers/sercom/sercom.o
 .debug_macro   0x0000fb65       0xa0 src/ASF/sam0/drivers/sercom/sercom.o
 .debug_macro   0x0000fc05       0xb8 src/ASF/sam0/drivers/sercom/sercom.o
 .debug_macro   0x0000fcbd       0x1c src/ASF/sam0/drivers/sercom/sercom.o
 .debug_macro   0x0000fcd9       0x1c src/ASF/sam0/drivers/sercom/sercom.o
 .debug_macro   0x0000fcf5       0x1c src/ASF/sam0/drivers/sercom/sercom.o
 .debug_macro   0x0000fd11       0x82 src/ASF/sam0/drivers/sercom/sercom.o
 .debug_macro   0x0000fd93      0x15a src/ASF/sam0/drivers/sercom/sercom.o
 .debug_macro   0x0000feed       0xdc src/ASF/sam0/drivers/sercom/sercom.o
 .debug_macro   0x0000ffc9      0x128 src/ASF/sam0/drivers/sercom/sercom.o
 .debug_macro   0x000100f1      0x128 src/ASF/sam0/drivers/sercom/sercom.o
 .debug_macro   0x00010219      0x128 src/ASF/sam0/drivers/sercom/sercom.o
 .debug_macro   0x00010341      0x128 src/ASF/sam0/drivers/sercom/sercom.o
 .debug_macro   0x00010469      0x128 src/ASF/sam0/drivers/sercom/sercom.o
 .debug_macro   0x00010591      0x128 src/ASF/sam0/drivers/sercom/sercom.o
 .debug_macro   0x000106b9      0x124 src/ASF/sam0/drivers/sercom/sercom.o
 .debug_macro   0x000107dd       0xe2 src/ASF/sam0/drivers/sercom/sercom.o
 .debug_macro   0x000108bf       0xe2 src/ASF/sam0/drivers/sercom/sercom.o
 .debug_macro   0x000109a1       0xe2 src/ASF/sam0/drivers/sercom/sercom.o
 .debug_macro   0x00010a83      0x130 src/ASF/sam0/drivers/sercom/sercom.o
 .debug_macro   0x00010bb3      0x106 src/ASF/sam0/drivers/sercom/sercom.o
 .debug_macro   0x00010cb9       0xfa src/ASF/sam0/drivers/sercom/sercom.o
 .debug_macro   0x00010db3      0x40f src/ASF/sam0/drivers/sercom/sercom.o
 .debug_macro   0x000111c2       0x40 src/ASF/sam0/drivers/sercom/sercom.o
 .debug_macro   0x00011202      0x361 src/ASF/sam0/drivers/sercom/sercom.o
 .debug_macro   0x00011563     0x16e3 src/ASF/sam0/drivers/sercom/sercom.o
 .debug_macro   0x00012c46       0x6d src/ASF/sam0/drivers/sercom/sercom.o
 .debug_macro   0x00012cb3       0x58 src/ASF/sam0/drivers/sercom/sercom.o
 .debug_macro   0x00012d0b       0x35 src/ASF/sam0/drivers/sercom/sercom.o
 .debug_macro   0x00012d40       0x9c src/ASF/sam0/drivers/sercom/sercom.o
 .debug_macro   0x00012ddc       0x16 src/ASF/sam0/drivers/sercom/sercom.o
 .debug_macro   0x00012df2       0x35 src/ASF/sam0/drivers/sercom/sercom.o
 .debug_macro   0x00012e27      0x34d src/ASF/sam0/drivers/sercom/sercom.o
 .debug_macro   0x00013174       0x10 src/ASF/sam0/drivers/sercom/sercom.o
 .debug_macro   0x00013184       0x58 src/ASF/sam0/drivers/sercom/sercom.o
 .debug_macro   0x000131dc       0x1f src/ASF/sam0/drivers/sercom/sercom.o
 .debug_macro   0x000131fb       0x43 src/ASF/sam0/drivers/sercom/sercom.o
 .debug_macro   0x0001323e       0x20 src/ASF/sam0/drivers/sercom/sercom.o
 .debug_macro   0x0001325e      0x187 src/ASF/sam0/drivers/sercom/sercom.o
 .debug_macro   0x000133e5       0x10 src/ASF/sam0/drivers/sercom/sercom.o
 .debug_macro   0x000133f5       0x1c src/ASF/sam0/drivers/sercom/sercom.o
 .debug_macro   0x00013411       0x52 src/ASF/sam0/drivers/sercom/sercom.o
 .debug_macro   0x00013463       0x40 src/ASF/sam0/drivers/sercom/sercom.o
 .debug_macro   0x000134a3       0x10 src/ASF/sam0/drivers/sercom/sercom.o
 .debug_macro   0x000134b3       0x40 src/ASF/sam0/drivers/sercom/sercom.o
 .debug_macro   0x000134f3       0xd7 src/ASF/sam0/drivers/sercom/sercom.o
 .debug_macro   0x000135ca       0x16 src/ASF/sam0/drivers/sercom/sercom.o
 .debug_macro   0x000135e0      0x18b src/ASF/sam0/drivers/sercom/sercom.o
 .debug_macro   0x0001376b       0x16 src/ASF/sam0/drivers/sercom/sercom.o
 .debug_macro   0x00013781       0x16 src/ASF/sam0/drivers/sercom/sercom.o
 .debug_macro   0x00013797       0x29 src/ASF/sam0/drivers/sercom/sercom.o
 .debug_macro   0x000137c0       0x51 src/ASF/sam0/drivers/sercom/sercom.o
 .debug_macro   0x00013811       0x3e src/ASF/sam0/drivers/sercom/sercom.o
 .debug_macro   0x0001384f      0x3df src/ASF/sam0/drivers/sercom/sercom.o
 .debug_macro   0x00013c2e       0x11 src/ASF/sam0/drivers/sercom/sercom.o
 .debug_macro   0x00013c3f       0x18 src/ASF/sam0/drivers/sercom/sercom.o
 .debug_macro   0x00013c57       0x16 src/ASF/sam0/drivers/sercom/sercom.o
 .debug_macro   0x00013c6d       0x2e src/ASF/sam0/drivers/sercom/sercom.o
 .debug_macro   0x00013c9b       0xb2 src/ASF/sam0/drivers/sercom/sercom.o
 .debug_macro   0x00013d4d       0x10 src/ASF/sam0/drivers/sercom/sercom.o
 .debug_macro   0x00013d5d      0x142 src/SerialConsole/circular_buffer.o
 .debug_macro   0x00013e9f       0x52 src/SerialConsole/circular_buffer.o
 .debug_macro   0x00013ef1       0x8d src/SerialConsole/circular_buffer.o
 .debug_macro   0x00013f7e      0x10e src/SerialConsole/circular_buffer.o
 .debug_macro   0x0001408c       0x86 src/SerialConsole/circular_buffer.o
 .debug_macro   0x00014112       0x57 src/SerialConsole/circular_buffer.o
 .debug_macro   0x00014169      0x353 src/SerialConsole/circular_buffer.o
 .debug_macro   0x000144bc       0x16 src/SerialConsole/circular_buffer.o
 .debug_macro   0x000144d2      0x5a9 src/ASF/sam0/drivers/sercom/usart/usart.o
 .debug_macro   0x00014a7b       0x51 src/ASF/sam0/drivers/sercom/usart/usart.o
 .debug_macro   0x00014acc      0x5a9 src/ASF/sam0/drivers/sercom/usart/usart_interrupt.o
 .debug_macro   0x00015075      0x595 src/ASF/sam0/drivers/sercom/sercom_interrupt.o
 .debug_macro   0x0001560a      0x5d1 src/ASF/thirdparty/freertos/freertos-10.0.0/Source/portable/GCC/ARM_CM0/port.o
 .debug_macro   0x00015bdb      0x583 src/ASF/thirdparty/freertos/freertos-10.0.0/Source/portable/MemMang/heap_1.o
 .debug_macro   0x0001615e      0x74f src/SerialConsole/dUART.o
 .debug_macro   0x000168ad       0x10 src/SerialConsole/dUART.o
 .debug_macro   0x000168bd       0x18 src/SerialConsole/dUART.o
 .debug_macro   0x000168d5       0x5f src/SerialConsole/dUART.o
 .debug_macro   0x00016934       0x86 src/SerialConsole/dUART.o
 .debug_macro   0x000169ba       0x7e src/SerialConsole/dUART.o
 .debug_macro   0x00016a38      0x2df src/SerialConsole/dUART.o
 .debug_macro   0x00016d17      0x6ce src/SerialConsole/dUART.o
 .debug_macro   0x000173e5       0x12 src/SerialConsole/dUART.o
 .debug_macro   0x000173f7       0x57 src/SerialConsole/dUART.o
 .debug_macro   0x0001744e       0x16 src/SerialConsole/dUART.o
 .debug_macro   0x00017464      0x562 src/ASF/thirdparty/freertos/freertos-10.0.0/Source/list.o
 .debug_macro   0x000179c6      0x5de src/ASF/thirdparty/freertos/freertos-10.0.0/Source/queue.o
 .debug_macro   0x00017fa4      0x64d src/ASF/thirdparty/freertos/freertos-10.0.0/Source/tasks.o
 .debug_macro   0x000185f1       0x10 src/ASF/thirdparty/freertos/freertos-10.0.0/Source/tasks.o
 .debug_macro   0x00018601      0x5a5 src/ASF/thirdparty/freertos/freertos-10.0.0/Source/timers.o
 .debug_macro   0x00018ba6      0x50b src/ASF/common/utils/interrupt/interrupt_sam_nvic.o
 .debug_macro   0x000190b1      0x547 src/ASF/sam0/boards/samw25_xplained_pro/board_init.o
 .debug_macro   0x000195f8      0x525 src/ASF/sam0/drivers/port/port.o
 .debug_macro   0x00019b1d      0x58a src/ASF/sam0/drivers/system/clock/clock_samd21_r21_da_ha1/clock.o
 .debug_macro   0x0001a0a7      0x291 src/ASF/sam0/drivers/system/clock/clock_samd21_r21_da_ha1/clock.o
 .debug_macro   0x0001a338      0x541 src/ASF/sam0/drivers/system/clock/clock_samd21_r21_da_ha1/gclk.o
 .debug_macro   0x0001a879      0x51b src/ASF/sam0/drivers/system/pinmux/pinmux.o
 .debug_macro   0x0001ad94       0x12 src/ASF/sam0/drivers/system/pinmux/pinmux.o
 .debug_macro   0x0001ada6      0x54e src/ASF/sam0/drivers/system/system.o
 .debug_macro   0x0001b2f4      0x2f2 src/ASF/sam0/utils/cmsis/samd21/source/gcc/startup_samd21.o
 .debug_macro   0x0001b5e6       0x3a src/ASF/sam0/utils/cmsis/samd21/source/gcc/startup_samd21.o
 .debug_macro   0x0001b620      0x1d6 src/ASF/sam0/utils/syscalls/gcc/syscalls.o
 .debug_macro   0x0001b7f6       0x97 src/ASF/sam0/utils/syscalls/gcc/syscalls.o
 .debug_macro   0x0001b88d       0xf6 src/ASF/sam0/utils/syscalls/gcc/syscalls.o
 .debug_macro   0x0001b983       0x4c src/ASF/sam0/utils/syscalls/gcc/syscalls.o
 .debug_macro   0x0001b9cf       0x16 src/ASF/sam0/utils/syscalls/gcc/syscalls.o
 .debug_macro   0x0001b9e5       0x10 src/ASF/sam0/utils/syscalls/gcc/syscalls.o
 .debug_macro   0x0001b9f5       0x10 src/ASF/sam0/utils/syscalls/gcc/syscalls.o
 .debug_macro   0x0001ba05       0x35 src/ASF/sam0/utils/syscalls/gcc/syscalls.o
 .debug_macro   0x0001ba3a      0x122 src/ASF/sam0/utils/syscalls/gcc/syscalls.o
 .debug_macro   0x0001bb5c      0x73e src/main.o
 .debug_macro   0x0001c29a       0x1c src/main.o

.debug_line     0x00000000     0xf6e9
 .debug_line    0x00000000      0xbde src/ASF/sam0/drivers/sercom/sercom.o
 .debug_line    0x00000bde      0x417 src/SerialConsole/circular_buffer.o
 .debug_line    0x00000ff5      0xd15 src/ASF/sam0/drivers/sercom/usart/usart.o
 .debug_line    0x00001d0a      0xcd8 src/ASF/sam0/drivers/sercom/usart/usart_interrupt.o
 .debug_line    0x000029e2      0xb82 src/ASF/sam0/drivers/sercom/sercom_interrupt.o
 .debug_line    0x00003564      0xaea src/ASF/thirdparty/freertos/freertos-10.0.0/Source/portable/GCC/ARM_CM0/port.o
 .debug_line    0x0000404e      0xa73 src/ASF/thirdparty/freertos/freertos-10.0.0/Source/portable/MemMang/heap_1.o
 .debug_line    0x00004ac1      0xefa src/SerialConsole/dUART.o
 .debug_line    0x000059bb      0xa74 src/ASF/thirdparty/freertos/freertos-10.0.0/Source/list.o
 .debug_line    0x0000642f     0x1118 src/ASF/thirdparty/freertos/freertos-10.0.0/Source/queue.o
 .debug_line    0x00007547     0x14cf src/ASF/thirdparty/freertos/freertos-10.0.0/Source/tasks.o
 .debug_line    0x00008a16      0xc47 src/ASF/thirdparty/freertos/freertos-10.0.0/Source/timers.o
 .debug_line    0x0000965d      0x8d3 src/ASF/common/utils/interrupt/interrupt_sam_nvic.o
 .debug_line    0x00009f30      0x97e src/ASF/sam0/boards/samw25_xplained_pro/board_init.o
 .debug_line    0x0000a8ae      0x905 src/ASF/sam0/drivers/port/port.o
 .debug_line    0x0000b1b3      0xcc8 src/ASF/sam0/drivers/system/clock/clock_samd21_r21_da_ha1/clock.o
 .debug_line    0x0000be7b      0xc81 src/ASF/sam0/drivers/system/clock/clock_samd21_r21_da_ha1/gclk.o
 .debug_line    0x0000cafc      0x952 src/ASF/sam0/drivers/system/pinmux/pinmux.o
 .debug_line    0x0000d44e      0x9fc src/ASF/sam0/drivers/system/system.o
 .debug_line    0x0000de4a      0x657 src/ASF/sam0/utils/cmsis/samd21/source/gcc/startup_samd21.o
 .debug_line    0x0000e4a1      0x409 src/ASF/sam0/utils/syscalls/gcc/syscalls.o
 .debug_line    0x0000e8aa      0xe3f src/main.o

.debug_str      0x00000000    0x92bbc
 .debug_str     0x00000000    0x819d1 src/ASF/sam0/drivers/sercom/sercom.o
                              0x8238d (size before relaxing)
 .debug_str     0x000819d1      0x1e8 src/SerialConsole/circular_buffer.o
                               0x671b (size before relaxing)
 .debug_str     0x00081bb9     0x10fa src/ASF/sam0/drivers/sercom/usart/usart.o
                              0x83158 (size before relaxing)
 .debug_str     0x00082cb3      0x216 src/ASF/sam0/drivers/sercom/usart/usart_interrupt.o
                              0x8239e (size before relaxing)
 .debug_str     0x00082ec9      0x510 src/ASF/sam0/drivers/sercom/sercom_interrupt.o
                              0x821f0 (size before relaxing)
 .debug_str     0x000833d9     0x3c33 src/ASF/thirdparty/freertos/freertos-10.0.0/Source/portable/GCC/ARM_CM0/port.o
                              0x8496b (size before relaxing)
 .debug_str     0x0008700c      0x198 src/ASF/thirdparty/freertos/freertos-10.0.0/Source/portable/MemMang/heap_1.o
                              0x845b8 (size before relaxing)
 .debug_str     0x000871a4     0x51fb src/SerialConsole/dUART.o
                              0x8b866 (size before relaxing)
 .debug_str     0x0008c39f      0x153 src/ASF/thirdparty/freertos/freertos-10.0.0/Source/list.o
                              0x83fd7 (size before relaxing)
 .debug_str     0x0008c4f2      0x94c src/ASF/thirdparty/freertos/freertos-10.0.0/Source/queue.o
                              0x8572e (size before relaxing)
 .debug_str     0x0008ce3e     0x1236 src/ASF/thirdparty/freertos/freertos-10.0.0/Source/tasks.o
                              0x863f1 (size before relaxing)
 .debug_str     0x0008e074      0x495 src/ASF/thirdparty/freertos/freertos-10.0.0/Source/timers.o
                              0x85a96 (size before relaxing)
 .debug_str     0x0008e509       0x66 src/ASF/common/utils/interrupt/interrupt_sam_nvic.o
                              0x80cac (size before relaxing)
 .debug_str     0x0008e56f      0x301 src/ASF/sam0/boards/samw25_xplained_pro/board_init.o
                              0x8386a (size before relaxing)
 .debug_str     0x0008e870       0x5e src/ASF/sam0/drivers/port/port.o
                              0x810d8 (size before relaxing)
 .debug_str     0x0008e8ce     0x2862 src/ASF/sam0/drivers/system/clock/clock_samd21_r21_da_ha1/clock.o
                              0x83f03 (size before relaxing)
 .debug_str     0x00091130      0x1e3 src/ASF/sam0/drivers/system/clock/clock_samd21_r21_da_ha1/gclk.o
                              0x8196f (size before relaxing)
 .debug_str     0x00091313      0x179 src/ASF/sam0/drivers/system/pinmux/pinmux.o
                              0x8114e (size before relaxing)
 .debug_str     0x0009148c       0x47 src/ASF/sam0/drivers/system/system.o
                              0x80d89 (size before relaxing)
 .debug_str     0x000914d3      0xf21 src/ASF/sam0/utils/cmsis/samd21/source/gcc/startup_samd21.o
                              0x6bd3c (size before relaxing)
 .debug_str     0x000923f4      0x75b src/ASF/sam0/utils/syscalls/gcc/syscalls.o
                               0x7396 (size before relaxing)
 .debug_str     0x00092b4f       0x6d src/main.o
                              0x89daa (size before relaxing)

.debug_frame    0x00000000     0x1a9c
 .debug_frame   0x00000000       0xbc src/ASF/sam0/drivers/sercom/sercom.o
 .debug_frame   0x000000bc       0xf8 src/SerialConsole/circular_buffer.o
 .debug_frame   0x000001b4       0xac src/ASF/sam0/drivers/sercom/usart/usart.o
 .debug_frame   0x00000260      0x110 src/ASF/sam0/drivers/sercom/usart/usart_interrupt.o
 .debug_frame   0x00000370       0xe8 src/ASF/sam0/drivers/sercom/sercom_interrupt.o
 .debug_frame   0x00000458      0x100 src/ASF/thirdparty/freertos/freertos-10.0.0/Source/portable/GCC/ARM_CM0/port.o
 .debug_frame   0x00000558       0x5c src/ASF/thirdparty/freertos/freertos-10.0.0/Source/portable/MemMang/heap_1.o
 .debug_frame   0x000005b4       0xd4 src/SerialConsole/dUART.o
 .debug_frame   0x00000688       0x6c src/ASF/thirdparty/freertos/freertos-10.0.0/Source/list.o
 .debug_frame   0x000006f4      0x398 src/ASF/thirdparty/freertos/freertos-10.0.0/Source/queue.o
 .debug_frame   0x00000a8c      0x554 src/ASF/thirdparty/freertos/freertos-10.0.0/Source/tasks.o
 .debug_frame   0x00000fe0      0x198 src/ASF/thirdparty/freertos/freertos-10.0.0/Source/timers.o
 .debug_frame   0x00001178       0x30 src/ASF/common/utils/interrupt/interrupt_sam_nvic.o
 .debug_frame   0x000011a8       0x30 src/ASF/sam0/boards/samw25_xplained_pro/board_init.o
 .debug_frame   0x000011d8       0x44 src/ASF/sam0/drivers/port/port.o
 .debug_frame   0x0000121c      0x150 src/ASF/sam0/drivers/system/clock/clock_samd21_r21_da_ha1/clock.o
 .debug_frame   0x0000136c      0x148 src/ASF/sam0/drivers/system/clock/clock_samd21_r21_da_ha1/gclk.o
 .debug_frame   0x000014b4       0x98 src/ASF/sam0/drivers/system/pinmux/pinmux.o
 .debug_frame   0x0000154c       0x38 src/ASF/sam0/drivers/system/system.o
 .debug_frame   0x00001584       0x40 src/ASF/sam0/utils/cmsis/samd21/source/gcc/startup_samd21.o
 .debug_frame   0x000015c4       0xa0 src/ASF/sam0/utils/syscalls/gcc/syscalls.o
 .debug_frame   0x00001664       0x84 src/main.o
 .debug_frame   0x000016e8       0x20 c:/program files (x86)/atmel/studio/7.0/toolchain/arm/arm-gnu-toolchain/bin/../lib/gcc/arm-none-eabi/6.3.1/thumb/v6-m\libgcc.a(_udivsi3.o)
 .debug_frame   0x00001708       0x34 c:/program files (x86)/atmel/studio/7.0/toolchain/arm/arm-gnu-toolchain/bin/../lib/gcc/arm-none-eabi/6.3.1/thumb/v6-m\libgcc.a(_muldi3.o)
 .debug_frame   0x0000173c       0x2c c:/program files (x86)/atmel/studio/7.0/toolchain/arm/arm-gnu-toolchain/bin/../lib/gcc/arm-none-eabi/6.3.1/../../../../arm-none-eabi/lib/thumb/v6-m\libc_nano.a(lib_a-init.o)
 .debug_frame   0x00001768       0x40 c:/program files (x86)/atmel/studio/7.0/toolchain/arm/arm-gnu-toolchain/bin/../lib/gcc/arm-none-eabi/6.3.1/../../../../arm-none-eabi/lib/thumb/v6-m\libc_nano.a(lib_a-malloc.o)
 .debug_frame   0x000017a8       0x28 c:/program files (x86)/atmel/studio/7.0/toolchain/arm/arm-gnu-toolchain/bin/../lib/gcc/arm-none-eabi/6.3.1/../../../../arm-none-eabi/lib/thumb/v6-m\libc_nano.a(lib_a-memcpy-stub.o)
 .debug_frame   0x000017d0       0x20 c:/program files (x86)/atmel/studio/7.0/toolchain/arm/arm-gnu-toolchain/bin/../lib/gcc/arm-none-eabi/6.3.1/../../../../arm-none-eabi/lib/thumb/v6-m\libc_nano.a(lib_a-memset.o)
 .debug_frame   0x000017f0       0x2c c:/program files (x86)/atmel/studio/7.0/toolchain/arm/arm-gnu-toolchain/bin/../lib/gcc/arm-none-eabi/6.3.1/../../../../arm-none-eabi/lib/thumb/v6-m\libc_nano.a(lib_a-nano-freer.o)
 .debug_frame   0x0000181c       0x2c c:/program files (x86)/atmel/studio/7.0/toolchain/arm/arm-gnu-toolchain/bin/../lib/gcc/arm-none-eabi/6.3.1/../../../../arm-none-eabi/lib/thumb/v6-m\libc_nano.a(lib_a-nano-mallocr.o)
 .debug_frame   0x00001848       0x2c c:/program files (x86)/atmel/studio/7.0/toolchain/arm/arm-gnu-toolchain/bin/../lib/gcc/arm-none-eabi/6.3.1/../../../../arm-none-eabi/lib/thumb/v6-m\libc_nano.a(lib_a-sbrkr.o)
 .debug_frame   0x00001874       0x50 c:/program files (x86)/atmel/studio/7.0/toolchain/arm/arm-gnu-toolchain/bin/../lib/gcc/arm-none-eabi/6.3.1/../../../../arm-none-eabi/lib/thumb/v6-m\libc_nano.a(lib_a-snprintf.o)
 .debug_frame   0x000018c4       0x30 c:/program files (x86)/atmel/studio/7.0/toolchain/arm/arm-gnu-toolchain/bin/../lib/gcc/arm-none-eabi/6.3.1/../../../../arm-none-eabi/lib/thumb/v6-m\libc_nano.a(lib_a-mlock.o)
 .debug_frame   0x000018f4       0x74 c:/program files (x86)/atmel/studio/7.0/toolchain/arm/arm-gnu-toolchain/bin/../lib/gcc/arm-none-eabi/6.3.1/../../../../arm-none-eabi/lib/thumb/v6-m\libc_nano.a(lib_a-nano-svfprintf.o)
 .debug_frame   0x00001968       0x54 c:/program files (x86)/atmel/studio/7.0/toolchain/arm/arm-gnu-toolchain/bin/../lib/gcc/arm-none-eabi/6.3.1/../../../../arm-none-eabi/lib/thumb/v6-m\libc_nano.a(lib_a-nano-vfprintf_i.o)
 .debug_frame   0x000019bc       0x48 c:/program files (x86)/atmel/studio/7.0/toolchain/arm/arm-gnu-toolchain/bin/../lib/gcc/arm-none-eabi/6.3.1/../../../../arm-none-eabi/lib/thumb/v6-m\libc_nano.a(lib_a-reent.o)
 .debug_frame   0x00001a04       0x20 c:/program files (x86)/atmel/studio/7.0/toolchain/arm/arm-gnu-toolchain/bin/../lib/gcc/arm-none-eabi/6.3.1/../../../../arm-none-eabi/lib/thumb/v6-m\libc_nano.a(lib_a-memchr-stub.o)
 .debug_frame   0x00001a24       0x28 c:/program files (x86)/atmel/studio/7.0/toolchain/arm/arm-gnu-toolchain/bin/../lib/gcc/arm-none-eabi/6.3.1/../../../../arm-none-eabi/lib/thumb/v6-m\libc_nano.a(lib_a-memmove.o)
 .debug_frame   0x00001a4c       0x30 c:/program files (x86)/atmel/studio/7.0/toolchain/arm/arm-gnu-toolchain/bin/../lib/gcc/arm-none-eabi/6.3.1/../../../../arm-none-eabi/lib/thumb/v6-m\libc_nano.a(lib_a-nano-reallocr.o)
 .debug_frame   0x00001a7c       0x20 c:/program files (x86)/atmel/studio/7.0/toolchain/arm/arm-gnu-toolchain/bin/../lib/gcc/arm-none-eabi/6.3.1/../../../../arm-none-eabi/lib/thumb/v6-m\libc_nano.a(lib_a-nano-msizer.o)

Cross Reference Table

Symbol                                            File
AC_Handler                                        src/ASF/sam0/utils/cmsis/samd21/source/gcc/startup_samd21.o
ADC_Handler                                       src/ASF/sam0/utils/cmsis/samd21/source/gcc/startup_samd21.o
CreateTasks                                       src/main.o
DAC_Handler                                       src/ASF/sam0/utils/cmsis/samd21/source/gcc/startup_samd21.o
DMAC_Handler                                      src/ASF/sam0/utils/cmsis/samd21/source/gcc/startup_samd21.o
Dummy_Handler                                     src/ASF/sam0/utils/cmsis/samd21/source/gcc/startup_samd21.o
EIC_Handler                                       src/ASF/sam0/utils/cmsis/samd21/source/gcc/startup_samd21.o
EVSYS_Handler                                     src/ASF/sam0/utils/cmsis/samd21/source/gcc/startup_samd21.o
HardFault_Handler                                 src/ASF/sam0/utils/cmsis/samd21/source/gcc/startup_samd21.o
I2S_Handler                                       src/ASF/sam0/utils/cmsis/samd21/source/gcc/startup_samd21.o
MsgQueue                                          src/SerialConsole/dUART.o
NMI_Handler                                       src/ASF/sam0/utils/cmsis/samd21/source/gcc/startup_samd21.o
NVMCTRL_Handler                                   src/ASF/sam0/utils/cmsis/samd21/source/gcc/startup_samd21.o
PM_Handler                                        src/ASF/sam0/utils/cmsis/samd21/source/gcc/startup_samd21.o
PTC_Handler                                       src/ASF/sam0/utils/cmsis/samd21/source/gcc/startup_samd21.o
PendSV_Handler                                    src/ASF/thirdparty/freertos/freertos-10.0.0/Source/portable/GCC/ARM_CM0/port.o
RTC_Handler                                       src/ASF/sam0/utils/cmsis/samd21/source/gcc/startup_samd21.o
Reset_Handler                                     src/ASF/sam0/utils/cmsis/samd21/source/gcc/startup_samd21.o
SERCOM0_Handler                                   src/ASF/sam0/drivers/sercom/sercom_interrupt.o
SERCOM1_Handler                                   src/ASF/sam0/drivers/sercom/sercom_interrupt.o
SERCOM2_Handler                                   src/ASF/sam0/drivers/sercom/sercom_interrupt.o
SERCOM3_Handler                                   src/ASF/sam0/drivers/sercom/sercom_interrupt.o
SERCOM4_Handler                                   src/ASF/sam0/drivers/sercom/sercom_interrupt.o
SERCOM5_Handler                                   src/ASF/sam0/drivers/sercom/sercom_interrupt.o
SVC_Handler                                       src/ASF/thirdparty/freertos/freertos-10.0.0/Source/portable/GCC/ARM_CM0/port.o
SYSCTRL_Handler                                   src/ASF/sam0/utils/cmsis/samd21/source/gcc/startup_samd21.o
SysTick_Handler                                   src/ASF/thirdparty/freertos/freertos-10.0.0/Source/portable/GCC/ARM_CM0/port.o
SystemCoreClock                                   src/ASF/sam0/utils/cmsis/samd21/source/system_samd21.o
SystemCoreClockUpdate                             src/ASF/sam0/utils/cmsis/samd21/source/system_samd21.o
SystemInit                                        src/ASF/sam0/utils/cmsis/samd21/source/system_samd21.o
TC3_Handler                                       src/ASF/sam0/utils/cmsis/samd21/source/gcc/startup_samd21.o
TC4_Handler                                       src/ASF/sam0/utils/cmsis/samd21/source/gcc/startup_samd21.o
TC5_Handler                                       src/ASF/sam0/utils/cmsis/samd21/source/gcc/startup_samd21.o
TCC0_Handler                                      src/ASF/sam0/utils/cmsis/samd21/source/gcc/startup_samd21.o
TCC1_Handler                                      src/ASF/sam0/utils/cmsis/samd21/source/gcc/startup_samd21.o
TCC2_Handler                                      src/ASF/sam0/utils/cmsis/samd21/source/gcc/startup_samd21.o
USB_Handler                                       src/ASF/sam0/utils/cmsis/samd21/source/gcc/startup_samd21.o
WDT_Handler                                       src/ASF/sam0/utils/cmsis/samd21/source/gcc/startup_samd21.o